#2026 06 09 17:15:51.147#Z#DEBUG#baf41888-6426-11f1-957b-eeee0a88a796.syzygy-launchpad-ai#flowable-async-job-executor-thread-1259#
[PollStageAppStatusExecution] 625f8711-39c4-4d66-8aa7-a8dd6879d582 [2026-06-09T17:15:13.557785] Added process: "web" (STDOUT, API)#
#2026 06 09 17:15:51.147#Z#DEBUG#baf41888-6426-11f1-957b-eeee0a88a796.syzygy-launchpad-ai#flowable-async-job-executor-thread-1259#
[PollStageAppStatusExecution] 625f8711-39c4-4d66-8aa7-a8dd6879d582 [2026-06-09T17:15:13.565925] Created app with guid 625f8711-39c4-4d66-8aa7-a8dd6879d582 (STDOUT, API)#
#2026 06 09 17:15:51.147#Z#DEBUG#baf41888-6426-11f1-957b-eeee0a88a796.syzygy-launchpad-ai#flowable-async-job-executor-thread-1259#
[PollStageAppStatusExecution] 625f8711-39c4-4d66-8aa7-a8dd6879d582 [2026-06-09T17:15:13.646963] Updating process: "web" (STDOUT, API)#
#2026 06 09 17:15:51.147#Z#DEBUG#baf41888-6426-11f1-957b-eeee0a88a796.syzygy-launchpad-ai#flowable-async-job-executor-thread-1259#
[PollStageAppStatusExecution] 625f8711-39c4-4d66-8aa7-a8dd6879d582 [2026-06-09T17:15:13.710377] Scaling process: "web" (STDOUT, API)#
#2026 06 09 17:15:51.147#Z#DEBUG#baf41888-6426-11f1-957b-eeee0a88a796.syzygy-launchpad-ai#flowable-async-job-executor-thread-1259#
[PollStageAppStatusExecution] 625f8711-39c4-4d66-8aa7-a8dd6879d582 [2026-06-09T17:15:31.165152] Uploading app package for app with guid 625f8711-39c4-4d66-8aa7-a8dd6879d582 (STDOUT, API)#
#2026 06 09 17:15:51.147#Z#DEBUG#baf41888-6426-11f1-957b-eeee0a88a796.syzygy-launchpad-ai#flowable-async-job-executor-thread-1259#
[PollStageAppStatusExecution] 625f8711-39c4-4d66-8aa7-a8dd6879d582 [2026-06-09T17:15:31.337387] Updated app with guid 625f8711-39c4-4d66-8aa7-a8dd6879d582 ({"environment_variables"=>"[PRIVATE DATA HIDDEN]"}) (STDOUT, API)#
#2026 06 09 17:15:51.147#Z#DEBUG#baf41888-6426-11f1-957b-eeee0a88a796.syzygy-launchpad-ai#flowable-async-job-executor-thread-1259#
[PollStageAppStatusExecution] 625f8711-39c4-4d66-8aa7-a8dd6879d582 [2026-06-09T17:15:41.256181] Creating build for app with guid 625f8711-39c4-4d66-8aa7-a8dd6879d582 (STDOUT, API)#
#2026 06 09 17:15:51.147#Z#DEBUG#baf41888-6426-11f1-957b-eeee0a88a796.syzygy-launchpad-ai#flowable-async-job-executor-thread-1259#
[PollStageAppStatusExecution] 625f8711-39c4-4d66-8aa7-a8dd6879d582 [2026-06-09T17:15:41.515580] Downloading python_buildpack... (STDOUT, STG)#
#2026 06 09 17:15:51.147#Z#DEBUG#baf41888-6426-11f1-957b-eeee0a88a796.syzygy-launchpad-ai#flowable-async-job-executor-thread-1259#
[PollStageAppStatusExecution] 625f8711-39c4-4d66-8aa7-a8dd6879d582 [2026-06-09T17:15:41.558561] Downloaded python_buildpack (STDOUT, STG)#
#2026 06 09 17:15:51.147#Z#DEBUG#baf41888-6426-11f1-957b-eeee0a88a796.syzygy-launchpad-ai#flowable-async-job-executor-thread-1259#
[PollStageAppStatusExecution] 625f8711-39c4-4d66-8aa7-a8dd6879d582 [2026-06-09T17:15:41.558630] Cell 8a873e0d-7aa6-4d03-8111-766d1455856a creating container for instance 766773cb-3f61-41bf-ae81-1ed996e561a7 (STDOUT, STG)#
#2026 06 09 17:15:51.147#Z#DEBUG#baf41888-6426-11f1-957b-eeee0a88a796.syzygy-launchpad-ai#flowable-async-job-executor-thread-1259#
[PollStageAppStatusExecution] 625f8711-39c4-4d66-8aa7-a8dd6879d582 [2026-06-09T17:15:41.926619] Security group rules were updated (STDOUT, STG)#
#2026 06 09 17:15:51.147#Z#DEBUG#baf41888-6426-11f1-957b-eeee0a88a796.syzygy-launchpad-ai#flowable-async-job-executor-thread-1259#
[PollStageAppStatusExecution] 625f8711-39c4-4d66-8aa7-a8dd6879d582 [2026-06-09T17:15:42.005926] Cell 8a873e0d-7aa6-4d03-8111-766d1455856a successfully created container for instance 766773cb-3f61-41bf-ae81-1ed996e561a7 (STDOUT, STG)#
#2026 06 09 17:15:51.147#Z#DEBUG#baf41888-6426-11f1-957b-eeee0a88a796.syzygy-launchpad-ai#flowable-async-job-executor-thread-1259#
[PollStageAppStatusExecution] 625f8711-39c4-4d66-8aa7-a8dd6879d582 [2026-06-09T17:15:42.245609] Downloading app package... (STDOUT, STG)#
#2026 06 09 17:15:51.147#Z#DEBUG#baf41888-6426-11f1-957b-eeee0a88a796.syzygy-launchpad-ai#flowable-async-job-executor-thread-1259#
[PollStageAppStatusExecution] 625f8711-39c4-4d66-8aa7-a8dd6879d582 [2026-06-09T17:15:42.297682] Downloaded app package (45.1K) (STDOUT, STG)#
#2026 06 09 17:15:51.147#Z#DEBUG#baf41888-6426-11f1-957b-eeee0a88a796.syzygy-launchpad-ai#flowable-async-job-executor-thread-1259#
[PollStageAppStatusExecution] 625f8711-39c4-4d66-8aa7-a8dd6879d582 [2026-06-09T17:15:42.363408] -----> Python Buildpack version 1.8.43 (STDOUT, STG)#
#2026 06 09 17:15:51.147#Z#DEBUG#baf41888-6426-11f1-957b-eeee0a88a796.syzygy-launchpad-ai#flowable-async-job-executor-thread-1259#
[PollStageAppStatusExecution] 625f8711-39c4-4d66-8aa7-a8dd6879d582 [2026-06-09T17:15:42.364113] -----> Supplying Python (STDOUT, STG)#
#2026 06 09 17:15:51.147#Z#DEBUG#baf41888-6426-11f1-957b-eeee0a88a796.syzygy-launchpad-ai#flowable-async-job-executor-thread-1259#
[PollStageAppStatusExecution] 625f8711-39c4-4d66-8aa7-a8dd6879d582 [2026-06-09T17:15:42.364436] [31;1m**ERROR**[0m Could not install python: no match found for 3.12.6 in [3.9.25 3.10.19 3.11.14 3.12.12 3.13.11 3.14.2] (STDOUT, STG)#
#2026 06 09 17:15:51.147#Z#DEBUG#baf41888-6426-11f1-957b-eeee0a88a796.syzygy-launchpad-ai#flowable-async-job-executor-thread-1259#
[PollStageAppStatusExecution] 625f8711-39c4-4d66-8aa7-a8dd6879d582 [2026-06-09T17:15:42.365764] Failed to compile droplet: Failed to run all supply scripts: exit status 14 (STDERR, STG)#
#2026 06 09 17:15:51.147#Z#DEBUG#baf41888-6426-11f1-957b-eeee0a88a796.syzygy-launchpad-ai#flowable-async-job-executor-thread-1259#
[PollStageAppStatusExecution] 625f8711-39c4-4d66-8aa7-a8dd6879d582 [2026-06-09T17:15:42.371779] Failed to read buildpack config.yml for buildpack key b48f5b4b-800f-4e50-a451-3147b72cbda9_a198a8126f9ea1788e5b6444bf82a728dca43c9b3466c1684e768175e92d1205: open /tmp/contents3780276694/deps/0/config.yml: no such file or directoryExit status 223 (STDOUT, STG)#
#2026 06 09 17:15:51.147#Z#DEBUG#baf41888-6426-11f1-957b-eeee0a88a796.syzygy-launchpad-ai#flowable-async-job-executor-thread-1259#
[PollStageAppStatusExecution] 625f8711-39c4-4d66-8aa7-a8dd6879d582 [2026-06-09T17:15:43.309457] Cell 8a873e0d-7aa6-4d03-8111-766d1455856a stopping instance 766773cb-3f61-41bf-ae81-1ed996e561a7 (STDOUT, STG)#
#2026 06 09 17:15:51.147#Z#DEBUG#baf41888-6426-11f1-957b-eeee0a88a796.syzygy-launchpad-ai#flowable-async-job-executor-thread-1259#
[PollStageAppStatusExecution] 625f8711-39c4-4d66-8aa7-a8dd6879d582 [2026-06-09T17:15:43.309503] Cell 8a873e0d-7aa6-4d03-8111-766d1455856a destroying container for instance 766773cb-3f61-41bf-ae81-1ed996e561a7 (STDOUT, STG)#
#2026 06 09 17:15:51.147#Z#DEBUG#baf41888-6426-11f1-957b-eeee0a88a796.syzygy-launchpad-ai#flowable-async-job-executor-thread-1259#
[PollStageAppStatusExecution] 625f8711-39c4-4d66-8aa7-a8dd6879d582 [2026-06-09T17:15:43.346345] Staging failed for build 766773cb-3f61-41bf-ae81-1ed996e561a7 (STDOUT, API)#
#2026 06 09 17:15:51.147#Z#DEBUG#baf41888-6426-11f1-957b-eeee0a88a796.syzygy-launchpad-ai#flowable-async-job-executor-thread-1259#
[PollStageAppStatusExecution] 625f8711-39c4-4d66-8aa7-a8dd6879d582 [2026-06-09T17:15:43.362092] Failed to stage build: staging failed (STDERR, API)#
#2026 06 09 17:15:51.147#Z#DEBUG#baf41888-6426-11f1-957b-eeee0a88a796.syzygy-launchpad-ai#flowable-async-job-executor-thread-1259#
[PollStageAppStatusExecution] 625f8711-39c4-4d66-8aa7-a8dd6879d582 [2026-06-09T17:15:44.271344] Cell 8a873e0d-7aa6-4d03-8111-766d1455856a successfully destroyed container for instance 766773cb-3f61-41bf-ae81-1ed996e561a7 (STDOUT, STG)#
#2026 06 09 17:16:01.148#Z#DEBUG#baf41888-6426-11f1-957b-eeee0a88a796.syzygy-launchpad-ai#flowable-async-job-executor-thread-1269#
[PollStageAppStatusExecution] 625f8711-39c4-4d66-8aa7-a8dd6879d582 [2026-06-09T17:15:13.557785] Added process: "web" (STDOUT, API)#
#2026 06 09 17:16:01.148#Z#DEBUG#baf41888-6426-11f1-957b-eeee0a88a796.syzygy-launchpad-ai#flowable-async-job-executor-thread-1269#
[PollStageAppStatusExecution] 625f8711-39c4-4d66-8aa7-a8dd6879d582 [2026-06-09T17:15:13.565925] Created app with guid 625f8711-39c4-4d66-8aa7-a8dd6879d582 (STDOUT, API)#
#2026 06 09 17:16:01.148#Z#DEBUG#baf41888-6426-11f1-957b-eeee0a88a796.syzygy-launchpad-ai#flowable-async-job-executor-thread-1269#
[PollStageAppStatusExecution] 625f8711-39c4-4d66-8aa7-a8dd6879d582 [2026-06-09T17:15:13.646963] Updating process: "web" (STDOUT, API)#
#2026 06 09 17:16:01.148#Z#DEBUG#baf41888-6426-11f1-957b-eeee0a88a796.syzygy-launchpad-ai#flowable-async-job-executor-thread-1269#
[PollStageAppStatusExecution] 625f8711-39c4-4d66-8aa7-a8dd6879d582 [2026-06-09T17:15:13.710377] Scaling process: "web" (STDOUT, API)#
#2026 06 09 17:16:01.148#Z#DEBUG#baf41888-6426-11f1-957b-eeee0a88a796.syzygy-launchpad-ai#flowable-async-job-executor-thread-1269#
[PollStageAppStatusExecution] 625f8711-39c4-4d66-8aa7-a8dd6879d582 [2026-06-09T17:15:31.165152] Uploading app package for app with guid 625f8711-39c4-4d66-8aa7-a8dd6879d582 (STDOUT, API)#
#2026 06 09 17:16:01.148#Z#DEBUG#baf41888-6426-11f1-957b-eeee0a88a796.syzygy-launchpad-ai#flowable-async-job-executor-thread-1269#
[PollStageAppStatusExecution] 625f8711-39c4-4d66-8aa7-a8dd6879d582 [2026-06-09T17:15:31.337387] Updated app with guid 625f8711-39c4-4d66-8aa7-a8dd6879d582 ({"environment_variables"=>"[PRIVATE DATA HIDDEN]"}) (STDOUT, API)#
#2026 06 09 17:16:01.148#Z#DEBUG#baf41888-6426-11f1-957b-eeee0a88a796.syzygy-launchpad-ai#flowable-async-job-executor-thread-1269#
[PollStageAppStatusExecution] 625f8711-39c4-4d66-8aa7-a8dd6879d582 [2026-06-09T17:15:41.256181] Creating build for app with guid 625f8711-39c4-4d66-8aa7-a8dd6879d582 (STDOUT, API)#
#2026 06 09 17:16:01.148#Z#DEBUG#baf41888-6426-11f1-957b-eeee0a88a796.syzygy-launchpad-ai#flowable-async-job-executor-thread-1269#
[PollStageAppStatusExecution] 625f8711-39c4-4d66-8aa7-a8dd6879d582 [2026-06-09T17:15:41.515580] Downloading python_buildpack... (STDOUT, STG)#
#2026 06 09 17:16:01.148#Z#DEBUG#baf41888-6426-11f1-957b-eeee0a88a796.syzygy-launchpad-ai#flowable-async-job-executor-thread-1269#
[PollStageAppStatusExecution] 625f8711-39c4-4d66-8aa7-a8dd6879d582 [2026-06-09T17:15:41.558561] Downloaded python_buildpack (STDOUT, STG)#
#2026 06 09 17:16:01.148#Z#DEBUG#baf41888-6426-11f1-957b-eeee0a88a796.syzygy-launchpad-ai#flowable-async-job-executor-thread-1269#
[PollStageAppStatusExecution] 625f8711-39c4-4d66-8aa7-a8dd6879d582 [2026-06-09T17:15:41.558630] Cell 8a873e0d-7aa6-4d03-8111-766d1455856a creating container for instance 766773cb-3f61-41bf-ae81-1ed996e561a7 (STDOUT, STG)#
#2026 06 09 17:16:01.148#Z#DEBUG#baf41888-6426-11f1-957b-eeee0a88a796.syzygy-launchpad-ai#flowable-async-job-executor-thread-1269#
[PollStageAppStatusExecution] 625f8711-39c4-4d66-8aa7-a8dd6879d582 [2026-06-09T17:15:41.926619] Security group rules were updated (STDOUT, STG)#
#2026 06 09 17:16:01.148#Z#DEBUG#baf41888-6426-11f1-957b-eeee0a88a796.syzygy-launchpad-ai#flowable-async-job-executor-thread-1269#
[PollStageAppStatusExecution] 625f8711-39c4-4d66-8aa7-a8dd6879d582 [2026-06-09T17:15:42.005926] Cell 8a873e0d-7aa6-4d03-8111-766d1455856a successfully created container for instance 766773cb-3f61-41bf-ae81-1ed996e561a7 (STDOUT, STG)#
#2026 06 09 17:16:01.148#Z#DEBUG#baf41888-6426-11f1-957b-eeee0a88a796.syzygy-launchpad-ai#flowable-async-job-executor-thread-1269#
[PollStageAppStatusExecution] 625f8711-39c4-4d66-8aa7-a8dd6879d582 [2026-06-09T17:15:42.245609] Downloading app package... (STDOUT, STG)#
#2026 06 09 17:16:01.148#Z#DEBUG#baf41888-6426-11f1-957b-eeee0a88a796.syzygy-launchpad-ai#flowable-async-job-executor-thread-1269#
[PollStageAppStatusExecution] 625f8711-39c4-4d66-8aa7-a8dd6879d582 [2026-06-09T17:15:42.297682] Downloaded app package (45.1K) (STDOUT, STG)#
#2026 06 09 17:16:01.148#Z#DEBUG#baf41888-6426-11f1-957b-eeee0a88a796.syzygy-launchpad-ai#flowable-async-job-executor-thread-1269#
[PollStageAppStatusExecution] 625f8711-39c4-4d66-8aa7-a8dd6879d582 [2026-06-09T17:15:42.363408] -----> Python Buildpack version 1.8.43 (STDOUT, STG)#
#2026 06 09 17:16:01.148#Z#DEBUG#baf41888-6426-11f1-957b-eeee0a88a796.syzygy-launchpad-ai#flowable-async-job-executor-thread-1269#
[PollStageAppStatusExecution] 625f8711-39c4-4d66-8aa7-a8dd6879d582 [2026-06-09T17:15:42.364113] -----> Supplying Python (STDOUT, STG)#
#2026 06 09 17:16:01.148#Z#DEBUG#baf41888-6426-11f1-957b-eeee0a88a796.syzygy-launchpad-ai#flowable-async-job-executor-thread-1269#
[PollStageAppStatusExecution] 625f8711-39c4-4d66-8aa7-a8dd6879d582 [2026-06-09T17:15:42.364436] [31;1m**ERROR**[0m Could not install python: no match found for 3.12.6 in [3.9.25 3.10.19 3.11.14 3.12.12 3.13.11 3.14.2] (STDOUT, STG)#
#2026 06 09 17:16:01.148#Z#DEBUG#baf41888-6426-11f1-957b-eeee0a88a796.syzygy-launchpad-ai#flowable-async-job-executor-thread-1269#
[PollStageAppStatusExecution] 625f8711-39c4-4d66-8aa7-a8dd6879d582 [2026-06-09T17:15:42.365764] Failed to compile droplet: Failed to run all supply scripts: exit status 14 (STDERR, STG)#
#2026 06 09 17:16:01.148#Z#DEBUG#baf41888-6426-11f1-957b-eeee0a88a796.syzygy-launchpad-ai#flowable-async-job-executor-thread-1269#
[PollStageAppStatusExecution] 625f8711-39c4-4d66-8aa7-a8dd6879d582 [2026-06-09T17:15:42.371779] Failed to read buildpack config.yml for buildpack key b48f5b4b-800f-4e50-a451-3147b72cbda9_a198a8126f9ea1788e5b6444bf82a728dca43c9b3466c1684e768175e92d1205: open /tmp/contents3780276694/deps/0/config.yml: no such file or directoryExit status 223 (STDOUT, STG)#
#2026 06 09 17:16:01.148#Z#DEBUG#baf41888-6426-11f1-957b-eeee0a88a796.syzygy-launchpad-ai#flowable-async-job-executor-thread-1269#
[PollStageAppStatusExecution] 625f8711-39c4-4d66-8aa7-a8dd6879d582 [2026-06-09T17:15:43.309457] Cell 8a873e0d-7aa6-4d03-8111-766d1455856a stopping instance 766773cb-3f61-41bf-ae81-1ed996e561a7 (STDOUT, STG)#
#2026 06 09 17:16:01.148#Z#DEBUG#baf41888-6426-11f1-957b-eeee0a88a796.syzygy-launchpad-ai#flowable-async-job-executor-thread-1269#
[PollStageAppStatusExecution] 625f8711-39c4-4d66-8aa7-a8dd6879d582 [2026-06-09T17:15:43.309503] Cell 8a873e0d-7aa6-4d03-8111-766d1455856a destroying container for instance 766773cb-3f61-41bf-ae81-1ed996e561a7 (STDOUT, STG)#
#2026 06 09 17:16:01.148#Z#DEBUG#baf41888-6426-11f1-957b-eeee0a88a796.syzygy-launchpad-ai#flowable-async-job-executor-thread-1269#
[PollStageAppStatusExecution] 625f8711-39c4-4d66-8aa7-a8dd6879d582 [2026-06-09T17:15:43.346345] Staging failed for build 766773cb-3f61-41bf-ae81-1ed996e561a7 (STDOUT, API)#
#2026 06 09 17:16:01.148#Z#DEBUG#baf41888-6426-11f1-957b-eeee0a88a796.syzygy-launchpad-ai#flowable-async-job-executor-thread-1269#
[PollStageAppStatusExecution] 625f8711-39c4-4d66-8aa7-a8dd6879d582 [2026-06-09T17:15:43.362092] Failed to stage build: staging failed (STDERR, API)#
#2026 06 09 17:16:01.148#Z#DEBUG#baf41888-6426-11f1-957b-eeee0a88a796.syzygy-launchpad-ai#flowable-async-job-executor-thread-1269#
[PollStageAppStatusExecution] 625f8711-39c4-4d66-8aa7-a8dd6879d582 [2026-06-09T17:15:44.271344] Cell 8a873e0d-7aa6-4d03-8111-766d1455856a successfully destroyed container for instance 766773cb-3f61-41bf-ae81-1ed996e561a7 (STDOUT, STG)#
#2026 06 09 17:16:01.148#Z#DEBUG#baf41888-6426-11f1-957b-eeee0a88a796.syzygy-launchpad-ai#flowable-async-job-executor-thread-1269#
[PollStageAppStatusExecution] 625f8711-39c4-4d66-8aa7-a8dd6879d582 [2026-06-09T17:15:54.907818] Creating build for app with guid 625f8711-39c4-4d66-8aa7-a8dd6879d582 (STDOUT, API)#
#2026 06 09 17:16:01.148#Z#DEBUG#baf41888-6426-11f1-957b-eeee0a88a796.syzygy-launchpad-ai#flowable-async-job-executor-thread-1269#
[PollStageAppStatusExecution] 625f8711-39c4-4d66-8aa7-a8dd6879d582 [2026-06-09T17:15:55.200121] Downloading python_buildpack... (STDOUT, STG)#
#2026 06 09 17:16:01.148#Z#DEBUG#baf41888-6426-11f1-957b-eeee0a88a796.syzygy-launchpad-ai#flowable-async-job-executor-thread-1269#
[PollStageAppStatusExecution] 625f8711-39c4-4d66-8aa7-a8dd6879d582 [2026-06-09T17:15:55.286734] Downloaded python_buildpack (STDOUT, STG)#
#2026 06 09 17:16:01.148#Z#DEBUG#baf41888-6426-11f1-957b-eeee0a88a796.syzygy-launchpad-ai#flowable-async-job-executor-thread-1269#
[PollStageAppStatusExecution] 625f8711-39c4-4d66-8aa7-a8dd6879d582 [2026-06-09T17:15:55.286821] Cell cefdac31-e0ff-490b-a2c5-6a3cdfb54163 creating container for instance c9150ee4-e88e-4f15-8f9c-b55bbc7f43aa (STDOUT, STG)#
#2026 06 09 17:16:01.148#Z#DEBUG#baf41888-6426-11f1-957b-eeee0a88a796.syzygy-launchpad-ai#flowable-async-job-executor-thread-1269#
[PollStageAppStatusExecution] 625f8711-39c4-4d66-8aa7-a8dd6879d582 [2026-06-09T17:15:55.682429] Security group rules were updated (STDOUT, STG)#
#2026 06 09 17:16:01.148#Z#DEBUG#baf41888-6426-11f1-957b-eeee0a88a796.syzygy-launchpad-ai#flowable-async-job-executor-thread-1269#
[PollStageAppStatusExecution] 625f8711-39c4-4d66-8aa7-a8dd6879d582 [2026-06-09T17:15:55.757849] Cell cefdac31-e0ff-490b-a2c5-6a3cdfb54163 successfully created container for instance c9150ee4-e88e-4f15-8f9c-b55bbc7f43aa (STDOUT, STG)#
#2026 06 09 17:16:01.148#Z#DEBUG#baf41888-6426-11f1-957b-eeee0a88a796.syzygy-launchpad-ai#flowable-async-job-executor-thread-1269#
[PollStageAppStatusExecution] 625f8711-39c4-4d66-8aa7-a8dd6879d582 [2026-06-09T17:15:56.302202] Downloading app package... (STDOUT, STG)#
#2026 06 09 17:16:01.148#Z#DEBUG#baf41888-6426-11f1-957b-eeee0a88a796.syzygy-launchpad-ai#flowable-async-job-executor-thread-1269#
[PollStageAppStatusExecution] 625f8711-39c4-4d66-8aa7-a8dd6879d582 [2026-06-09T17:15:56.356727] Downloaded app package (45.1K) (STDOUT, STG)#
#2026 06 09 17:16:01.148#Z#DEBUG#baf41888-6426-11f1-957b-eeee0a88a796.syzygy-launchpad-ai#flowable-async-job-executor-thread-1269#
[PollStageAppStatusExecution] 625f8711-39c4-4d66-8aa7-a8dd6879d582 [2026-06-09T17:15:56.424338] -----> Python Buildpack version 1.8.43 (STDOUT, STG)#
#2026 06 09 17:16:01.148#Z#DEBUG#baf41888-6426-11f1-957b-eeee0a88a796.syzygy-launchpad-ai#flowable-async-job-executor-thread-1269#
[PollStageAppStatusExecution] 625f8711-39c4-4d66-8aa7-a8dd6879d582 [2026-06-09T17:15:56.425156] -----> Supplying Python (STDOUT, STG)#
#2026 06 09 17:16:01.148#Z#DEBUG#baf41888-6426-11f1-957b-eeee0a88a796.syzygy-launchpad-ai#flowable-async-job-executor-thread-1269#
[PollStageAppStatusExecution] 625f8711-39c4-4d66-8aa7-a8dd6879d582 [2026-06-09T17:15:56.425519] [31;1m**ERROR**[0m Could not install python: no match found for 3.12.6 in [3.9.25 3.10.19 3.11.14 3.12.12 3.13.11 3.14.2] (STDOUT, STG)#
#2026 06 09 17:16:01.148#Z#DEBUG#baf41888-6426-11f1-957b-eeee0a88a796.syzygy-launchpad-ai#flowable-async-job-executor-thread-1269#
[PollStageAppStatusExecution] 625f8711-39c4-4d66-8aa7-a8dd6879d582 [2026-06-09T17:15:56.427124] Failed to compile droplet: Failed to run all supply scripts: exit status 14 (STDERR, STG)#
#2026 06 09 17:16:01.148#Z#DEBUG#baf41888-6426-11f1-957b-eeee0a88a796.syzygy-launchpad-ai#flowable-async-job-executor-thread-1269#
[PollStageAppStatusExecution] 625f8711-39c4-4d66-8aa7-a8dd6879d582 [2026-06-09T17:15:56.433253] Failed to read buildpack config.yml for buildpack key b48f5b4b-800f-4e50-a451-3147b72cbda9_a198a8126f9ea1788e5b6444bf82a728dca43c9b3466c1684e768175e92d1205: open /tmp/contents3332217960/deps/0/config.yml: no such file or directoryExit status 223 (STDOUT, STG)#
#2026 06 09 17:16:01.148#Z#DEBUG#baf41888-6426-11f1-957b-eeee0a88a796.syzygy-launchpad-ai#flowable-async-job-executor-thread-1269#
[PollStageAppStatusExecution] 625f8711-39c4-4d66-8aa7-a8dd6879d582 [2026-06-09T17:15:57.272773] Cell cefdac31-e0ff-490b-a2c5-6a3cdfb54163 stopping instance c9150ee4-e88e-4f15-8f9c-b55bbc7f43aa (STDOUT, STG)#
#2026 06 09 17:16:01.148#Z#DEBUG#baf41888-6426-11f1-957b-eeee0a88a796.syzygy-launchpad-ai#flowable-async-job-executor-thread-1269#
[PollStageAppStatusExecution] 625f8711-39c4-4d66-8aa7-a8dd6879d582 [2026-06-09T17:15:57.272806] Cell cefdac31-e0ff-490b-a2c5-6a3cdfb54163 destroying container for instance c9150ee4-e88e-4f15-8f9c-b55bbc7f43aa (STDOUT, STG)#
#2026 06 09 17:16:01.148#Z#DEBUG#baf41888-6426-11f1-957b-eeee0a88a796.syzygy-launchpad-ai#flowable-async-job-executor-thread-1269#
[PollStageAppStatusExecution] 625f8711-39c4-4d66-8aa7-a8dd6879d582 [2026-06-09T17:15:57.315775] Staging failed for build c9150ee4-e88e-4f15-8f9c-b55bbc7f43aa (STDOUT, API)#
#2026 06 09 17:16:01.148#Z#DEBUG#baf41888-6426-11f1-957b-eeee0a88a796.syzygy-launchpad-ai#flowable-async-job-executor-thread-1269#
[PollStageAppStatusExecution] 625f8711-39c4-4d66-8aa7-a8dd6879d582 [2026-06-09T17:15:57.330808] Failed to stage build: staging failed (STDERR, API)#
#2026 06 09 17:16:01.148#Z#DEBUG#baf41888-6426-11f1-957b-eeee0a88a796.syzygy-launchpad-ai#flowable-async-job-executor-thread-1269#
[PollStageAppStatusExecution] 625f8711-39c4-4d66-8aa7-a8dd6879d582 [2026-06-09T17:15:58.203044] Cell cefdac31-e0ff-490b-a2c5-6a3cdfb54163 successfully destroyed container for instance c9150ee4-e88e-4f15-8f9c-b55bbc7f43aa (STDOUT, STG)#
#2026 06 09 17:16:11.179#Z#DEBUG#baf41888-6426-11f1-957b-eeee0a88a796.syzygy-launchpad-ai#flowable-async-job-executor-thread-1277#
[PollStageAppStatusExecution] 625f8711-39c4-4d66-8aa7-a8dd6879d582 [2026-06-09T17:15:13.557785] Added process: "web" (STDOUT, API)#
#2026 06 09 17:16:11.179#Z#DEBUG#baf41888-6426-11f1-957b-eeee0a88a796.syzygy-launchpad-ai#flowable-async-job-executor-thread-1277#
[PollStageAppStatusExecution] 625f8711-39c4-4d66-8aa7-a8dd6879d582 [2026-06-09T17:15:13.565925] Created app with guid 625f8711-39c4-4d66-8aa7-a8dd6879d582 (STDOUT, API)#
#2026 06 09 17:16:11.179#Z#DEBUG#baf41888-6426-11f1-957b-eeee0a88a796.syzygy-launchpad-ai#flowable-async-job-executor-thread-1277#
[PollStageAppStatusExecution] 625f8711-39c4-4d66-8aa7-a8dd6879d582 [2026-06-09T17:15:13.646963] Updating process: "web" (STDOUT, API)#
#2026 06 09 17:16:11.179#Z#DEBUG#baf41888-6426-11f1-957b-eeee0a88a796.syzygy-launchpad-ai#flowable-async-job-executor-thread-1277#
[PollStageAppStatusExecution] 625f8711-39c4-4d66-8aa7-a8dd6879d582 [2026-06-09T17:15:13.710377] Scaling process: "web" (STDOUT, API)#
#2026 06 09 17:16:11.179#Z#DEBUG#baf41888-6426-11f1-957b-eeee0a88a796.syzygy-launchpad-ai#flowable-async-job-executor-thread-1277#
[PollStageAppStatusExecution] 625f8711-39c4-4d66-8aa7-a8dd6879d582 [2026-06-09T17:15:31.165152] Uploading app package for app with guid 625f8711-39c4-4d66-8aa7-a8dd6879d582 (STDOUT, API)#
#2026 06 09 17:16:11.179#Z#DEBUG#baf41888-6426-11f1-957b-eeee0a88a796.syzygy-launchpad-ai#flowable-async-job-executor-thread-1277#
[PollStageAppStatusExecution] 625f8711-39c4-4d66-8aa7-a8dd6879d582 [2026-06-09T17:15:31.337387] Updated app with guid 625f8711-39c4-4d66-8aa7-a8dd6879d582 ({"environment_variables"=>"[PRIVATE DATA HIDDEN]"}) (STDOUT, API)#
#2026 06 09 17:16:11.179#Z#DEBUG#baf41888-6426-11f1-957b-eeee0a88a796.syzygy-launchpad-ai#flowable-async-job-executor-thread-1277#
[PollStageAppStatusExecution] 625f8711-39c4-4d66-8aa7-a8dd6879d582 [2026-06-09T17:15:41.256181] Creating build for app with guid 625f8711-39c4-4d66-8aa7-a8dd6879d582 (STDOUT, API)#
#2026 06 09 17:16:11.179#Z#DEBUG#baf41888-6426-11f1-957b-eeee0a88a796.syzygy-launchpad-ai#flowable-async-job-executor-thread-1277#
[PollStageAppStatusExecution] 625f8711-39c4-4d66-8aa7-a8dd6879d582 [2026-06-09T17:15:41.515580] Downloading python_buildpack... (STDOUT, STG)#
#2026 06 09 17:16:11.179#Z#DEBUG#baf41888-6426-11f1-957b-eeee0a88a796.syzygy-launchpad-ai#flowable-async-job-executor-thread-1277#
[PollStageAppStatusExecution] 625f8711-39c4-4d66-8aa7-a8dd6879d582 [2026-06-09T17:15:41.558561] Downloaded python_buildpack (STDOUT, STG)#
#2026 06 09 17:16:11.179#Z#DEBUG#baf41888-6426-11f1-957b-eeee0a88a796.syzygy-launchpad-ai#flowable-async-job-executor-thread-1277#
[PollStageAppStatusExecution] 625f8711-39c4-4d66-8aa7-a8dd6879d582 [2026-06-09T17:15:41.558630] Cell 8a873e0d-7aa6-4d03-8111-766d1455856a creating container for instance 766773cb-3f61-41bf-ae81-1ed996e561a7 (STDOUT, STG)#
#2026 06 09 17:16:11.179#Z#DEBUG#baf41888-6426-11f1-957b-eeee0a88a796.syzygy-launchpad-ai#flowable-async-job-executor-thread-1277#
[PollStageAppStatusExecution] 625f8711-39c4-4d66-8aa7-a8dd6879d582 [2026-06-09T17:15:41.926619] Security group rules were updated (STDOUT, STG)#
#2026 06 09 17:16:11.179#Z#DEBUG#baf41888-6426-11f1-957b-eeee0a88a796.syzygy-launchpad-ai#flowable-async-job-executor-thread-1277#
[PollStageAppStatusExecution] 625f8711-39c4-4d66-8aa7-a8dd6879d582 [2026-06-09T17:15:42.005926] Cell 8a873e0d-7aa6-4d03-8111-766d1455856a successfully created container for instance 766773cb-3f61-41bf-ae81-1ed996e561a7 (STDOUT, STG)#
#2026 06 09 17:16:11.179#Z#DEBUG#baf41888-6426-11f1-957b-eeee0a88a796.syzygy-launchpad-ai#flowable-async-job-executor-thread-1277#
[PollStageAppStatusExecution] 625f8711-39c4-4d66-8aa7-a8dd6879d582 [2026-06-09T17:15:42.245609] Downloading app package... (STDOUT, STG)#
#2026 06 09 17:16:11.179#Z#DEBUG#baf41888-6426-11f1-957b-eeee0a88a796.syzygy-launchpad-ai#flowable-async-job-executor-thread-1277#
[PollStageAppStatusExecution] 625f8711-39c4-4d66-8aa7-a8dd6879d582 [2026-06-09T17:15:42.297682] Downloaded app package (45.1K) (STDOUT, STG)#
#2026 06 09 17:16:11.179#Z#DEBUG#baf41888-6426-11f1-957b-eeee0a88a796.syzygy-launchpad-ai#flowable-async-job-executor-thread-1277#
[PollStageAppStatusExecution] 625f8711-39c4-4d66-8aa7-a8dd6879d582 [2026-06-09T17:15:42.363408] -----> Python Buildpack version 1.8.43 (STDOUT, STG)#
#2026 06 09 17:16:11.179#Z#DEBUG#baf41888-6426-11f1-957b-eeee0a88a796.syzygy-launchpad-ai#flowable-async-job-executor-thread-1277#
[PollStageAppStatusExecution] 625f8711-39c4-4d66-8aa7-a8dd6879d582 [2026-06-09T17:15:42.364113] -----> Supplying Python (STDOUT, STG)#
#2026 06 09 17:16:11.179#Z#DEBUG#baf41888-6426-11f1-957b-eeee0a88a796.syzygy-launchpad-ai#flowable-async-job-executor-thread-1277#
[PollStageAppStatusExecution] 625f8711-39c4-4d66-8aa7-a8dd6879d582 [2026-06-09T17:15:42.364436] [31;1m**ERROR**[0m Could not install python: no match found for 3.12.6 in [3.9.25 3.10.19 3.11.14 3.12.12 3.13.11 3.14.2] (STDOUT, STG)#
#2026 06 09 17:16:11.179#Z#DEBUG#baf41888-6426-11f1-957b-eeee0a88a796.syzygy-launchpad-ai#flowable-async-job-executor-thread-1277#
[PollStageAppStatusExecution] 625f8711-39c4-4d66-8aa7-a8dd6879d582 [2026-06-09T17:15:42.365764] Failed to compile droplet: Failed to run all supply scripts: exit status 14 (STDERR, STG)#
#2026 06 09 17:16:11.179#Z#DEBUG#baf41888-6426-11f1-957b-eeee0a88a796.syzygy-launchpad-ai#flowable-async-job-executor-thread-1277#
[PollStageAppStatusExecution] 625f8711-39c4-4d66-8aa7-a8dd6879d582 [2026-06-09T17:15:42.371779] Failed to read buildpack config.yml for buildpack key b48f5b4b-800f-4e50-a451-3147b72cbda9_a198a8126f9ea1788e5b6444bf82a728dca43c9b3466c1684e768175e92d1205: open /tmp/contents3780276694/deps/0/config.yml: no such file or directoryExit status 223 (STDOUT, STG)#
#2026 06 09 17:16:11.179#Z#DEBUG#baf41888-6426-11f1-957b-eeee0a88a796.syzygy-launchpad-ai#flowable-async-job-executor-thread-1277#
[PollStageAppStatusExecution] 625f8711-39c4-4d66-8aa7-a8dd6879d582 [2026-06-09T17:15:43.309457] Cell 8a873e0d-7aa6-4d03-8111-766d1455856a stopping instance 766773cb-3f61-41bf-ae81-1ed996e561a7 (STDOUT, STG)#
#2026 06 09 17:16:11.179#Z#DEBUG#baf41888-6426-11f1-957b-eeee0a88a796.syzygy-launchpad-ai#flowable-async-job-executor-thread-1277#
[PollStageAppStatusExecution] 625f8711-39c4-4d66-8aa7-a8dd6879d582 [2026-06-09T17:15:43.309503] Cell 8a873e0d-7aa6-4d03-8111-766d1455856a destroying container for instance 766773cb-3f61-41bf-ae81-1ed996e561a7 (STDOUT, STG)#
#2026 06 09 17:16:11.179#Z#DEBUG#baf41888-6426-11f1-957b-eeee0a88a796.syzygy-launchpad-ai#flowable-async-job-executor-thread-1277#
[PollStageAppStatusExecution] 625f8711-39c4-4d66-8aa7-a8dd6879d582 [2026-06-09T17:15:43.346345] Staging failed for build 766773cb-3f61-41bf-ae81-1ed996e561a7 (STDOUT, API)#
#2026 06 09 17:16:11.179#Z#DEBUG#baf41888-6426-11f1-957b-eeee0a88a796.syzygy-launchpad-ai#flowable-async-job-executor-thread-1277#
[PollStageAppStatusExecution] 625f8711-39c4-4d66-8aa7-a8dd6879d582 [2026-06-09T17:15:43.362092] Failed to stage build: staging failed (STDERR, API)#
#2026 06 09 17:16:11.179#Z#DEBUG#baf41888-6426-11f1-957b-eeee0a88a796.syzygy-launchpad-ai#flowable-async-job-executor-thread-1277#
[PollStageAppStatusExecution] 625f8711-39c4-4d66-8aa7-a8dd6879d582 [2026-06-09T17:15:44.271344] Cell 8a873e0d-7aa6-4d03-8111-766d1455856a successfully destroyed container for instance 766773cb-3f61-41bf-ae81-1ed996e561a7 (STDOUT, STG)#
#2026 06 09 17:16:11.180#Z#DEBUG#baf41888-6426-11f1-957b-eeee0a88a796.syzygy-launchpad-ai#flowable-async-job-executor-thread-1277#
[PollStageAppStatusExecution] 625f8711-39c4-4d66-8aa7-a8dd6879d582 [2026-06-09T17:15:54.907818] Creating build for app with guid 625f8711-39c4-4d66-8aa7-a8dd6879d582 (STDOUT, API)#
#2026 06 09 17:16:11.180#Z#DEBUG#baf41888-6426-11f1-957b-eeee0a88a796.syzygy-launchpad-ai#flowable-async-job-executor-thread-1277#
[PollStageAppStatusExecution] 625f8711-39c4-4d66-8aa7-a8dd6879d582 [2026-06-09T17:15:55.200121] Downloading python_buildpack... (STDOUT, STG)#
#2026 06 09 17:16:11.180#Z#DEBUG#baf41888-6426-11f1-957b-eeee0a88a796.syzygy-launchpad-ai#flowable-async-job-executor-thread-1277#
[PollStageAppStatusExecution] 625f8711-39c4-4d66-8aa7-a8dd6879d582 [2026-06-09T17:15:55.286734] Downloaded python_buildpack (STDOUT, STG)#
#2026 06 09 17:16:11.180#Z#DEBUG#baf41888-6426-11f1-957b-eeee0a88a796.syzygy-launchpad-ai#flowable-async-job-executor-thread-1277#
[PollStageAppStatusExecution] 625f8711-39c4-4d66-8aa7-a8dd6879d582 [2026-06-09T17:15:55.286821] Cell cefdac31-e0ff-490b-a2c5-6a3cdfb54163 creating container for instance c9150ee4-e88e-4f15-8f9c-b55bbc7f43aa (STDOUT, STG)#
#2026 06 09 17:16:11.180#Z#DEBUG#baf41888-6426-11f1-957b-eeee0a88a796.syzygy-launchpad-ai#flowable-async-job-executor-thread-1277#
[PollStageAppStatusExecution] 625f8711-39c4-4d66-8aa7-a8dd6879d582 [2026-06-09T17:15:55.682429] Security group rules were updated (STDOUT, STG)#
#2026 06 09 17:16:11.180#Z#DEBUG#baf41888-6426-11f1-957b-eeee0a88a796.syzygy-launchpad-ai#flowable-async-job-executor-thread-1277#
[PollStageAppStatusExecution] 625f8711-39c4-4d66-8aa7-a8dd6879d582 [2026-06-09T17:15:55.757849] Cell cefdac31-e0ff-490b-a2c5-6a3cdfb54163 successfully created container for instance c9150ee4-e88e-4f15-8f9c-b55bbc7f43aa (STDOUT, STG)#
#2026 06 09 17:16:11.180#Z#DEBUG#baf41888-6426-11f1-957b-eeee0a88a796.syzygy-launchpad-ai#flowable-async-job-executor-thread-1277#
[PollStageAppStatusExecution] 625f8711-39c4-4d66-8aa7-a8dd6879d582 [2026-06-09T17:15:56.302202] Downloading app package... (STDOUT, STG)#
#2026 06 09 17:16:11.180#Z#DEBUG#baf41888-6426-11f1-957b-eeee0a88a796.syzygy-launchpad-ai#flowable-async-job-executor-thread-1277#
[PollStageAppStatusExecution] 625f8711-39c4-4d66-8aa7-a8dd6879d582 [2026-06-09T17:15:56.356727] Downloaded app package (45.1K) (STDOUT, STG)#
#2026 06 09 17:16:11.180#Z#DEBUG#baf41888-6426-11f1-957b-eeee0a88a796.syzygy-launchpad-ai#flowable-async-job-executor-thread-1277#
[PollStageAppStatusExecution] 625f8711-39c4-4d66-8aa7-a8dd6879d582 [2026-06-09T17:15:56.424338] -----> Python Buildpack version 1.8.43 (STDOUT, STG)#
#2026 06 09 17:16:11.180#Z#DEBUG#baf41888-6426-11f1-957b-eeee0a88a796.syzygy-launchpad-ai#flowable-async-job-executor-thread-1277#
[PollStageAppStatusExecution] 625f8711-39c4-4d66-8aa7-a8dd6879d582 [2026-06-09T17:15:56.425156] -----> Supplying Python (STDOUT, STG)#
#2026 06 09 17:16:11.180#Z#DEBUG#baf41888-6426-11f1-957b-eeee0a88a796.syzygy-launchpad-ai#flowable-async-job-executor-thread-1277#
[PollStageAppStatusExecution] 625f8711-39c4-4d66-8aa7-a8dd6879d582 [2026-06-09T17:15:56.425519] [31;1m**ERROR**[0m Could not install python: no match found for 3.12.6 in [3.9.25 3.10.19 3.11.14 3.12.12 3.13.11 3.14.2] (STDOUT, STG)#
#2026 06 09 17:16:11.180#Z#DEBUG#baf41888-6426-11f1-957b-eeee0a88a796.syzygy-launchpad-ai#flowable-async-job-executor-thread-1277#
[PollStageAppStatusExecution] 625f8711-39c4-4d66-8aa7-a8dd6879d582 [2026-06-09T17:15:56.427124] Failed to compile droplet: Failed to run all supply scripts: exit status 14 (STDERR, STG)#
#2026 06 09 17:16:11.180#Z#DEBUG#baf41888-6426-11f1-957b-eeee0a88a796.syzygy-launchpad-ai#flowable-async-job-executor-thread-1277#
[PollStageAppStatusExecution] 625f8711-39c4-4d66-8aa7-a8dd6879d582 [2026-06-09T17:15:56.433253] Failed to read buildpack config.yml for buildpack key b48f5b4b-800f-4e50-a451-3147b72cbda9_a198a8126f9ea1788e5b6444bf82a728dca43c9b3466c1684e768175e92d1205: open /tmp/contents3332217960/deps/0/config.yml: no such file or directoryExit status 223 (STDOUT, STG)#
#2026 06 09 17:16:11.180#Z#DEBUG#baf41888-6426-11f1-957b-eeee0a88a796.syzygy-launchpad-ai#flowable-async-job-executor-thread-1277#
[PollStageAppStatusExecution] 625f8711-39c4-4d66-8aa7-a8dd6879d582 [2026-06-09T17:15:57.272773] Cell cefdac31-e0ff-490b-a2c5-6a3cdfb54163 stopping instance c9150ee4-e88e-4f15-8f9c-b55bbc7f43aa (STDOUT, STG)#
#2026 06 09 17:16:11.180#Z#DEBUG#baf41888-6426-11f1-957b-eeee0a88a796.syzygy-launchpad-ai#flowable-async-job-executor-thread-1277#
[PollStageAppStatusExecution] 625f8711-39c4-4d66-8aa7-a8dd6879d582 [2026-06-09T17:15:57.272806] Cell cefdac31-e0ff-490b-a2c5-6a3cdfb54163 destroying container for instance c9150ee4-e88e-4f15-8f9c-b55bbc7f43aa (STDOUT, STG)#
#2026 06 09 17:16:11.180#Z#DEBUG#baf41888-6426-11f1-957b-eeee0a88a796.syzygy-launchpad-ai#flowable-async-job-executor-thread-1277#
[PollStageAppStatusExecution] 625f8711-39c4-4d66-8aa7-a8dd6879d582 [2026-06-09T17:15:57.315775] Staging failed for build c9150ee4-e88e-4f15-8f9c-b55bbc7f43aa (STDOUT, API)#
#2026 06 09 17:16:11.180#Z#DEBUG#baf41888-6426-11f1-957b-eeee0a88a796.syzygy-launchpad-ai#flowable-async-job-executor-thread-1277#
[PollStageAppStatusExecution] 625f8711-39c4-4d66-8aa7-a8dd6879d582 [2026-06-09T17:15:57.330808] Failed to stage build: staging failed (STDERR, API)#
#2026 06 09 17:16:11.180#Z#DEBUG#baf41888-6426-11f1-957b-eeee0a88a796.syzygy-launchpad-ai#flowable-async-job-executor-thread-1277#
[PollStageAppStatusExecution] 625f8711-39c4-4d66-8aa7-a8dd6879d582 [2026-06-09T17:15:58.203044] Cell cefdac31-e0ff-490b-a2c5-6a3cdfb54163 successfully destroyed container for instance c9150ee4-e88e-4f15-8f9c-b55bbc7f43aa (STDOUT, STG)#
#2026 06 09 17:16:11.180#Z#DEBUG#baf41888-6426-11f1-957b-eeee0a88a796.syzygy-launchpad-ai#flowable-async-job-executor-thread-1277#
[PollStageAppStatusExecution] 625f8711-39c4-4d66-8aa7-a8dd6879d582 [2026-06-09T17:16:02.451345] Creating build for app with guid 625f8711-39c4-4d66-8aa7-a8dd6879d582 (STDOUT, API)#
#2026 06 09 17:16:11.180#Z#DEBUG#baf41888-6426-11f1-957b-eeee0a88a796.syzygy-launchpad-ai#flowable-async-job-executor-thread-1277#
[PollStageAppStatusExecution] 625f8711-39c4-4d66-8aa7-a8dd6879d582 [2026-06-09T17:16:02.750458] Downloading python_buildpack... (STDOUT, STG)#
#2026 06 09 17:16:11.180#Z#DEBUG#baf41888-6426-11f1-957b-eeee0a88a796.syzygy-launchpad-ai#flowable-async-job-executor-thread-1277#
[PollStageAppStatusExecution] 625f8711-39c4-4d66-8aa7-a8dd6879d582 [2026-06-09T17:16:02.792559] Downloaded python_buildpack (STDOUT, STG)#
#2026 06 09 17:16:11.180#Z#DEBUG#baf41888-6426-11f1-957b-eeee0a88a796.syzygy-launchpad-ai#flowable-async-job-executor-thread-1277#
[PollStageAppStatusExecution] 625f8711-39c4-4d66-8aa7-a8dd6879d582 [2026-06-09T17:16:02.792642] Cell 97627064-d39d-436c-b0ed-bea89b1023f0 creating container for instance 384f350e-cef4-400c-b476-6bcd55e69c72 (STDOUT, STG)#
#2026 06 09 17:16:11.180#Z#DEBUG#baf41888-6426-11f1-957b-eeee0a88a796.syzygy-launchpad-ai#flowable-async-job-executor-thread-1277#
[PollStageAppStatusExecution] 625f8711-39c4-4d66-8aa7-a8dd6879d582 [2026-06-09T17:16:03.249442] Security group rules were updated (STDOUT, STG)#
#2026 06 09 17:16:11.180#Z#DEBUG#baf41888-6426-11f1-957b-eeee0a88a796.syzygy-launchpad-ai#flowable-async-job-executor-thread-1277#
[PollStageAppStatusExecution] 625f8711-39c4-4d66-8aa7-a8dd6879d582 [2026-06-09T17:16:03.317395] Cell 97627064-d39d-436c-b0ed-bea89b1023f0 successfully created container for instance 384f350e-cef4-400c-b476-6bcd55e69c72 (STDOUT, STG)#
#2026 06 09 17:16:11.180#Z#DEBUG#baf41888-6426-11f1-957b-eeee0a88a796.syzygy-launchpad-ai#flowable-async-job-executor-thread-1277#
[PollStageAppStatusExecution] 625f8711-39c4-4d66-8aa7-a8dd6879d582 [2026-06-09T17:16:03.907895] Downloading app package... (STDOUT, STG)#
#2026 06 09 17:16:11.180#Z#DEBUG#baf41888-6426-11f1-957b-eeee0a88a796.syzygy-launchpad-ai#flowable-async-job-executor-thread-1277#
[PollStageAppStatusExecution] 625f8711-39c4-4d66-8aa7-a8dd6879d582 [2026-06-09T17:16:03.963542] Downloaded app package (45.1K) (STDOUT, STG)#
#2026 06 09 17:16:11.180#Z#DEBUG#baf41888-6426-11f1-957b-eeee0a88a796.syzygy-launchpad-ai#flowable-async-job-executor-thread-1277#
[PollStageAppStatusExecution] 625f8711-39c4-4d66-8aa7-a8dd6879d582 [2026-06-09T17:16:04.029060] -----> Python Buildpack version 1.8.43 (STDOUT, STG)#
#2026 06 09 17:16:11.180#Z#DEBUG#baf41888-6426-11f1-957b-eeee0a88a796.syzygy-launchpad-ai#flowable-async-job-executor-thread-1277#
[PollStageAppStatusExecution] 625f8711-39c4-4d66-8aa7-a8dd6879d582 [2026-06-09T17:16:04.029734] -----> Supplying Python (STDOUT, STG)#
#2026 06 09 17:16:11.180#Z#DEBUG#baf41888-6426-11f1-957b-eeee0a88a796.syzygy-launchpad-ai#flowable-async-job-executor-thread-1277#
[PollStageAppStatusExecution] 625f8711-39c4-4d66-8aa7-a8dd6879d582 [2026-06-09T17:16:04.030105] [31;1m**ERROR**[0m Could not install python: no match found for 3.12.6 in [3.9.25 3.10.19 3.11.14 3.12.12 3.13.11 3.14.2] (STDOUT, STG)#
#2026 06 09 17:16:11.180#Z#DEBUG#baf41888-6426-11f1-957b-eeee0a88a796.syzygy-launchpad-ai#flowable-async-job-executor-thread-1277#
[PollStageAppStatusExecution] 625f8711-39c4-4d66-8aa7-a8dd6879d582 [2026-06-09T17:16:04.031259] Failed to compile droplet: Failed to run all supply scripts: exit status 14 (STDERR, STG)#
#2026 06 09 17:16:11.180#Z#DEBUG#baf41888-6426-11f1-957b-eeee0a88a796.syzygy-launchpad-ai#flowable-async-job-executor-thread-1277#
[PollStageAppStatusExecution] 625f8711-39c4-4d66-8aa7-a8dd6879d582 [2026-06-09T17:16:04.037346] Failed to read buildpack config.yml for buildpack key b48f5b4b-800f-4e50-a451-3147b72cbda9_a198a8126f9ea1788e5b6444bf82a728dca43c9b3466c1684e768175e92d1205: open /tmp/contents1637244689/deps/0/config.yml: no such file or directoryExit status 223 (STDOUT, STG)#
#2026 06 09 17:16:11.180#Z#DEBUG#baf41888-6426-11f1-957b-eeee0a88a796.syzygy-launchpad-ai#flowable-async-job-executor-thread-1277#
[PollStageAppStatusExecution] 625f8711-39c4-4d66-8aa7-a8dd6879d582 [2026-06-09T17:16:04.449914] Cell 97627064-d39d-436c-b0ed-bea89b1023f0 stopping instance 384f350e-cef4-400c-b476-6bcd55e69c72 (STDOUT, STG)#
#2026 06 09 17:16:11.180#Z#DEBUG#baf41888-6426-11f1-957b-eeee0a88a796.syzygy-launchpad-ai#flowable-async-job-executor-thread-1277#
[PollStageAppStatusExecution] 625f8711-39c4-4d66-8aa7-a8dd6879d582 [2026-06-09T17:16:04.449995] Cell 97627064-d39d-436c-b0ed-bea89b1023f0 destroying container for instance 384f350e-cef4-400c-b476-6bcd55e69c72 (STDOUT, STG)#
#2026 06 09 17:16:11.180#Z#DEBUG#baf41888-6426-11f1-957b-eeee0a88a796.syzygy-launchpad-ai#flowable-async-job-executor-thread-1277#
[PollStageAppStatusExecution] 625f8711-39c4-4d66-8aa7-a8dd6879d582 [2026-06-09T17:16:04.482134] Staging failed for build 384f350e-cef4-400c-b476-6bcd55e69c72 (STDOUT, API)#
#2026 06 09 17:16:11.180#Z#DEBUG#baf41888-6426-11f1-957b-eeee0a88a796.syzygy-launchpad-ai#flowable-async-job-executor-thread-1277#
[PollStageAppStatusExecution] 625f8711-39c4-4d66-8aa7-a8dd6879d582 [2026-06-09T17:16:04.492360] Failed to stage build: staging failed (STDERR, API)#
#2026 06 09 17:16:11.180#Z#DEBUG#baf41888-6426-11f1-957b-eeee0a88a796.syzygy-launchpad-ai#flowable-async-job-executor-thread-1277#
[PollStageAppStatusExecution] 625f8711-39c4-4d66-8aa7-a8dd6879d582 [2026-06-09T17:16:05.453811] Cell 97627064-d39d-436c-b0ed-bea89b1023f0 successfully destroyed container for instance 384f350e-cef4-400c-b476-6bcd55e69c72 (STDOUT, STG)#
#2026 06 09 17:16:21.280#Z#DEBUG#baf41888-6426-11f1-957b-eeee0a88a796.syzygy-launchpad-ai#flowable-async-job-executor-thread-1287#
[PollStageAppStatusExecution] 625f8711-39c4-4d66-8aa7-a8dd6879d582 [2026-06-09T17:15:13.557785] Added process: "web" (STDOUT, API)#
#2026 06 09 17:16:21.280#Z#DEBUG#baf41888-6426-11f1-957b-eeee0a88a796.syzygy-launchpad-ai#flowable-async-job-executor-thread-1287#
[PollStageAppStatusExecution] 625f8711-39c4-4d66-8aa7-a8dd6879d582 [2026-06-09T17:15:13.565925] Created app with guid 625f8711-39c4-4d66-8aa7-a8dd6879d582 (STDOUT, API)#
#2026 06 09 17:16:21.280#Z#DEBUG#baf41888-6426-11f1-957b-eeee0a88a796.syzygy-launchpad-ai#flowable-async-job-executor-thread-1287#
[PollStageAppStatusExecution] 625f8711-39c4-4d66-8aa7-a8dd6879d582 [2026-06-09T17:15:13.646963] Updating process: "web" (STDOUT, API)#
#2026 06 09 17:16:21.280#Z#DEBUG#baf41888-6426-11f1-957b-eeee0a88a796.syzygy-launchpad-ai#flowable-async-job-executor-thread-1287#
[PollStageAppStatusExecution] 625f8711-39c4-4d66-8aa7-a8dd6879d582 [2026-06-09T17:15:13.710377] Scaling process: "web" (STDOUT, API)#
#2026 06 09 17:16:21.280#Z#DEBUG#baf41888-6426-11f1-957b-eeee0a88a796.syzygy-launchpad-ai#flowable-async-job-executor-thread-1287#
[PollStageAppStatusExecution] 625f8711-39c4-4d66-8aa7-a8dd6879d582 [2026-06-09T17:15:31.165152] Uploading app package for app with guid 625f8711-39c4-4d66-8aa7-a8dd6879d582 (STDOUT, API)#
#2026 06 09 17:16:21.280#Z#DEBUG#baf41888-6426-11f1-957b-eeee0a88a796.syzygy-launchpad-ai#flowable-async-job-executor-thread-1287#
[PollStageAppStatusExecution] 625f8711-39c4-4d66-8aa7-a8dd6879d582 [2026-06-09T17:15:31.337387] Updated app with guid 625f8711-39c4-4d66-8aa7-a8dd6879d582 ({"environment_variables"=>"[PRIVATE DATA HIDDEN]"}) (STDOUT, API)#
#2026 06 09 17:16:21.280#Z#DEBUG#baf41888-6426-11f1-957b-eeee0a88a796.syzygy-launchpad-ai#flowable-async-job-executor-thread-1287#
[PollStageAppStatusExecution] 625f8711-39c4-4d66-8aa7-a8dd6879d582 [2026-06-09T17:15:41.256181] Creating build for app with guid 625f8711-39c4-4d66-8aa7-a8dd6879d582 (STDOUT, API)#
#2026 06 09 17:16:21.280#Z#DEBUG#baf41888-6426-11f1-957b-eeee0a88a796.syzygy-launchpad-ai#flowable-async-job-executor-thread-1287#
[PollStageAppStatusExecution] 625f8711-39c4-4d66-8aa7-a8dd6879d582 [2026-06-09T17:15:41.515580] Downloading python_buildpack... (STDOUT, STG)#
#2026 06 09 17:16:21.280#Z#DEBUG#baf41888-6426-11f1-957b-eeee0a88a796.syzygy-launchpad-ai#flowable-async-job-executor-thread-1287#
[PollStageAppStatusExecution] 625f8711-39c4-4d66-8aa7-a8dd6879d582 [2026-06-09T17:15:41.558561] Downloaded python_buildpack (STDOUT, STG)#
#2026 06 09 17:16:21.280#Z#DEBUG#baf41888-6426-11f1-957b-eeee0a88a796.syzygy-launchpad-ai#flowable-async-job-executor-thread-1287#
[PollStageAppStatusExecution] 625f8711-39c4-4d66-8aa7-a8dd6879d582 [2026-06-09T17:15:41.558630] Cell 8a873e0d-7aa6-4d03-8111-766d1455856a creating container for instance 766773cb-3f61-41bf-ae81-1ed996e561a7 (STDOUT, STG)#
#2026 06 09 17:16:21.280#Z#DEBUG#baf41888-6426-11f1-957b-eeee0a88a796.syzygy-launchpad-ai#flowable-async-job-executor-thread-1287#
[PollStageAppStatusExecution] 625f8711-39c4-4d66-8aa7-a8dd6879d582 [2026-06-09T17:15:41.926619] Security group rules were updated (STDOUT, STG)#
#2026 06 09 17:16:21.280#Z#DEBUG#baf41888-6426-11f1-957b-eeee0a88a796.syzygy-launchpad-ai#flowable-async-job-executor-thread-1287#
[PollStageAppStatusExecution] 625f8711-39c4-4d66-8aa7-a8dd6879d582 [2026-06-09T17:15:42.005926] Cell 8a873e0d-7aa6-4d03-8111-766d1455856a successfully created container for instance 766773cb-3f61-41bf-ae81-1ed996e561a7 (STDOUT, STG)#
#2026 06 09 17:16:21.280#Z#DEBUG#baf41888-6426-11f1-957b-eeee0a88a796.syzygy-launchpad-ai#flowable-async-job-executor-thread-1287#
[PollStageAppStatusExecution] 625f8711-39c4-4d66-8aa7-a8dd6879d582 [2026-06-09T17:15:42.245609] Downloading app package... (STDOUT, STG)#
#2026 06 09 17:16:21.280#Z#DEBUG#baf41888-6426-11f1-957b-eeee0a88a796.syzygy-launchpad-ai#flowable-async-job-executor-thread-1287#
[PollStageAppStatusExecution] 625f8711-39c4-4d66-8aa7-a8dd6879d582 [2026-06-09T17:15:42.297682] Downloaded app package (45.1K) (STDOUT, STG)#
#2026 06 09 17:16:21.280#Z#DEBUG#baf41888-6426-11f1-957b-eeee0a88a796.syzygy-launchpad-ai#flowable-async-job-executor-thread-1287#
[PollStageAppStatusExecution] 625f8711-39c4-4d66-8aa7-a8dd6879d582 [2026-06-09T17:15:42.363408] -----> Python Buildpack version 1.8.43 (STDOUT, STG)#
#2026 06 09 17:16:21.280#Z#DEBUG#baf41888-6426-11f1-957b-eeee0a88a796.syzygy-launchpad-ai#flowable-async-job-executor-thread-1287#
[PollStageAppStatusExecution] 625f8711-39c4-4d66-8aa7-a8dd6879d582 [2026-06-09T17:15:42.364113] -----> Supplying Python (STDOUT, STG)#
#2026 06 09 17:16:21.280#Z#DEBUG#baf41888-6426-11f1-957b-eeee0a88a796.syzygy-launchpad-ai#flowable-async-job-executor-thread-1287#
[PollStageAppStatusExecution] 625f8711-39c4-4d66-8aa7-a8dd6879d582 [2026-06-09T17:15:42.364436] [31;1m**ERROR**[0m Could not install python: no match found for 3.12.6 in [3.9.25 3.10.19 3.11.14 3.12.12 3.13.11 3.14.2] (STDOUT, STG)#
#2026 06 09 17:16:21.280#Z#DEBUG#baf41888-6426-11f1-957b-eeee0a88a796.syzygy-launchpad-ai#flowable-async-job-executor-thread-1287#
[PollStageAppStatusExecution] 625f8711-39c4-4d66-8aa7-a8dd6879d582 [2026-06-09T17:15:42.365764] Failed to compile droplet: Failed to run all supply scripts: exit status 14 (STDERR, STG)#
#2026 06 09 17:16:21.280#Z#DEBUG#baf41888-6426-11f1-957b-eeee0a88a796.syzygy-launchpad-ai#flowable-async-job-executor-thread-1287#
[PollStageAppStatusExecution] 625f8711-39c4-4d66-8aa7-a8dd6879d582 [2026-06-09T17:15:42.371779] Failed to read buildpack config.yml for buildpack key b48f5b4b-800f-4e50-a451-3147b72cbda9_a198a8126f9ea1788e5b6444bf82a728dca43c9b3466c1684e768175e92d1205: open /tmp/contents3780276694/deps/0/config.yml: no such file or directoryExit status 223 (STDOUT, STG)#
#2026 06 09 17:16:21.280#Z#DEBUG#baf41888-6426-11f1-957b-eeee0a88a796.syzygy-launchpad-ai#flowable-async-job-executor-thread-1287#
[PollStageAppStatusExecution] 625f8711-39c4-4d66-8aa7-a8dd6879d582 [2026-06-09T17:15:43.309457] Cell 8a873e0d-7aa6-4d03-8111-766d1455856a stopping instance 766773cb-3f61-41bf-ae81-1ed996e561a7 (STDOUT, STG)#
#2026 06 09 17:16:21.280#Z#DEBUG#baf41888-6426-11f1-957b-eeee0a88a796.syzygy-launchpad-ai#flowable-async-job-executor-thread-1287#
[PollStageAppStatusExecution] 625f8711-39c4-4d66-8aa7-a8dd6879d582 [2026-06-09T17:15:43.309503] Cell 8a873e0d-7aa6-4d03-8111-766d1455856a destroying container for instance 766773cb-3f61-41bf-ae81-1ed996e561a7 (STDOUT, STG)#
#2026 06 09 17:16:21.280#Z#DEBUG#baf41888-6426-11f1-957b-eeee0a88a796.syzygy-launchpad-ai#flowable-async-job-executor-thread-1287#
[PollStageAppStatusExecution] 625f8711-39c4-4d66-8aa7-a8dd6879d582 [2026-06-09T17:15:43.346345] Staging failed for build 766773cb-3f61-41bf-ae81-1ed996e561a7 (STDOUT, API)#
#2026 06 09 17:16:21.280#Z#DEBUG#baf41888-6426-11f1-957b-eeee0a88a796.syzygy-launchpad-ai#flowable-async-job-executor-thread-1287#
[PollStageAppStatusExecution] 625f8711-39c4-4d66-8aa7-a8dd6879d582 [2026-06-09T17:15:43.362092] Failed to stage build: staging failed (STDERR, API)#
#2026 06 09 17:16:21.280#Z#DEBUG#baf41888-6426-11f1-957b-eeee0a88a796.syzygy-launchpad-ai#flowable-async-job-executor-thread-1287#
[PollStageAppStatusExecution] 625f8711-39c4-4d66-8aa7-a8dd6879d582 [2026-06-09T17:15:44.271344] Cell 8a873e0d-7aa6-4d03-8111-766d1455856a successfully destroyed container for instance 766773cb-3f61-41bf-ae81-1ed996e561a7 (STDOUT, STG)#
#2026 06 09 17:16:21.280#Z#DEBUG#baf41888-6426-11f1-957b-eeee0a88a796.syzygy-launchpad-ai#flowable-async-job-executor-thread-1287#
[PollStageAppStatusExecution] 625f8711-39c4-4d66-8aa7-a8dd6879d582 [2026-06-09T17:15:54.907818] Creating build for app with guid 625f8711-39c4-4d66-8aa7-a8dd6879d582 (STDOUT, API)#
#2026 06 09 17:16:21.280#Z#DEBUG#baf41888-6426-11f1-957b-eeee0a88a796.syzygy-launchpad-ai#flowable-async-job-executor-thread-1287#
[PollStageAppStatusExecution] 625f8711-39c4-4d66-8aa7-a8dd6879d582 [2026-06-09T17:15:55.200121] Downloading python_buildpack... (STDOUT, STG)#
#2026 06 09 17:16:21.280#Z#DEBUG#baf41888-6426-11f1-957b-eeee0a88a796.syzygy-launchpad-ai#flowable-async-job-executor-thread-1287#
[PollStageAppStatusExecution] 625f8711-39c4-4d66-8aa7-a8dd6879d582 [2026-06-09T17:15:55.286734] Downloaded python_buildpack (STDOUT, STG)#
#2026 06 09 17:16:21.280#Z#DEBUG#baf41888-6426-11f1-957b-eeee0a88a796.syzygy-launchpad-ai#flowable-async-job-executor-thread-1287#
[PollStageAppStatusExecution] 625f8711-39c4-4d66-8aa7-a8dd6879d582 [2026-06-09T17:15:55.286821] Cell cefdac31-e0ff-490b-a2c5-6a3cdfb54163 creating container for instance c9150ee4-e88e-4f15-8f9c-b55bbc7f43aa (STDOUT, STG)#
#2026 06 09 17:16:21.280#Z#DEBUG#baf41888-6426-11f1-957b-eeee0a88a796.syzygy-launchpad-ai#flowable-async-job-executor-thread-1287#
[PollStageAppStatusExecution] 625f8711-39c4-4d66-8aa7-a8dd6879d582 [2026-06-09T17:15:55.682429] Security group rules were updated (STDOUT, STG)#
#2026 06 09 17:16:21.280#Z#DEBUG#baf41888-6426-11f1-957b-eeee0a88a796.syzygy-launchpad-ai#flowable-async-job-executor-thread-1287#
[PollStageAppStatusExecution] 625f8711-39c4-4d66-8aa7-a8dd6879d582 [2026-06-09T17:15:55.757849] Cell cefdac31-e0ff-490b-a2c5-6a3cdfb54163 successfully created container for instance c9150ee4-e88e-4f15-8f9c-b55bbc7f43aa (STDOUT, STG)#
#2026 06 09 17:16:21.280#Z#DEBUG#baf41888-6426-11f1-957b-eeee0a88a796.syzygy-launchpad-ai#flowable-async-job-executor-thread-1287#
[PollStageAppStatusExecution] 625f8711-39c4-4d66-8aa7-a8dd6879d582 [2026-06-09T17:15:56.302202] Downloading app package... (STDOUT, STG)#
#2026 06 09 17:16:21.280#Z#DEBUG#baf41888-6426-11f1-957b-eeee0a88a796.syzygy-launchpad-ai#flowable-async-job-executor-thread-1287#
[PollStageAppStatusExecution] 625f8711-39c4-4d66-8aa7-a8dd6879d582 [2026-06-09T17:15:56.356727] Downloaded app package (45.1K) (STDOUT, STG)#
#2026 06 09 17:16:21.280#Z#DEBUG#baf41888-6426-11f1-957b-eeee0a88a796.syzygy-launchpad-ai#flowable-async-job-executor-thread-1287#
[PollStageAppStatusExecution] 625f8711-39c4-4d66-8aa7-a8dd6879d582 [2026-06-09T17:15:56.424338] -----> Python Buildpack version 1.8.43 (STDOUT, STG)#
#2026 06 09 17:16:21.280#Z#DEBUG#baf41888-6426-11f1-957b-eeee0a88a796.syzygy-launchpad-ai#flowable-async-job-executor-thread-1287#
[PollStageAppStatusExecution] 625f8711-39c4-4d66-8aa7-a8dd6879d582 [2026-06-09T17:15:56.425156] -----> Supplying Python (STDOUT, STG)#
#2026 06 09 17:16:21.280#Z#DEBUG#baf41888-6426-11f1-957b-eeee0a88a796.syzygy-launchpad-ai#flowable-async-job-executor-thread-1287#
[PollStageAppStatusExecution] 625f8711-39c4-4d66-8aa7-a8dd6879d582 [2026-06-09T17:15:56.425519] [31;1m**ERROR**[0m Could not install python: no match found for 3.12.6 in [3.9.25 3.10.19 3.11.14 3.12.12 3.13.11 3.14.2] (STDOUT, STG)#
#2026 06 09 17:16:21.280#Z#DEBUG#baf41888-6426-11f1-957b-eeee0a88a796.syzygy-launchpad-ai#flowable-async-job-executor-thread-1287#
[PollStageAppStatusExecution] 625f8711-39c4-4d66-8aa7-a8dd6879d582 [2026-06-09T17:15:56.427124] Failed to compile droplet: Failed to run all supply scripts: exit status 14 (STDERR, STG)#
#2026 06 09 17:16:21.280#Z#DEBUG#baf41888-6426-11f1-957b-eeee0a88a796.syzygy-launchpad-ai#flowable-async-job-executor-thread-1287#
[PollStageAppStatusExecution] 625f8711-39c4-4d66-8aa7-a8dd6879d582 [2026-06-09T17:15:56.433253] Failed to read buildpack config.yml for buildpack key b48f5b4b-800f-4e50-a451-3147b72cbda9_a198a8126f9ea1788e5b6444bf82a728dca43c9b3466c1684e768175e92d1205: open /tmp/contents3332217960/deps/0/config.yml: no such file or directoryExit status 223 (STDOUT, STG)#
#2026 06 09 17:16:21.280#Z#DEBUG#baf41888-6426-11f1-957b-eeee0a88a796.syzygy-launchpad-ai#flowable-async-job-executor-thread-1287#
[PollStageAppStatusExecution] 625f8711-39c4-4d66-8aa7-a8dd6879d582 [2026-06-09T17:15:57.272773] Cell cefdac31-e0ff-490b-a2c5-6a3cdfb54163 stopping instance c9150ee4-e88e-4f15-8f9c-b55bbc7f43aa (STDOUT, STG)#
#2026 06 09 17:16:21.280#Z#DEBUG#baf41888-6426-11f1-957b-eeee0a88a796.syzygy-launchpad-ai#flowable-async-job-executor-thread-1287#
[PollStageAppStatusExecution] 625f8711-39c4-4d66-8aa7-a8dd6879d582 [2026-06-09T17:15:57.272806] Cell cefdac31-e0ff-490b-a2c5-6a3cdfb54163 destroying container for instance c9150ee4-e88e-4f15-8f9c-b55bbc7f43aa (STDOUT, STG)#
#2026 06 09 17:16:21.280#Z#DEBUG#baf41888-6426-11f1-957b-eeee0a88a796.syzygy-launchpad-ai#flowable-async-job-executor-thread-1287#
[PollStageAppStatusExecution] 625f8711-39c4-4d66-8aa7-a8dd6879d582 [2026-06-09T17:15:57.315775] Staging failed for build c9150ee4-e88e-4f15-8f9c-b55bbc7f43aa (STDOUT, API)#
#2026 06 09 17:16:21.280#Z#DEBUG#baf41888-6426-11f1-957b-eeee0a88a796.syzygy-launchpad-ai#flowable-async-job-executor-thread-1287#
[PollStageAppStatusExecution] 625f8711-39c4-4d66-8aa7-a8dd6879d582 [2026-06-09T17:15:57.330808] Failed to stage build: staging failed (STDERR, API)#
#2026 06 09 17:16:21.280#Z#DEBUG#baf41888-6426-11f1-957b-eeee0a88a796.syzygy-launchpad-ai#flowable-async-job-executor-thread-1287#
[PollStageAppStatusExecution] 625f8711-39c4-4d66-8aa7-a8dd6879d582 [2026-06-09T17:15:58.203044] Cell cefdac31-e0ff-490b-a2c5-6a3cdfb54163 successfully destroyed container for instance c9150ee4-e88e-4f15-8f9c-b55bbc7f43aa (STDOUT, STG)#
#2026 06 09 17:16:21.280#Z#DEBUG#baf41888-6426-11f1-957b-eeee0a88a796.syzygy-launchpad-ai#flowable-async-job-executor-thread-1287#
[PollStageAppStatusExecution] 625f8711-39c4-4d66-8aa7-a8dd6879d582 [2026-06-09T17:16:02.451345] Creating build for app with guid 625f8711-39c4-4d66-8aa7-a8dd6879d582 (STDOUT, API)#
#2026 06 09 17:16:21.280#Z#DEBUG#baf41888-6426-11f1-957b-eeee0a88a796.syzygy-launchpad-ai#flowable-async-job-executor-thread-1287#
[PollStageAppStatusExecution] 625f8711-39c4-4d66-8aa7-a8dd6879d582 [2026-06-09T17:16:02.750458] Downloading python_buildpack... (STDOUT, STG)#
#2026 06 09 17:16:21.280#Z#DEBUG#baf41888-6426-11f1-957b-eeee0a88a796.syzygy-launchpad-ai#flowable-async-job-executor-thread-1287#
[PollStageAppStatusExecution] 625f8711-39c4-4d66-8aa7-a8dd6879d582 [2026-06-09T17:16:02.792559] Downloaded python_buildpack (STDOUT, STG)#
#2026 06 09 17:16:21.280#Z#DEBUG#baf41888-6426-11f1-957b-eeee0a88a796.syzygy-launchpad-ai#flowable-async-job-executor-thread-1287#
[PollStageAppStatusExecution] 625f8711-39c4-4d66-8aa7-a8dd6879d582 [2026-06-09T17:16:02.792642] Cell 97627064-d39d-436c-b0ed-bea89b1023f0 creating container for instance 384f350e-cef4-400c-b476-6bcd55e69c72 (STDOUT, STG)#
#2026 06 09 17:16:21.280#Z#DEBUG#baf41888-6426-11f1-957b-eeee0a88a796.syzygy-launchpad-ai#flowable-async-job-executor-thread-1287#
[PollStageAppStatusExecution] 625f8711-39c4-4d66-8aa7-a8dd6879d582 [2026-06-09T17:16:03.249442] Security group rules were updated (STDOUT, STG)#
#2026 06 09 17:16:21.280#Z#DEBUG#baf41888-6426-11f1-957b-eeee0a88a796.syzygy-launchpad-ai#flowable-async-job-executor-thread-1287#
[PollStageAppStatusExecution] 625f8711-39c4-4d66-8aa7-a8dd6879d582 [2026-06-09T17:16:03.317395] Cell 97627064-d39d-436c-b0ed-bea89b1023f0 successfully created container for instance 384f350e-cef4-400c-b476-6bcd55e69c72 (STDOUT, STG)#
#2026 06 09 17:16:21.280#Z#DEBUG#baf41888-6426-11f1-957b-eeee0a88a796.syzygy-launchpad-ai#flowable-async-job-executor-thread-1287#
[PollStageAppStatusExecution] 625f8711-39c4-4d66-8aa7-a8dd6879d582 [2026-06-09T17:16:03.907895] Downloading app package... (STDOUT, STG)#
#2026 06 09 17:16:21.280#Z#DEBUG#baf41888-6426-11f1-957b-eeee0a88a796.syzygy-launchpad-ai#flowable-async-job-executor-thread-1287#
[PollStageAppStatusExecution] 625f8711-39c4-4d66-8aa7-a8dd6879d582 [2026-06-09T17:16:03.963542] Downloaded app package (45.1K) (STDOUT, STG)#
#2026 06 09 17:16:21.280#Z#DEBUG#baf41888-6426-11f1-957b-eeee0a88a796.syzygy-launchpad-ai#flowable-async-job-executor-thread-1287#
[PollStageAppStatusExecution] 625f8711-39c4-4d66-8aa7-a8dd6879d582 [2026-06-09T17:16:04.029060] -----> Python Buildpack version 1.8.43 (STDOUT, STG)#
#2026 06 09 17:16:21.280#Z#DEBUG#baf41888-6426-11f1-957b-eeee0a88a796.syzygy-launchpad-ai#flowable-async-job-executor-thread-1287#
[PollStageAppStatusExecution] 625f8711-39c4-4d66-8aa7-a8dd6879d582 [2026-06-09T17:16:04.029734] -----> Supplying Python (STDOUT, STG)#
#2026 06 09 17:16:21.280#Z#DEBUG#baf41888-6426-11f1-957b-eeee0a88a796.syzygy-launchpad-ai#flowable-async-job-executor-thread-1287#
[PollStageAppStatusExecution] 625f8711-39c4-4d66-8aa7-a8dd6879d582 [2026-06-09T17:16:04.030105] [31;1m**ERROR**[0m Could not install python: no match found for 3.12.6 in [3.9.25 3.10.19 3.11.14 3.12.12 3.13.11 3.14.2] (STDOUT, STG)#
#2026 06 09 17:16:21.280#Z#DEBUG#baf41888-6426-11f1-957b-eeee0a88a796.syzygy-launchpad-ai#flowable-async-job-executor-thread-1287#
[PollStageAppStatusExecution] 625f8711-39c4-4d66-8aa7-a8dd6879d582 [2026-06-09T17:16:04.031259] Failed to compile droplet: Failed to run all supply scripts: exit status 14 (STDERR, STG)#
#2026 06 09 17:16:21.280#Z#DEBUG#baf41888-6426-11f1-957b-eeee0a88a796.syzygy-launchpad-ai#flowable-async-job-executor-thread-1287#
[PollStageAppStatusExecution] 625f8711-39c4-4d66-8aa7-a8dd6879d582 [2026-06-09T17:16:04.037346] Failed to read buildpack config.yml for buildpack key b48f5b4b-800f-4e50-a451-3147b72cbda9_a198a8126f9ea1788e5b6444bf82a728dca43c9b3466c1684e768175e92d1205: open /tmp/contents1637244689/deps/0/config.yml: no such file or directoryExit status 223 (STDOUT, STG)#
#2026 06 09 17:16:21.280#Z#DEBUG#baf41888-6426-11f1-957b-eeee0a88a796.syzygy-launchpad-ai#flowable-async-job-executor-thread-1287#
[PollStageAppStatusExecution] 625f8711-39c4-4d66-8aa7-a8dd6879d582 [2026-06-09T17:16:04.449914] Cell 97627064-d39d-436c-b0ed-bea89b1023f0 stopping instance 384f350e-cef4-400c-b476-6bcd55e69c72 (STDOUT, STG)#
#2026 06 09 17:16:21.280#Z#DEBUG#baf41888-6426-11f1-957b-eeee0a88a796.syzygy-launchpad-ai#flowable-async-job-executor-thread-1287#
[PollStageAppStatusExecution] 625f8711-39c4-4d66-8aa7-a8dd6879d582 [2026-06-09T17:16:04.449995] Cell 97627064-d39d-436c-b0ed-bea89b1023f0 destroying container for instance 384f350e-cef4-400c-b476-6bcd55e69c72 (STDOUT, STG)#
#2026 06 09 17:16:21.280#Z#DEBUG#baf41888-6426-11f1-957b-eeee0a88a796.syzygy-launchpad-ai#flowable-async-job-executor-thread-1287#
[PollStageAppStatusExecution] 625f8711-39c4-4d66-8aa7-a8dd6879d582 [2026-06-09T17:16:04.482134] Staging failed for build 384f350e-cef4-400c-b476-6bcd55e69c72 (STDOUT, API)#
#2026 06 09 17:16:21.280#Z#DEBUG#baf41888-6426-11f1-957b-eeee0a88a796.syzygy-launchpad-ai#flowable-async-job-executor-thread-1287#
[PollStageAppStatusExecution] 625f8711-39c4-4d66-8aa7-a8dd6879d582 [2026-06-09T17:16:04.492360] Failed to stage build: staging failed (STDERR, API)#
#2026 06 09 17:16:21.280#Z#DEBUG#baf41888-6426-11f1-957b-eeee0a88a796.syzygy-launchpad-ai#flowable-async-job-executor-thread-1287#
[PollStageAppStatusExecution] 625f8711-39c4-4d66-8aa7-a8dd6879d582 [2026-06-09T17:16:05.453811] Cell 97627064-d39d-436c-b0ed-bea89b1023f0 successfully destroyed container for instance 384f350e-cef4-400c-b476-6bcd55e69c72 (STDOUT, STG)#
#2026 06 09 17:16:21.280#Z#DEBUG#baf41888-6426-11f1-957b-eeee0a88a796.syzygy-launchpad-ai#flowable-async-job-executor-thread-1287#
[PollStageAppStatusExecution] 625f8711-39c4-4d66-8aa7-a8dd6879d582 [2026-06-09T17:16:13.410947] Creating build for app with guid 625f8711-39c4-4d66-8aa7-a8dd6879d582 (STDOUT, API)#
#2026 06 09 17:16:21.280#Z#DEBUG#baf41888-6426-11f1-957b-eeee0a88a796.syzygy-launchpad-ai#flowable-async-job-executor-thread-1287#
[PollStageAppStatusExecution] 625f8711-39c4-4d66-8aa7-a8dd6879d582 [2026-06-09T17:16:13.717911] Downloading python_buildpack... (STDOUT, STG)#
#2026 06 09 17:16:21.280#Z#DEBUG#baf41888-6426-11f1-957b-eeee0a88a796.syzygy-launchpad-ai#flowable-async-job-executor-thread-1287#
[PollStageAppStatusExecution] 625f8711-39c4-4d66-8aa7-a8dd6879d582 [2026-06-09T17:16:13.760646] Downloaded python_buildpack (STDOUT, STG)#
#2026 06 09 17:16:21.280#Z#DEBUG#baf41888-6426-11f1-957b-eeee0a88a796.syzygy-launchpad-ai#flowable-async-job-executor-thread-1287#
[PollStageAppStatusExecution] 625f8711-39c4-4d66-8aa7-a8dd6879d582 [2026-06-09T17:16:13.760799] Cell badfc5c9-25dd-4b40-ad1e-4cbbd8c61108 creating container for instance d12da3ba-49e2-48d4-bedd-8dc731372a5a (STDOUT, STG)#
#2026 06 09 17:16:21.280#Z#DEBUG#baf41888-6426-11f1-957b-eeee0a88a796.syzygy-launchpad-ai#flowable-async-job-executor-thread-1287#
[PollStageAppStatusExecution] 625f8711-39c4-4d66-8aa7-a8dd6879d582 [2026-06-09T17:16:14.213387] Security group rules were updated (STDOUT, STG)#
#2026 06 09 17:16:21.280#Z#DEBUG#baf41888-6426-11f1-957b-eeee0a88a796.syzygy-launchpad-ai#flowable-async-job-executor-thread-1287#
[PollStageAppStatusExecution] 625f8711-39c4-4d66-8aa7-a8dd6879d582 [2026-06-09T17:16:14.277448] Cell badfc5c9-25dd-4b40-ad1e-4cbbd8c61108 successfully created container for instance d12da3ba-49e2-48d4-bedd-8dc731372a5a (STDOUT, STG)#
#2026 06 09 17:16:21.280#Z#DEBUG#baf41888-6426-11f1-957b-eeee0a88a796.syzygy-launchpad-ai#flowable-async-job-executor-thread-1287#
[PollStageAppStatusExecution] 625f8711-39c4-4d66-8aa7-a8dd6879d582 [2026-06-09T17:16:14.518813] Downloading app package... (STDOUT, STG)#
#2026 06 09 17:16:21.280#Z#DEBUG#baf41888-6426-11f1-957b-eeee0a88a796.syzygy-launchpad-ai#flowable-async-job-executor-thread-1287#
[PollStageAppStatusExecution] 625f8711-39c4-4d66-8aa7-a8dd6879d582 [2026-06-09T17:16:14.595128] Downloaded app package (45.1K) (STDOUT, STG)#
#2026 06 09 17:16:21.280#Z#DEBUG#baf41888-6426-11f1-957b-eeee0a88a796.syzygy-launchpad-ai#flowable-async-job-executor-thread-1287#
[PollStageAppStatusExecution] 625f8711-39c4-4d66-8aa7-a8dd6879d582 [2026-06-09T17:16:14.662045] -----> Python Buildpack version 1.8.43 (STDOUT, STG)#
#2026 06 09 17:16:21.280#Z#DEBUG#baf41888-6426-11f1-957b-eeee0a88a796.syzygy-launchpad-ai#flowable-async-job-executor-thread-1287#
[PollStageAppStatusExecution] 625f8711-39c4-4d66-8aa7-a8dd6879d582 [2026-06-09T17:16:14.662700] -----> Supplying Python (STDOUT, STG)#
#2026 06 09 17:16:21.280#Z#DEBUG#baf41888-6426-11f1-957b-eeee0a88a796.syzygy-launchpad-ai#flowable-async-job-executor-thread-1287#
[PollStageAppStatusExecution] 625f8711-39c4-4d66-8aa7-a8dd6879d582 [2026-06-09T17:16:14.663016] [31;1m**ERROR**[0m Could not install python: no match found for 3.12.6 in [3.9.25 3.10.19 3.11.14 3.12.12 3.13.11 3.14.2] (STDOUT, STG)#
#2026 06 09 17:16:21.280#Z#DEBUG#baf41888-6426-11f1-957b-eeee0a88a796.syzygy-launchpad-ai#flowable-async-job-executor-thread-1287#
[PollStageAppStatusExecution] 625f8711-39c4-4d66-8aa7-a8dd6879d582 [2026-06-09T17:16:14.664584] Failed to compile droplet: Failed to run all supply scripts: exit status 14 (STDERR, STG)#
#2026 06 09 17:16:21.280#Z#DEBUG#baf41888-6426-11f1-957b-eeee0a88a796.syzygy-launchpad-ai#flowable-async-job-executor-thread-1287#
[PollStageAppStatusExecution] 625f8711-39c4-4d66-8aa7-a8dd6879d582 [2026-06-09T17:16:14.669716] Failed to read buildpack config.yml for buildpack key b48f5b4b-800f-4e50-a451-3147b72cbda9_a198a8126f9ea1788e5b6444bf82a728dca43c9b3466c1684e768175e92d1205: open /tmp/contents2773523595/deps/0/config.yml: no such file or directoryExit status 223 (STDOUT, STG)#
#2026 06 09 17:16:21.280#Z#DEBUG#baf41888-6426-11f1-957b-eeee0a88a796.syzygy-launchpad-ai#flowable-async-job-executor-thread-1287#
[PollStageAppStatusExecution] 625f8711-39c4-4d66-8aa7-a8dd6879d582 [2026-06-09T17:16:15.165668] Cell badfc5c9-25dd-4b40-ad1e-4cbbd8c61108 stopping instance d12da3ba-49e2-48d4-bedd-8dc731372a5a (STDOUT, STG)#
#2026 06 09 17:16:21.280#Z#DEBUG#baf41888-6426-11f1-957b-eeee0a88a796.syzygy-launchpad-ai#flowable-async-job-executor-thread-1287#
[PollStageAppStatusExecution] 625f8711-39c4-4d66-8aa7-a8dd6879d582 [2026-06-09T17:16:15.165725] Cell badfc5c9-25dd-4b40-ad1e-4cbbd8c61108 destroying container for instance d12da3ba-49e2-48d4-bedd-8dc731372a5a (STDOUT, STG)#
#2026 06 09 17:16:21.280#Z#DEBUG#baf41888-6426-11f1-957b-eeee0a88a796.syzygy-launchpad-ai#flowable-async-job-executor-thread-1287#
[PollStageAppStatusExecution] 625f8711-39c4-4d66-8aa7-a8dd6879d582 [2026-06-09T17:16:15.201652] Staging failed for build d12da3ba-49e2-48d4-bedd-8dc731372a5a (STDOUT, API)#
#2026 06 09 17:16:21.280#Z#DEBUG#baf41888-6426-11f1-957b-eeee0a88a796.syzygy-launchpad-ai#flowable-async-job-executor-thread-1287#
[PollStageAppStatusExecution] 625f8711-39c4-4d66-8aa7-a8dd6879d582 [2026-06-09T17:16:15.210670] Failed to stage build: staging failed (STDERR, API)#
#2026 06 09 17:16:21.280#Z#DEBUG#baf41888-6426-11f1-957b-eeee0a88a796.syzygy-launchpad-ai#flowable-async-job-executor-thread-1287#
[PollStageAppStatusExecution] 625f8711-39c4-4d66-8aa7-a8dd6879d582 [2026-06-09T17:16:16.139564] Cell badfc5c9-25dd-4b40-ad1e-4cbbd8c61108 successfully destroyed container for instance d12da3ba-49e2-48d4-bedd-8dc731372a5a (STDOUT, STG)#
