#2026 06 09 17:15:41.133#Z#DEBUG#baf41888-6426-11f1-957b-eeee0a88a796.syzygy-launchpad-db-deployer#flowable-async-job-executor-thread-1254#
[PollStageAppStatusExecution] b9d5c410-b70a-4736-8fd4-85e30a4e529a [2026-06-09T17:15:14.561477] Updated app with guid b9d5c410-b70a-4736-8fd4-85e30a4e529a ({"lifecycle"=>{"data"=>{"buildpacks"=>["nodejs_buildpack"]}, "type"=>"buildpack"}}) (STDOUT, API)#
#2026 06 09 17:15:41.133#Z#DEBUG#baf41888-6426-11f1-957b-eeee0a88a796.syzygy-launchpad-db-deployer#flowable-async-job-executor-thread-1254#
[PollStageAppStatusExecution] b9d5c410-b70a-4736-8fd4-85e30a4e529a [2026-06-09T17:15:14.649604] Updating process: "web" (STDOUT, API)#
#2026 06 09 17:15:41.133#Z#DEBUG#baf41888-6426-11f1-957b-eeee0a88a796.syzygy-launchpad-db-deployer#flowable-async-job-executor-thread-1254#
[PollStageAppStatusExecution] b9d5c410-b70a-4736-8fd4-85e30a4e529a [2026-06-09T17:15:21.199087] Uploading app package for app with guid b9d5c410-b70a-4736-8fd4-85e30a4e529a (STDOUT, API)#
#2026 06 09 17:15:41.133#Z#DEBUG#baf41888-6426-11f1-957b-eeee0a88a796.syzygy-launchpad-db-deployer#flowable-async-job-executor-thread-1254#
[PollStageAppStatusExecution] b9d5c410-b70a-4736-8fd4-85e30a4e529a [2026-06-09T17:15:21.379627] Updated app with guid b9d5c410-b70a-4736-8fd4-85e30a4e529a ({"environment_variables"=>"[PRIVATE DATA HIDDEN]"}) (STDOUT, API)#
#2026 06 09 17:15:41.133#Z#DEBUG#baf41888-6426-11f1-957b-eeee0a88a796.syzygy-launchpad-db-deployer#flowable-async-job-executor-thread-1254#
[PollStageAppStatusExecution] b9d5c410-b70a-4736-8fd4-85e30a4e529a [2026-06-09T17:15:31.276768] Creating build for app with guid b9d5c410-b70a-4736-8fd4-85e30a4e529a (STDOUT, API)#
#2026 06 09 17:15:41.133#Z#DEBUG#baf41888-6426-11f1-957b-eeee0a88a796.syzygy-launchpad-db-deployer#flowable-async-job-executor-thread-1254#
[PollStageAppStatusExecution] b9d5c410-b70a-4736-8fd4-85e30a4e529a [2026-06-09T17:15:31.597197] Downloading nodejs_buildpack... (STDOUT, STG)#
#2026 06 09 17:15:41.133#Z#DEBUG#baf41888-6426-11f1-957b-eeee0a88a796.syzygy-launchpad-db-deployer#flowable-async-job-executor-thread-1254#
[PollStageAppStatusExecution] b9d5c410-b70a-4736-8fd4-85e30a4e529a [2026-06-09T17:15:31.641095] Downloaded nodejs_buildpack (STDOUT, STG)#
#2026 06 09 17:15:41.133#Z#DEBUG#baf41888-6426-11f1-957b-eeee0a88a796.syzygy-launchpad-db-deployer#flowable-async-job-executor-thread-1254#
[PollStageAppStatusExecution] b9d5c410-b70a-4736-8fd4-85e30a4e529a [2026-06-09T17:15:31.641149] Cell badfc5c9-25dd-4b40-ad1e-4cbbd8c61108 creating container for instance 6a53fa27-abea-4e3b-a3c9-2a8b3a36d32f (STDOUT, STG)#
#2026 06 09 17:15:41.133#Z#DEBUG#baf41888-6426-11f1-957b-eeee0a88a796.syzygy-launchpad-db-deployer#flowable-async-job-executor-thread-1254#
[PollStageAppStatusExecution] b9d5c410-b70a-4736-8fd4-85e30a4e529a [2026-06-09T17:15:32.021510] Security group rules were updated (STDOUT, STG)#
#2026 06 09 17:15:41.133#Z#DEBUG#baf41888-6426-11f1-957b-eeee0a88a796.syzygy-launchpad-db-deployer#flowable-async-job-executor-thread-1254#
[PollStageAppStatusExecution] b9d5c410-b70a-4736-8fd4-85e30a4e529a [2026-06-09T17:15:32.121841] Cell badfc5c9-25dd-4b40-ad1e-4cbbd8c61108 successfully created container for instance 6a53fa27-abea-4e3b-a3c9-2a8b3a36d32f (STDOUT, STG)#
#2026 06 09 17:15:41.133#Z#DEBUG#baf41888-6426-11f1-957b-eeee0a88a796.syzygy-launchpad-db-deployer#flowable-async-job-executor-thread-1254#
[PollStageAppStatusExecution] b9d5c410-b70a-4736-8fd4-85e30a4e529a [2026-06-09T17:15:32.500271] Downloading app package... (STDOUT, STG)#
#2026 06 09 17:15:41.133#Z#DEBUG#baf41888-6426-11f1-957b-eeee0a88a796.syzygy-launchpad-db-deployer#flowable-async-job-executor-thread-1254#
[PollStageAppStatusExecution] b9d5c410-b70a-4736-8fd4-85e30a4e529a [2026-06-09T17:15:32.500324] Downloading build artifacts cache... (STDOUT, STG)#
#2026 06 09 17:15:41.133#Z#DEBUG#baf41888-6426-11f1-957b-eeee0a88a796.syzygy-launchpad-db-deployer#flowable-async-job-executor-thread-1254#
[PollStageAppStatusExecution] b9d5c410-b70a-4736-8fd4-85e30a4e529a [2026-06-09T17:15:32.593681] Downloaded build artifacts cache (222B) (STDOUT, STG)#
#2026 06 09 17:15:41.133#Z#DEBUG#baf41888-6426-11f1-957b-eeee0a88a796.syzygy-launchpad-db-deployer#flowable-async-job-executor-thread-1254#
[PollStageAppStatusExecution] b9d5c410-b70a-4736-8fd4-85e30a4e529a [2026-06-09T17:15:32.801409] Downloaded app package (2.3M) (STDOUT, STG)#
#2026 06 09 17:15:41.133#Z#DEBUG#baf41888-6426-11f1-957b-eeee0a88a796.syzygy-launchpad-db-deployer#flowable-async-job-executor-thread-1254#
[PollStageAppStatusExecution] b9d5c410-b70a-4736-8fd4-85e30a4e529a [2026-06-09T17:15:32.868209] -----> Nodejs Buildpack version 1.8.44 (STDOUT, STG)#
#2026 06 09 17:15:41.133#Z#DEBUG#baf41888-6426-11f1-957b-eeee0a88a796.syzygy-launchpad-db-deployer#flowable-async-job-executor-thread-1254#
[PollStageAppStatusExecution] b9d5c410-b70a-4736-8fd4-85e30a4e529a [2026-06-09T17:15:32.958995] -----> Bootstrapping python (STDOUT, STG)#
#2026 06 09 17:15:41.133#Z#DEBUG#baf41888-6426-11f1-957b-eeee0a88a796.syzygy-launchpad-db-deployer#flowable-async-job-executor-thread-1254#
[PollStageAppStatusExecution] b9d5c410-b70a-4736-8fd4-85e30a4e529a [2026-06-09T17:15:32.959017] -----> Installing python 3.11.14 (STDOUT, STG)#
#2026 06 09 17:15:41.133#Z#DEBUG#baf41888-6426-11f1-957b-eeee0a88a796.syzygy-launchpad-db-deployer#flowable-async-job-executor-thread-1254#
[PollStageAppStatusExecution] b9d5c410-b70a-4736-8fd4-85e30a4e529a [2026-06-09T17:15:32.959066] Copy [/tmp/buildpacks/bebd3a52ea6e985b/dependencies/b5e0345ae0ae1932e7d56fffaa49a487/python_3.11.14_linux_x64_cflinuxfs4_66f53248.tgz] (STDOUT, STG)#
#2026 06 09 17:15:41.133#Z#DEBUG#baf41888-6426-11f1-957b-eeee0a88a796.syzygy-launchpad-db-deployer#flowable-async-job-executor-thread-1254#
[PollStageAppStatusExecution] b9d5c410-b70a-4736-8fd4-85e30a4e529a [2026-06-09T17:15:35.874227] -----> Installing binaries (STDOUT, STG)#
#2026 06 09 17:15:41.133#Z#DEBUG#baf41888-6426-11f1-957b-eeee0a88a796.syzygy-launchpad-db-deployer#flowable-async-job-executor-thread-1254#
[PollStageAppStatusExecution] b9d5c410-b70a-4736-8fd4-85e30a4e529a [2026-06-09T17:15:35.874292] engines.node (package.json): >=18 (STDOUT, STG)#
#2026 06 09 17:15:41.133#Z#DEBUG#baf41888-6426-11f1-957b-eeee0a88a796.syzygy-launchpad-db-deployer#flowable-async-job-executor-thread-1254#
[PollStageAppStatusExecution] b9d5c410-b70a-4736-8fd4-85e30a4e529a [2026-06-09T17:15:35.874298] engines.npm (package.json): unspecified (use default) (STDOUT, STG)#
#2026 06 09 17:15:41.133#Z#DEBUG#baf41888-6426-11f1-957b-eeee0a88a796.syzygy-launchpad-db-deployer#flowable-async-job-executor-thread-1254#
[PollStageAppStatusExecution] b9d5c410-b70a-4736-8fd4-85e30a4e529a [2026-06-09T17:15:35.874307] [31;1m**WARNING**[0m Dangerous semver range (>) in engines.node. See: http://docs.cloudfoundry.org/buildpacks/node/node-tips.html (STDOUT, STG)#
#2026 06 09 17:15:41.133#Z#DEBUG#baf41888-6426-11f1-957b-eeee0a88a796.syzygy-launchpad-db-deployer#flowable-async-job-executor-thread-1254#
[PollStageAppStatusExecution] b9d5c410-b70a-4736-8fd4-85e30a4e529a [2026-06-09T17:15:35.874581] -----> Installing node 24.13.0 (STDOUT, STG)#
#2026 06 09 17:15:41.133#Z#DEBUG#baf41888-6426-11f1-957b-eeee0a88a796.syzygy-launchpad-db-deployer#flowable-async-job-executor-thread-1254#
[PollStageAppStatusExecution] b9d5c410-b70a-4736-8fd4-85e30a4e529a [2026-06-09T17:15:35.874617] Copy [/tmp/buildpacks/bebd3a52ea6e985b/dependencies/2f5692219fecc3eee6e6d507a6bfe7b9/node_24.13.0_linux_x64_cflinuxfs4_a816dee1.tgz] (STDOUT, STG)#
#2026 06 09 17:15:41.133#Z#DEBUG#baf41888-6426-11f1-957b-eeee0a88a796.syzygy-launchpad-db-deployer#flowable-async-job-executor-thread-1254#
[PollStageAppStatusExecution] b9d5c410-b70a-4736-8fd4-85e30a4e529a [2026-06-09T17:15:37.950848] Using default npm version: 11.6.2 (STDOUT, STG)#
#2026 06 09 17:15:41.133#Z#DEBUG#baf41888-6426-11f1-957b-eeee0a88a796.syzygy-launchpad-db-deployer#flowable-async-job-executor-thread-1254#
[PollStageAppStatusExecution] b9d5c410-b70a-4736-8fd4-85e30a4e529a [2026-06-09T17:15:37.950871] -----> Installing yarn 1.22.22 (STDOUT, STG)#
#2026 06 09 17:15:41.133#Z#DEBUG#baf41888-6426-11f1-957b-eeee0a88a796.syzygy-launchpad-db-deployer#flowable-async-job-executor-thread-1254#
[PollStageAppStatusExecution] b9d5c410-b70a-4736-8fd4-85e30a4e529a [2026-06-09T17:15:37.951010] Copy [/tmp/buildpacks/bebd3a52ea6e985b/dependencies/e3a39aedd1236924d69cc2d0637a8ed2/yarn_1.22.22_linux_noarch_any-stack_4911d0a6.tgz] (STDOUT, STG)#
#2026 06 09 17:15:41.133#Z#DEBUG#baf41888-6426-11f1-957b-eeee0a88a796.syzygy-launchpad-db-deployer#flowable-async-job-executor-thread-1254#
[PollStageAppStatusExecution] b9d5c410-b70a-4736-8fd4-85e30a4e529a [2026-06-09T17:15:38.211390] Installed yarn 1.22.22 (STDOUT, STG)#
#2026 06 09 17:15:41.133#Z#DEBUG#baf41888-6426-11f1-957b-eeee0a88a796.syzygy-launchpad-db-deployer#flowable-async-job-executor-thread-1254#
[PollStageAppStatusExecution] b9d5c410-b70a-4736-8fd4-85e30a4e529a [2026-06-09T17:15:38.211417] -----> Creating runtime environment (STDOUT, STG)#
#2026 06 09 17:15:41.133#Z#DEBUG#baf41888-6426-11f1-957b-eeee0a88a796.syzygy-launchpad-db-deployer#flowable-async-job-executor-thread-1254#
[PollStageAppStatusExecution] b9d5c410-b70a-4736-8fd4-85e30a4e529a [2026-06-09T17:15:38.212837] NODE_ENV=production (STDOUT, STG)#
#2026 06 09 17:15:41.133#Z#DEBUG#baf41888-6426-11f1-957b-eeee0a88a796.syzygy-launchpad-db-deployer#flowable-async-job-executor-thread-1254#
[PollStageAppStatusExecution] b9d5c410-b70a-4736-8fd4-85e30a4e529a [2026-06-09T17:15:38.212855] NODE_HOME=/tmp/contents3005535289/deps/0/node (STDOUT, STG)#
#2026 06 09 17:15:41.133#Z#DEBUG#baf41888-6426-11f1-957b-eeee0a88a796.syzygy-launchpad-db-deployer#flowable-async-job-executor-thread-1254#
[PollStageAppStatusExecution] b9d5c410-b70a-4736-8fd4-85e30a4e529a [2026-06-09T17:15:38.212858] NODE_MODULES_CACHE=true (STDOUT, STG)#
#2026 06 09 17:15:41.133#Z#DEBUG#baf41888-6426-11f1-957b-eeee0a88a796.syzygy-launchpad-db-deployer#flowable-async-job-executor-thread-1254#
[PollStageAppStatusExecution] b9d5c410-b70a-4736-8fd4-85e30a4e529a [2026-06-09T17:15:38.212861] NODE_VERBOSE=false (STDOUT, STG)#
#2026 06 09 17:15:41.133#Z#DEBUG#baf41888-6426-11f1-957b-eeee0a88a796.syzygy-launchpad-db-deployer#flowable-async-job-executor-thread-1254#
[PollStageAppStatusExecution] b9d5c410-b70a-4736-8fd4-85e30a4e529a [2026-06-09T17:15:38.212863] NPM_CONFIG_LOGLEVEL=error (STDOUT, STG)#
#2026 06 09 17:15:41.133#Z#DEBUG#baf41888-6426-11f1-957b-eeee0a88a796.syzygy-launchpad-db-deployer#flowable-async-job-executor-thread-1254#
[PollStageAppStatusExecution] b9d5c410-b70a-4736-8fd4-85e30a4e529a [2026-06-09T17:15:38.212866] NPM_CONFIG_PRODUCTION=true (STDOUT, STG)#
#2026 06 09 17:15:41.133#Z#DEBUG#baf41888-6426-11f1-957b-eeee0a88a796.syzygy-launchpad-db-deployer#flowable-async-job-executor-thread-1254#
[PollStageAppStatusExecution] b9d5c410-b70a-4736-8fd4-85e30a4e529a [2026-06-09T17:15:38.212911] -----> Building dependencies (STDOUT, STG)#
#2026 06 09 17:15:41.133#Z#DEBUG#baf41888-6426-11f1-957b-eeee0a88a796.syzygy-launchpad-db-deployer#flowable-async-job-executor-thread-1254#
[PollStageAppStatusExecution] b9d5c410-b70a-4736-8fd4-85e30a4e529a [2026-06-09T17:15:38.212923] Prebuild detected (node_modules already exists) (STDOUT, STG)#
#2026 06 09 17:15:41.133#Z#DEBUG#baf41888-6426-11f1-957b-eeee0a88a796.syzygy-launchpad-db-deployer#flowable-async-job-executor-thread-1254#
[PollStageAppStatusExecution] b9d5c410-b70a-4736-8fd4-85e30a4e529a [2026-06-09T17:15:38.212929] Rebuilding any native modules (STDOUT, STG)#
#2026 06 09 17:15:41.133#Z#DEBUG#baf41888-6426-11f1-957b-eeee0a88a796.syzygy-launchpad-db-deployer#flowable-async-job-executor-thread-1254#
[PollStageAppStatusExecution] b9d5c410-b70a-4736-8fd4-85e30a4e529a [2026-06-09T17:15:38.614983] rebuilt dependencies successfully (STDOUT, STG)#
#2026 06 09 17:15:41.133#Z#DEBUG#baf41888-6426-11f1-957b-eeee0a88a796.syzygy-launchpad-db-deployer#flowable-async-job-executor-thread-1254#
[PollStageAppStatusExecution] b9d5c410-b70a-4736-8fd4-85e30a4e529a [2026-06-09T17:15:38.667689] Installing any new modules (package.json + package-lock.json) (STDOUT, STG)#
#2026 06 09 17:15:41.133#Z#DEBUG#baf41888-6426-11f1-957b-eeee0a88a796.syzygy-launchpad-db-deployer#flowable-async-job-executor-thread-1254#
[PollStageAppStatusExecution] b9d5c410-b70a-4736-8fd4-85e30a4e529a [2026-06-09T17:15:39.013232] up to date in 286ms (STDOUT, STG)#
#2026 06 09 17:15:41.133#Z#DEBUG#baf41888-6426-11f1-957b-eeee0a88a796.syzygy-launchpad-db-deployer#flowable-async-job-executor-thread-1254#
[PollStageAppStatusExecution] b9d5c410-b70a-4736-8fd4-85e30a4e529a [2026-06-09T17:15:39.013482] 4 packages are looking for funding (STDOUT, STG)#
#2026 06 09 17:15:41.133#Z#DEBUG#baf41888-6426-11f1-957b-eeee0a88a796.syzygy-launchpad-db-deployer#flowable-async-job-executor-thread-1254#
[PollStageAppStatusExecution] b9d5c410-b70a-4736-8fd4-85e30a4e529a [2026-06-09T17:15:39.013536] run `npm fund` for details (STDOUT, STG)#
#2026 06 09 17:15:41.133#Z#DEBUG#baf41888-6426-11f1-957b-eeee0a88a796.syzygy-launchpad-db-deployer#flowable-async-job-executor-thread-1254#
[PollStageAppStatusExecution] b9d5c410-b70a-4736-8fd4-85e30a4e529a [2026-06-09T17:15:39.591700] Contrast Security no credentials found. Will not write environment files. (STDOUT, STG)#
#2026 06 09 17:15:51.153#Z#DEBUG#baf41888-6426-11f1-957b-eeee0a88a796.syzygy-launchpad-db-deployer#flowable-async-job-executor-thread-1260#
[PollStageAppStatusExecution] b9d5c410-b70a-4736-8fd4-85e30a4e529a [2026-06-09T17:15:47.147155] Exit status 0 (STDOUT, STG)#
#2026 06 09 17:15:51.153#Z#DEBUG#baf41888-6426-11f1-957b-eeee0a88a796.syzygy-launchpad-db-deployer#flowable-async-job-executor-thread-1260#
[PollStageAppStatusExecution] b9d5c410-b70a-4736-8fd4-85e30a4e529a [2026-06-09T17:15:47.147197] Uploading droplet, build artifacts cache... (STDOUT, STG)#
#2026 06 09 17:15:51.153#Z#DEBUG#baf41888-6426-11f1-957b-eeee0a88a796.syzygy-launchpad-db-deployer#flowable-async-job-executor-thread-1260#
[PollStageAppStatusExecution] b9d5c410-b70a-4736-8fd4-85e30a4e529a [2026-06-09T17:15:47.147228] Uploading build artifacts cache... (STDOUT, STG)#
#2026 06 09 17:15:51.153#Z#DEBUG#baf41888-6426-11f1-957b-eeee0a88a796.syzygy-launchpad-db-deployer#flowable-async-job-executor-thread-1260#
[PollStageAppStatusExecution] b9d5c410-b70a-4736-8fd4-85e30a4e529a [2026-06-09T17:15:47.147300] Uploading droplet... (STDOUT, STG)#
#2026 06 09 17:15:51.153#Z#DEBUG#baf41888-6426-11f1-957b-eeee0a88a796.syzygy-launchpad-db-deployer#flowable-async-job-executor-thread-1260#
[PollStageAppStatusExecution] b9d5c410-b70a-4736-8fd4-85e30a4e529a [2026-06-09T17:15:47.162944] Uploaded build artifacts cache (225B) (STDOUT, STG)#
#2026 06 09 17:15:51.153#Z#DEBUG#baf41888-6426-11f1-957b-eeee0a88a796.syzygy-launchpad-db-deployer#flowable-async-job-executor-thread-1260#
[PollStageAppStatusExecution] b9d5c410-b70a-4736-8fd4-85e30a4e529a [2026-06-09T17:15:47.690942] Creating droplet for app with guid b9d5c410-b70a-4736-8fd4-85e30a4e529a (STDOUT, API)#
#2026 06 09 17:16:01.147#Z#DEBUG#baf41888-6426-11f1-957b-eeee0a88a796.syzygy-launchpad-db-deployer#flowable-async-job-executor-thread-1268#
[PollStageAppStatusExecution] b9d5c410-b70a-4736-8fd4-85e30a4e529a [2026-06-09T17:15:52.757265] Uploaded droplet (58.4M) (STDOUT, STG)#
#2026 06 09 17:16:01.147#Z#DEBUG#baf41888-6426-11f1-957b-eeee0a88a796.syzygy-launchpad-db-deployer#flowable-async-job-executor-thread-1268#
[PollStageAppStatusExecution] b9d5c410-b70a-4736-8fd4-85e30a4e529a [2026-06-09T17:15:52.772194] Uploading complete (STDOUT, STG)#
#2026 06 09 17:16:01.147#Z#DEBUG#baf41888-6426-11f1-957b-eeee0a88a796.syzygy-launchpad-db-deployer#flowable-async-job-executor-thread-1268#
[PollStageAppStatusExecution] b9d5c410-b70a-4736-8fd4-85e30a4e529a [2026-06-09T17:15:53.669588] Cell badfc5c9-25dd-4b40-ad1e-4cbbd8c61108 stopping instance 6a53fa27-abea-4e3b-a3c9-2a8b3a36d32f (STDOUT, STG)#
#2026 06 09 17:16:01.147#Z#DEBUG#baf41888-6426-11f1-957b-eeee0a88a796.syzygy-launchpad-db-deployer#flowable-async-job-executor-thread-1268#
[PollStageAppStatusExecution] b9d5c410-b70a-4736-8fd4-85e30a4e529a [2026-06-09T17:15:53.669633] Cell badfc5c9-25dd-4b40-ad1e-4cbbd8c61108 destroying container for instance 6a53fa27-abea-4e3b-a3c9-2a8b3a36d32f (STDOUT, STG)#
#2026 06 09 17:16:01.147#Z#DEBUG#baf41888-6426-11f1-957b-eeee0a88a796.syzygy-launchpad-db-deployer#flowable-async-job-executor-thread-1268#
[PollStageAppStatusExecution] b9d5c410-b70a-4736-8fd4-85e30a4e529a [2026-06-09T17:15:53.723794] Staging complete for build 6a53fa27-abea-4e3b-a3c9-2a8b3a36d32f (STDOUT, API)#
#2026 06 09 17:16:01.147#Z#DEBUG#baf41888-6426-11f1-957b-eeee0a88a796.syzygy-launchpad-db-deployer#flowable-async-job-executor-thread-1268#
[PollStageAppStatusExecution] b9d5c410-b70a-4736-8fd4-85e30a4e529a [2026-06-09T17:15:55.386102] Cell badfc5c9-25dd-4b40-ad1e-4cbbd8c61108 successfully destroyed container for instance 6a53fa27-abea-4e3b-a3c9-2a8b3a36d32f (STDOUT, STG)#
#2026 06 09 17:16:11.190#Z#DEBUG#baf41888-6426-11f1-957b-eeee0a88a796.syzygy-launchpad-db-deployer#flowable-async-job-executor-thread-1276#
[PollExecuteTaskStatusExecution] b9d5c410-b70a-4736-8fd4-85e30a4e529a [2026-06-09T17:15:14.561477] Updated app with guid b9d5c410-b70a-4736-8fd4-85e30a4e529a ({"lifecycle"=>{"data"=>{"buildpacks"=>["nodejs_buildpack"]}, "type"=>"buildpack"}}) (STDOUT, API)#
#2026 06 09 17:16:11.190#Z#DEBUG#baf41888-6426-11f1-957b-eeee0a88a796.syzygy-launchpad-db-deployer#flowable-async-job-executor-thread-1276#
[PollExecuteTaskStatusExecution] b9d5c410-b70a-4736-8fd4-85e30a4e529a [2026-06-09T17:15:14.649604] Updating process: "web" (STDOUT, API)#
#2026 06 09 17:16:11.190#Z#DEBUG#baf41888-6426-11f1-957b-eeee0a88a796.syzygy-launchpad-db-deployer#flowable-async-job-executor-thread-1276#
[PollExecuteTaskStatusExecution] b9d5c410-b70a-4736-8fd4-85e30a4e529a [2026-06-09T17:15:21.199087] Uploading app package for app with guid b9d5c410-b70a-4736-8fd4-85e30a4e529a (STDOUT, API)#
#2026 06 09 17:16:11.190#Z#DEBUG#baf41888-6426-11f1-957b-eeee0a88a796.syzygy-launchpad-db-deployer#flowable-async-job-executor-thread-1276#
[PollExecuteTaskStatusExecution] b9d5c410-b70a-4736-8fd4-85e30a4e529a [2026-06-09T17:15:21.379627] Updated app with guid b9d5c410-b70a-4736-8fd4-85e30a4e529a ({"environment_variables"=>"[PRIVATE DATA HIDDEN]"}) (STDOUT, API)#
#2026 06 09 17:16:11.190#Z#DEBUG#baf41888-6426-11f1-957b-eeee0a88a796.syzygy-launchpad-db-deployer#flowable-async-job-executor-thread-1276#
[PollExecuteTaskStatusExecution] b9d5c410-b70a-4736-8fd4-85e30a4e529a [2026-06-09T17:15:31.276768] Creating build for app with guid b9d5c410-b70a-4736-8fd4-85e30a4e529a (STDOUT, API)#
#2026 06 09 17:16:11.190#Z#DEBUG#baf41888-6426-11f1-957b-eeee0a88a796.syzygy-launchpad-db-deployer#flowable-async-job-executor-thread-1276#
[PollExecuteTaskStatusExecution] b9d5c410-b70a-4736-8fd4-85e30a4e529a [2026-06-09T17:15:31.597197] Downloading nodejs_buildpack... (STDOUT, STG)#
#2026 06 09 17:16:11.190#Z#DEBUG#baf41888-6426-11f1-957b-eeee0a88a796.syzygy-launchpad-db-deployer#flowable-async-job-executor-thread-1276#
[PollExecuteTaskStatusExecution] b9d5c410-b70a-4736-8fd4-85e30a4e529a [2026-06-09T17:15:31.641095] Downloaded nodejs_buildpack (STDOUT, STG)#
#2026 06 09 17:16:11.190#Z#DEBUG#baf41888-6426-11f1-957b-eeee0a88a796.syzygy-launchpad-db-deployer#flowable-async-job-executor-thread-1276#
[PollExecuteTaskStatusExecution] b9d5c410-b70a-4736-8fd4-85e30a4e529a [2026-06-09T17:15:31.641149] Cell badfc5c9-25dd-4b40-ad1e-4cbbd8c61108 creating container for instance 6a53fa27-abea-4e3b-a3c9-2a8b3a36d32f (STDOUT, STG)#
#2026 06 09 17:16:11.190#Z#DEBUG#baf41888-6426-11f1-957b-eeee0a88a796.syzygy-launchpad-db-deployer#flowable-async-job-executor-thread-1276#
[PollExecuteTaskStatusExecution] b9d5c410-b70a-4736-8fd4-85e30a4e529a [2026-06-09T17:15:32.021510] Security group rules were updated (STDOUT, STG)#
#2026 06 09 17:16:11.190#Z#DEBUG#baf41888-6426-11f1-957b-eeee0a88a796.syzygy-launchpad-db-deployer#flowable-async-job-executor-thread-1276#
[PollExecuteTaskStatusExecution] b9d5c410-b70a-4736-8fd4-85e30a4e529a [2026-06-09T17:15:32.121841] Cell badfc5c9-25dd-4b40-ad1e-4cbbd8c61108 successfully created container for instance 6a53fa27-abea-4e3b-a3c9-2a8b3a36d32f (STDOUT, STG)#
#2026 06 09 17:16:11.190#Z#DEBUG#baf41888-6426-11f1-957b-eeee0a88a796.syzygy-launchpad-db-deployer#flowable-async-job-executor-thread-1276#
[PollExecuteTaskStatusExecution] b9d5c410-b70a-4736-8fd4-85e30a4e529a [2026-06-09T17:15:32.500271] Downloading app package... (STDOUT, STG)#
#2026 06 09 17:16:11.190#Z#DEBUG#baf41888-6426-11f1-957b-eeee0a88a796.syzygy-launchpad-db-deployer#flowable-async-job-executor-thread-1276#
[PollExecuteTaskStatusExecution] b9d5c410-b70a-4736-8fd4-85e30a4e529a [2026-06-09T17:15:32.500324] Downloading build artifacts cache... (STDOUT, STG)#
#2026 06 09 17:16:11.190#Z#DEBUG#baf41888-6426-11f1-957b-eeee0a88a796.syzygy-launchpad-db-deployer#flowable-async-job-executor-thread-1276#
[PollExecuteTaskStatusExecution] b9d5c410-b70a-4736-8fd4-85e30a4e529a [2026-06-09T17:15:32.593681] Downloaded build artifacts cache (222B) (STDOUT, STG)#
#2026 06 09 17:16:11.190#Z#DEBUG#baf41888-6426-11f1-957b-eeee0a88a796.syzygy-launchpad-db-deployer#flowable-async-job-executor-thread-1276#
[PollExecuteTaskStatusExecution] b9d5c410-b70a-4736-8fd4-85e30a4e529a [2026-06-09T17:15:32.801409] Downloaded app package (2.3M) (STDOUT, STG)#
#2026 06 09 17:16:11.190#Z#DEBUG#baf41888-6426-11f1-957b-eeee0a88a796.syzygy-launchpad-db-deployer#flowable-async-job-executor-thread-1276#
[PollExecuteTaskStatusExecution] b9d5c410-b70a-4736-8fd4-85e30a4e529a [2026-06-09T17:15:32.868209] -----> Nodejs Buildpack version 1.8.44 (STDOUT, STG)#
#2026 06 09 17:16:11.190#Z#DEBUG#baf41888-6426-11f1-957b-eeee0a88a796.syzygy-launchpad-db-deployer#flowable-async-job-executor-thread-1276#
[PollExecuteTaskStatusExecution] b9d5c410-b70a-4736-8fd4-85e30a4e529a [2026-06-09T17:15:32.958995] -----> Bootstrapping python (STDOUT, STG)#
#2026 06 09 17:16:11.190#Z#DEBUG#baf41888-6426-11f1-957b-eeee0a88a796.syzygy-launchpad-db-deployer#flowable-async-job-executor-thread-1276#
[PollExecuteTaskStatusExecution] b9d5c410-b70a-4736-8fd4-85e30a4e529a [2026-06-09T17:15:32.959017] -----> Installing python 3.11.14 (STDOUT, STG)#
#2026 06 09 17:16:11.190#Z#DEBUG#baf41888-6426-11f1-957b-eeee0a88a796.syzygy-launchpad-db-deployer#flowable-async-job-executor-thread-1276#
[PollExecuteTaskStatusExecution] b9d5c410-b70a-4736-8fd4-85e30a4e529a [2026-06-09T17:15:32.959066] Copy [/tmp/buildpacks/bebd3a52ea6e985b/dependencies/b5e0345ae0ae1932e7d56fffaa49a487/python_3.11.14_linux_x64_cflinuxfs4_66f53248.tgz] (STDOUT, STG)#
#2026 06 09 17:16:11.190#Z#DEBUG#baf41888-6426-11f1-957b-eeee0a88a796.syzygy-launchpad-db-deployer#flowable-async-job-executor-thread-1276#
[PollExecuteTaskStatusExecution] b9d5c410-b70a-4736-8fd4-85e30a4e529a [2026-06-09T17:15:35.874227] -----> Installing binaries (STDOUT, STG)#
#2026 06 09 17:16:11.190#Z#DEBUG#baf41888-6426-11f1-957b-eeee0a88a796.syzygy-launchpad-db-deployer#flowable-async-job-executor-thread-1276#
[PollExecuteTaskStatusExecution] b9d5c410-b70a-4736-8fd4-85e30a4e529a [2026-06-09T17:15:35.874292] engines.node (package.json): >=18 (STDOUT, STG)#
#2026 06 09 17:16:11.190#Z#DEBUG#baf41888-6426-11f1-957b-eeee0a88a796.syzygy-launchpad-db-deployer#flowable-async-job-executor-thread-1276#
[PollExecuteTaskStatusExecution] b9d5c410-b70a-4736-8fd4-85e30a4e529a [2026-06-09T17:15:35.874298] engines.npm (package.json): unspecified (use default) (STDOUT, STG)#
#2026 06 09 17:16:11.190#Z#DEBUG#baf41888-6426-11f1-957b-eeee0a88a796.syzygy-launchpad-db-deployer#flowable-async-job-executor-thread-1276#
[PollExecuteTaskStatusExecution] b9d5c410-b70a-4736-8fd4-85e30a4e529a [2026-06-09T17:15:35.874307] [31;1m**WARNING**[0m Dangerous semver range (>) in engines.node. See: http://docs.cloudfoundry.org/buildpacks/node/node-tips.html (STDOUT, STG)#
#2026 06 09 17:16:11.190#Z#DEBUG#baf41888-6426-11f1-957b-eeee0a88a796.syzygy-launchpad-db-deployer#flowable-async-job-executor-thread-1276#
[PollExecuteTaskStatusExecution] b9d5c410-b70a-4736-8fd4-85e30a4e529a [2026-06-09T17:15:35.874581] -----> Installing node 24.13.0 (STDOUT, STG)#
#2026 06 09 17:16:11.190#Z#DEBUG#baf41888-6426-11f1-957b-eeee0a88a796.syzygy-launchpad-db-deployer#flowable-async-job-executor-thread-1276#
[PollExecuteTaskStatusExecution] b9d5c410-b70a-4736-8fd4-85e30a4e529a [2026-06-09T17:15:35.874617] Copy [/tmp/buildpacks/bebd3a52ea6e985b/dependencies/2f5692219fecc3eee6e6d507a6bfe7b9/node_24.13.0_linux_x64_cflinuxfs4_a816dee1.tgz] (STDOUT, STG)#
#2026 06 09 17:16:11.190#Z#DEBUG#baf41888-6426-11f1-957b-eeee0a88a796.syzygy-launchpad-db-deployer#flowable-async-job-executor-thread-1276#
[PollExecuteTaskStatusExecution] b9d5c410-b70a-4736-8fd4-85e30a4e529a [2026-06-09T17:15:37.950848] Using default npm version: 11.6.2 (STDOUT, STG)#
#2026 06 09 17:16:11.190#Z#DEBUG#baf41888-6426-11f1-957b-eeee0a88a796.syzygy-launchpad-db-deployer#flowable-async-job-executor-thread-1276#
[PollExecuteTaskStatusExecution] b9d5c410-b70a-4736-8fd4-85e30a4e529a [2026-06-09T17:15:37.950871] -----> Installing yarn 1.22.22 (STDOUT, STG)#
#2026 06 09 17:16:11.190#Z#DEBUG#baf41888-6426-11f1-957b-eeee0a88a796.syzygy-launchpad-db-deployer#flowable-async-job-executor-thread-1276#
[PollExecuteTaskStatusExecution] b9d5c410-b70a-4736-8fd4-85e30a4e529a [2026-06-09T17:15:37.951010] Copy [/tmp/buildpacks/bebd3a52ea6e985b/dependencies/e3a39aedd1236924d69cc2d0637a8ed2/yarn_1.22.22_linux_noarch_any-stack_4911d0a6.tgz] (STDOUT, STG)#
#2026 06 09 17:16:11.190#Z#DEBUG#baf41888-6426-11f1-957b-eeee0a88a796.syzygy-launchpad-db-deployer#flowable-async-job-executor-thread-1276#
[PollExecuteTaskStatusExecution] b9d5c410-b70a-4736-8fd4-85e30a4e529a [2026-06-09T17:15:38.211390] Installed yarn 1.22.22 (STDOUT, STG)#
#2026 06 09 17:16:11.190#Z#DEBUG#baf41888-6426-11f1-957b-eeee0a88a796.syzygy-launchpad-db-deployer#flowable-async-job-executor-thread-1276#
[PollExecuteTaskStatusExecution] b9d5c410-b70a-4736-8fd4-85e30a4e529a [2026-06-09T17:15:38.211417] -----> Creating runtime environment (STDOUT, STG)#
#2026 06 09 17:16:11.190#Z#DEBUG#baf41888-6426-11f1-957b-eeee0a88a796.syzygy-launchpad-db-deployer#flowable-async-job-executor-thread-1276#
[PollExecuteTaskStatusExecution] b9d5c410-b70a-4736-8fd4-85e30a4e529a [2026-06-09T17:15:38.212837] NODE_ENV=production (STDOUT, STG)#
#2026 06 09 17:16:11.190#Z#DEBUG#baf41888-6426-11f1-957b-eeee0a88a796.syzygy-launchpad-db-deployer#flowable-async-job-executor-thread-1276#
[PollExecuteTaskStatusExecution] b9d5c410-b70a-4736-8fd4-85e30a4e529a [2026-06-09T17:15:38.212855] NODE_HOME=/tmp/contents3005535289/deps/0/node (STDOUT, STG)#
#2026 06 09 17:16:11.190#Z#DEBUG#baf41888-6426-11f1-957b-eeee0a88a796.syzygy-launchpad-db-deployer#flowable-async-job-executor-thread-1276#
[PollExecuteTaskStatusExecution] b9d5c410-b70a-4736-8fd4-85e30a4e529a [2026-06-09T17:15:38.212858] NODE_MODULES_CACHE=true (STDOUT, STG)#
#2026 06 09 17:16:11.190#Z#DEBUG#baf41888-6426-11f1-957b-eeee0a88a796.syzygy-launchpad-db-deployer#flowable-async-job-executor-thread-1276#
[PollExecuteTaskStatusExecution] b9d5c410-b70a-4736-8fd4-85e30a4e529a [2026-06-09T17:15:38.212861] NODE_VERBOSE=false (STDOUT, STG)#
#2026 06 09 17:16:11.190#Z#DEBUG#baf41888-6426-11f1-957b-eeee0a88a796.syzygy-launchpad-db-deployer#flowable-async-job-executor-thread-1276#
[PollExecuteTaskStatusExecution] b9d5c410-b70a-4736-8fd4-85e30a4e529a [2026-06-09T17:15:38.212863] NPM_CONFIG_LOGLEVEL=error (STDOUT, STG)#
#2026 06 09 17:16:11.190#Z#DEBUG#baf41888-6426-11f1-957b-eeee0a88a796.syzygy-launchpad-db-deployer#flowable-async-job-executor-thread-1276#
[PollExecuteTaskStatusExecution] b9d5c410-b70a-4736-8fd4-85e30a4e529a [2026-06-09T17:15:38.212866] NPM_CONFIG_PRODUCTION=true (STDOUT, STG)#
#2026 06 09 17:16:11.190#Z#DEBUG#baf41888-6426-11f1-957b-eeee0a88a796.syzygy-launchpad-db-deployer#flowable-async-job-executor-thread-1276#
[PollExecuteTaskStatusExecution] b9d5c410-b70a-4736-8fd4-85e30a4e529a [2026-06-09T17:15:38.212911] -----> Building dependencies (STDOUT, STG)#
#2026 06 09 17:16:11.190#Z#DEBUG#baf41888-6426-11f1-957b-eeee0a88a796.syzygy-launchpad-db-deployer#flowable-async-job-executor-thread-1276#
[PollExecuteTaskStatusExecution] b9d5c410-b70a-4736-8fd4-85e30a4e529a [2026-06-09T17:15:38.212923] Prebuild detected (node_modules already exists) (STDOUT, STG)#
#2026 06 09 17:16:11.190#Z#DEBUG#baf41888-6426-11f1-957b-eeee0a88a796.syzygy-launchpad-db-deployer#flowable-async-job-executor-thread-1276#
[PollExecuteTaskStatusExecution] b9d5c410-b70a-4736-8fd4-85e30a4e529a [2026-06-09T17:15:38.212929] Rebuilding any native modules (STDOUT, STG)#
#2026 06 09 17:16:11.190#Z#DEBUG#baf41888-6426-11f1-957b-eeee0a88a796.syzygy-launchpad-db-deployer#flowable-async-job-executor-thread-1276#
[PollExecuteTaskStatusExecution] b9d5c410-b70a-4736-8fd4-85e30a4e529a [2026-06-09T17:15:38.614983] rebuilt dependencies successfully (STDOUT, STG)#
#2026 06 09 17:16:11.190#Z#DEBUG#baf41888-6426-11f1-957b-eeee0a88a796.syzygy-launchpad-db-deployer#flowable-async-job-executor-thread-1276#
[PollExecuteTaskStatusExecution] b9d5c410-b70a-4736-8fd4-85e30a4e529a [2026-06-09T17:15:38.667689] Installing any new modules (package.json + package-lock.json) (STDOUT, STG)#
#2026 06 09 17:16:11.190#Z#DEBUG#baf41888-6426-11f1-957b-eeee0a88a796.syzygy-launchpad-db-deployer#flowable-async-job-executor-thread-1276#
[PollExecuteTaskStatusExecution] b9d5c410-b70a-4736-8fd4-85e30a4e529a [2026-06-09T17:15:39.013232] up to date in 286ms (STDOUT, STG)#
#2026 06 09 17:16:11.190#Z#DEBUG#baf41888-6426-11f1-957b-eeee0a88a796.syzygy-launchpad-db-deployer#flowable-async-job-executor-thread-1276#
[PollExecuteTaskStatusExecution] b9d5c410-b70a-4736-8fd4-85e30a4e529a [2026-06-09T17:15:39.013482] 4 packages are looking for funding (STDOUT, STG)#
#2026 06 09 17:16:11.190#Z#DEBUG#baf41888-6426-11f1-957b-eeee0a88a796.syzygy-launchpad-db-deployer#flowable-async-job-executor-thread-1276#
[PollExecuteTaskStatusExecution] b9d5c410-b70a-4736-8fd4-85e30a4e529a [2026-06-09T17:15:39.013536] run `npm fund` for details (STDOUT, STG)#
#2026 06 09 17:16:11.190#Z#DEBUG#baf41888-6426-11f1-957b-eeee0a88a796.syzygy-launchpad-db-deployer#flowable-async-job-executor-thread-1276#
[PollExecuteTaskStatusExecution] b9d5c410-b70a-4736-8fd4-85e30a4e529a [2026-06-09T17:15:39.591700] Contrast Security no credentials found. Will not write environment files. (STDOUT, STG)#
#2026 06 09 17:16:11.190#Z#DEBUG#baf41888-6426-11f1-957b-eeee0a88a796.syzygy-launchpad-db-deployer#flowable-async-job-executor-thread-1276#
[PollExecuteTaskStatusExecution] b9d5c410-b70a-4736-8fd4-85e30a4e529a [2026-06-09T17:15:47.147155] Exit status 0 (STDOUT, STG)#
#2026 06 09 17:16:11.190#Z#DEBUG#baf41888-6426-11f1-957b-eeee0a88a796.syzygy-launchpad-db-deployer#flowable-async-job-executor-thread-1276#
[PollExecuteTaskStatusExecution] b9d5c410-b70a-4736-8fd4-85e30a4e529a [2026-06-09T17:15:47.147197] Uploading droplet, build artifacts cache... (STDOUT, STG)#
#2026 06 09 17:16:11.190#Z#DEBUG#baf41888-6426-11f1-957b-eeee0a88a796.syzygy-launchpad-db-deployer#flowable-async-job-executor-thread-1276#
[PollExecuteTaskStatusExecution] b9d5c410-b70a-4736-8fd4-85e30a4e529a [2026-06-09T17:15:47.147228] Uploading build artifacts cache... (STDOUT, STG)#
#2026 06 09 17:16:11.190#Z#DEBUG#baf41888-6426-11f1-957b-eeee0a88a796.syzygy-launchpad-db-deployer#flowable-async-job-executor-thread-1276#
[PollExecuteTaskStatusExecution] b9d5c410-b70a-4736-8fd4-85e30a4e529a [2026-06-09T17:15:47.147300] Uploading droplet... (STDOUT, STG)#
#2026 06 09 17:16:11.190#Z#DEBUG#baf41888-6426-11f1-957b-eeee0a88a796.syzygy-launchpad-db-deployer#flowable-async-job-executor-thread-1276#
[PollExecuteTaskStatusExecution] b9d5c410-b70a-4736-8fd4-85e30a4e529a [2026-06-09T17:15:47.162944] Uploaded build artifacts cache (225B) (STDOUT, STG)#
#2026 06 09 17:16:11.190#Z#DEBUG#baf41888-6426-11f1-957b-eeee0a88a796.syzygy-launchpad-db-deployer#flowable-async-job-executor-thread-1276#
[PollExecuteTaskStatusExecution] b9d5c410-b70a-4736-8fd4-85e30a4e529a [2026-06-09T17:15:47.690942] Creating droplet for app with guid b9d5c410-b70a-4736-8fd4-85e30a4e529a (STDOUT, API)#
#2026 06 09 17:16:11.190#Z#DEBUG#baf41888-6426-11f1-957b-eeee0a88a796.syzygy-launchpad-db-deployer#flowable-async-job-executor-thread-1276#
[PollExecuteTaskStatusExecution] b9d5c410-b70a-4736-8fd4-85e30a4e529a [2026-06-09T17:15:52.757265] Uploaded droplet (58.4M) (STDOUT, STG)#
#2026 06 09 17:16:11.190#Z#DEBUG#baf41888-6426-11f1-957b-eeee0a88a796.syzygy-launchpad-db-deployer#flowable-async-job-executor-thread-1276#
[PollExecuteTaskStatusExecution] b9d5c410-b70a-4736-8fd4-85e30a4e529a [2026-06-09T17:15:52.772194] Uploading complete (STDOUT, STG)#
#2026 06 09 17:16:11.190#Z#DEBUG#baf41888-6426-11f1-957b-eeee0a88a796.syzygy-launchpad-db-deployer#flowable-async-job-executor-thread-1276#
[PollExecuteTaskStatusExecution] b9d5c410-b70a-4736-8fd4-85e30a4e529a [2026-06-09T17:15:53.669588] Cell badfc5c9-25dd-4b40-ad1e-4cbbd8c61108 stopping instance 6a53fa27-abea-4e3b-a3c9-2a8b3a36d32f (STDOUT, STG)#
#2026 06 09 17:16:11.190#Z#DEBUG#baf41888-6426-11f1-957b-eeee0a88a796.syzygy-launchpad-db-deployer#flowable-async-job-executor-thread-1276#
[PollExecuteTaskStatusExecution] b9d5c410-b70a-4736-8fd4-85e30a4e529a [2026-06-09T17:15:53.669633] Cell badfc5c9-25dd-4b40-ad1e-4cbbd8c61108 destroying container for instance 6a53fa27-abea-4e3b-a3c9-2a8b3a36d32f (STDOUT, STG)#
#2026 06 09 17:16:11.190#Z#DEBUG#baf41888-6426-11f1-957b-eeee0a88a796.syzygy-launchpad-db-deployer#flowable-async-job-executor-thread-1276#
[PollExecuteTaskStatusExecution] b9d5c410-b70a-4736-8fd4-85e30a4e529a [2026-06-09T17:15:53.723794] Staging complete for build 6a53fa27-abea-4e3b-a3c9-2a8b3a36d32f (STDOUT, API)#
#2026 06 09 17:16:11.190#Z#DEBUG#baf41888-6426-11f1-957b-eeee0a88a796.syzygy-launchpad-db-deployer#flowable-async-job-executor-thread-1276#
[PollExecuteTaskStatusExecution] b9d5c410-b70a-4736-8fd4-85e30a4e529a [2026-06-09T17:15:55.386102] Cell badfc5c9-25dd-4b40-ad1e-4cbbd8c61108 successfully destroyed container for instance 6a53fa27-abea-4e3b-a3c9-2a8b3a36d32f (STDOUT, STG)#
#2026 06 09 17:16:11.190#Z#DEBUG#baf41888-6426-11f1-957b-eeee0a88a796.syzygy-launchpad-db-deployer#flowable-async-job-executor-thread-1276#
[PollExecuteTaskStatusExecution] b9d5c410-b70a-4736-8fd4-85e30a4e529a [2026-06-09T17:16:01.225788] Updated app with guid b9d5c410-b70a-4736-8fd4-85e30a4e529a ({:droplet_guid=>"ea5de15d-4405-42e5-b522-3c702abd8698"}) (STDOUT, API)#
#2026 06 09 17:16:11.190#Z#DEBUG#baf41888-6426-11f1-957b-eeee0a88a796.syzygy-launchpad-db-deployer#flowable-async-job-executor-thread-1276#
[PollExecuteTaskStatusExecution] b9d5c410-b70a-4736-8fd4-85e30a4e529a [2026-06-09T17:16:01.621329] Cell cefdac31-e0ff-490b-a2c5-6a3cdfb54163 creating container for instance 613e7dc2-5d08-4cdb-a001-a9e7a2658ccf (STDOUT, CELL)#
#2026 06 09 17:16:11.190#Z#DEBUG#baf41888-6426-11f1-957b-eeee0a88a796.syzygy-launchpad-db-deployer#flowable-async-job-executor-thread-1276#
[PollExecuteTaskStatusExecution] b9d5c410-b70a-4736-8fd4-85e30a4e529a [2026-06-09T17:16:02.037659] Security group rules were updated (STDOUT, CELL)#
#2026 06 09 17:16:11.190#Z#DEBUG#baf41888-6426-11f1-957b-eeee0a88a796.syzygy-launchpad-db-deployer#flowable-async-job-executor-thread-1276#
[PollExecuteTaskStatusExecution] b9d5c410-b70a-4736-8fd4-85e30a4e529a [2026-06-09T17:16:02.106269] Cell cefdac31-e0ff-490b-a2c5-6a3cdfb54163 successfully created container for instance 613e7dc2-5d08-4cdb-a001-a9e7a2658ccf (STDOUT, CELL)#
#2026 06 09 17:16:11.190#Z#DEBUG#baf41888-6426-11f1-957b-eeee0a88a796.syzygy-launchpad-db-deployer#flowable-async-job-executor-thread-1276#
[PollExecuteTaskStatusExecution] b9d5c410-b70a-4736-8fd4-85e30a4e529a [2026-06-09T17:16:05.734763] Invoking pre-start scripts. (STDOUT, APP/TASK/deploy)#
#2026 06 09 17:16:11.190#Z#DEBUG#baf41888-6426-11f1-957b-eeee0a88a796.syzygy-launchpad-db-deployer#flowable-async-job-executor-thread-1276#
[PollExecuteTaskStatusExecution] b9d5c410-b70a-4736-8fd4-85e30a4e529a [2026-06-09T17:16:05.878830] Invoking start command. (STDOUT, APP/TASK/deploy)#
#2026 06 09 17:16:11.190#Z#DEBUG#baf41888-6426-11f1-957b-eeee0a88a796.syzygy-launchpad-db-deployer#flowable-async-job-executor-thread-1276#
[PollExecuteTaskStatusExecution] b9d5c410-b70a-4736-8fd4-85e30a4e529a [2026-06-09T17:16:06.202714] > start (STDOUT, APP/TASK/deploy)#
#2026 06 09 17:16:11.190#Z#DEBUG#baf41888-6426-11f1-957b-eeee0a88a796.syzygy-launchpad-db-deployer#flowable-async-job-executor-thread-1276#
[PollExecuteTaskStatusExecution] b9d5c410-b70a-4736-8fd4-85e30a4e529a [2026-06-09T17:16:06.202744] > node node_modules/@sap/hdi-deploy/deploy.js --use-hdb --parameter com.sap.hana.di.table/try_fast_table_migration=true (STDOUT, APP/TASK/deploy)#
#2026 06 09 17:16:11.190#Z#DEBUG#baf41888-6426-11f1-957b-eeee0a88a796.syzygy-launchpad-db-deployer#flowable-async-job-executor-thread-1276#
[PollExecuteTaskStatusExecution] b9d5c410-b70a-4736-8fd4-85e30a4e529a [2026-06-09T17:16:06.308054] VCAP_SERVICES: (STDOUT, APP/TASK/deploy)#
#2026 06 09 17:16:11.190#Z#DEBUG#baf41888-6426-11f1-957b-eeee0a88a796.syzygy-launchpad-db-deployer#flowable-async-job-executor-thread-1276#
[PollExecuteTaskStatusExecution] b9d5c410-b70a-4736-8fd4-85e30a4e529a [2026-06-09T17:16:06.308201] { (STDOUT, APP/TASK/deploy)#
#2026 06 09 17:16:11.190#Z#DEBUG#baf41888-6426-11f1-957b-eeee0a88a796.syzygy-launchpad-db-deployer#flowable-async-job-executor-thread-1276#
[PollExecuteTaskStatusExecution] b9d5c410-b70a-4736-8fd4-85e30a4e529a [2026-06-09T17:16:06.308217] "hana": [ (STDOUT, APP/TASK/deploy)#
#2026 06 09 17:16:11.190#Z#DEBUG#baf41888-6426-11f1-957b-eeee0a88a796.syzygy-launchpad-db-deployer#flowable-async-job-executor-thread-1276#
[PollExecuteTaskStatusExecution] b9d5c410-b70a-4736-8fd4-85e30a4e529a [2026-06-09T17:16:06.308221] { (STDOUT, APP/TASK/deploy)#
#2026 06 09 17:16:11.190#Z#DEBUG#baf41888-6426-11f1-957b-eeee0a88a796.syzygy-launchpad-db-deployer#flowable-async-job-executor-thread-1276#
[PollExecuteTaskStatusExecution] b9d5c410-b70a-4736-8fd4-85e30a4e529a [2026-06-09T17:16:06.308225] "name": "syzygy-launchpad-db", (STDOUT, APP/TASK/deploy)#
#2026 06 09 17:16:11.190#Z#DEBUG#baf41888-6426-11f1-957b-eeee0a88a796.syzygy-launchpad-db-deployer#flowable-async-job-executor-thread-1276#
[PollExecuteTaskStatusExecution] b9d5c410-b70a-4736-8fd4-85e30a4e529a [2026-06-09T17:16:06.308229] "label": "hana", (STDOUT, APP/TASK/deploy)#
#2026 06 09 17:16:11.190#Z#DEBUG#baf41888-6426-11f1-957b-eeee0a88a796.syzygy-launchpad-db-deployer#flowable-async-job-executor-thread-1276#
[PollExecuteTaskStatusExecution] b9d5c410-b70a-4736-8fd4-85e30a4e529a [2026-06-09T17:16:06.308241] "plan": "hdi-shared", (STDOUT, APP/TASK/deploy)#
#2026 06 09 17:16:11.190#Z#DEBUG#baf41888-6426-11f1-957b-eeee0a88a796.syzygy-launchpad-db-deployer#flowable-async-job-executor-thread-1276#
[PollExecuteTaskStatusExecution] b9d5c410-b70a-4736-8fd4-85e30a4e529a [2026-06-09T17:16:06.308245] "credentials": { (STDOUT, APP/TASK/deploy)#
#2026 06 09 17:16:11.190#Z#DEBUG#baf41888-6426-11f1-957b-eeee0a88a796.syzygy-launchpad-db-deployer#flowable-async-job-executor-thread-1276#
[PollExecuteTaskStatusExecution] b9d5c410-b70a-4736-8fd4-85e30a4e529a [2026-06-09T17:16:06.308248] "schema": "103B889D6D454E6CA64DF4100AF11875", (STDOUT, APP/TASK/deploy)#
#2026 06 09 17:16:11.190#Z#DEBUG#baf41888-6426-11f1-957b-eeee0a88a796.syzygy-launchpad-db-deployer#flowable-async-job-executor-thread-1276#
[PollExecuteTaskStatusExecution] b9d5c410-b70a-4736-8fd4-85e30a4e529a [2026-06-09T17:16:06.308252] "database_id": "2fc3b547-b2fa-41d7-9e5c-3b1d954ab9f2", (STDOUT, APP/TASK/deploy)#
#2026 06 09 17:16:11.190#Z#DEBUG#baf41888-6426-11f1-957b-eeee0a88a796.syzygy-launchpad-db-deployer#flowable-async-job-executor-thread-1276#
[PollExecuteTaskStatusExecution] b9d5c410-b70a-4736-8fd4-85e30a4e529a [2026-06-09T17:16:06.308255] "user": "103B889D6D454E6CA64DF4100AF11875_4UNII539YP82C5KKO46YWOMZM_RT", (STDOUT, APP/TASK/deploy)#
#2026 06 09 17:16:11.190#Z#DEBUG#baf41888-6426-11f1-957b-eeee0a88a796.syzygy-launchpad-db-deployer#flowable-async-job-executor-thread-1276#
[PollExecuteTaskStatusExecution] b9d5c410-b70a-4736-8fd4-85e30a4e529a [2026-06-09T17:16:06.308261] "hdi_user": "103B889D6D454E6CA64DF4100AF11875_4UNII539YP82C5KKO46YWOMZM_DT" (STDOUT, APP/TASK/deploy)#
#2026 06 09 17:16:11.190#Z#DEBUG#baf41888-6426-11f1-957b-eeee0a88a796.syzygy-launchpad-db-deployer#flowable-async-job-executor-thread-1276#
[PollExecuteTaskStatusExecution] b9d5c410-b70a-4736-8fd4-85e30a4e529a [2026-06-09T17:16:06.308263] }, (STDOUT, APP/TASK/deploy)#
#2026 06 09 17:16:11.190#Z#DEBUG#baf41888-6426-11f1-957b-eeee0a88a796.syzygy-launchpad-db-deployer#flowable-async-job-executor-thread-1276#
[PollExecuteTaskStatusExecution] b9d5c410-b70a-4736-8fd4-85e30a4e529a [2026-06-09T17:16:06.308266] "tags": [ (STDOUT, APP/TASK/deploy)#
#2026 06 09 17:16:11.190#Z#DEBUG#baf41888-6426-11f1-957b-eeee0a88a796.syzygy-launchpad-db-deployer#flowable-async-job-executor-thread-1276#
[PollExecuteTaskStatusExecution] b9d5c410-b70a-4736-8fd4-85e30a4e529a [2026-06-09T17:16:06.308272] "hana", (STDOUT, APP/TASK/deploy)#
#2026 06 09 17:16:11.190#Z#DEBUG#baf41888-6426-11f1-957b-eeee0a88a796.syzygy-launchpad-db-deployer#flowable-async-job-executor-thread-1276#
[PollExecuteTaskStatusExecution] b9d5c410-b70a-4736-8fd4-85e30a4e529a [2026-06-09T17:16:06.308274] "database", (STDOUT, APP/TASK/deploy)#
#2026 06 09 17:16:11.190#Z#DEBUG#baf41888-6426-11f1-957b-eeee0a88a796.syzygy-launchpad-db-deployer#flowable-async-job-executor-thread-1276#
[PollExecuteTaskStatusExecution] b9d5c410-b70a-4736-8fd4-85e30a4e529a [2026-06-09T17:16:06.308277] "relational" (STDOUT, APP/TASK/deploy)#
#2026 06 09 17:16:11.190#Z#DEBUG#baf41888-6426-11f1-957b-eeee0a88a796.syzygy-launchpad-db-deployer#flowable-async-job-executor-thread-1276#
[PollExecuteTaskStatusExecution] b9d5c410-b70a-4736-8fd4-85e30a4e529a [2026-06-09T17:16:06.308280] ] (STDOUT, APP/TASK/deploy)#
#2026 06 09 17:16:11.190#Z#DEBUG#baf41888-6426-11f1-957b-eeee0a88a796.syzygy-launchpad-db-deployer#flowable-async-job-executor-thread-1276#
[PollExecuteTaskStatusExecution] b9d5c410-b70a-4736-8fd4-85e30a4e529a [2026-06-09T17:16:06.308284] } (STDOUT, APP/TASK/deploy)#
#2026 06 09 17:16:11.190#Z#DEBUG#baf41888-6426-11f1-957b-eeee0a88a796.syzygy-launchpad-db-deployer#flowable-async-job-executor-thread-1276#
[PollExecuteTaskStatusExecution] b9d5c410-b70a-4736-8fd4-85e30a4e529a [2026-06-09T17:16:06.308288] ] (STDOUT, APP/TASK/deploy)#
#2026 06 09 17:16:11.190#Z#DEBUG#baf41888-6426-11f1-957b-eeee0a88a796.syzygy-launchpad-db-deployer#flowable-async-job-executor-thread-1276#
[PollExecuteTaskStatusExecution] b9d5c410-b70a-4736-8fd4-85e30a4e529a [2026-06-09T17:16:06.308317] } (STDOUT, APP/TASK/deploy)#
#2026 06 09 17:16:11.190#Z#DEBUG#baf41888-6426-11f1-957b-eeee0a88a796.syzygy-launchpad-db-deployer#flowable-async-job-executor-thread-1276#
[PollExecuteTaskStatusExecution] b9d5c410-b70a-4736-8fd4-85e30a4e529a [2026-06-09T17:16:06.596017] @sap/hdi-deploy, version 5.6.1 (mode default), server version 4.00.000.00.1765276602 (4.0.0.0), cloud version 2025.28.18, node version 24.13.0, HDI version 1016, container API version 1007 (STDOUT, APP/TASK/deploy)#
#2026 06 09 17:16:11.190#Z#DEBUG#baf41888-6426-11f1-957b-eeee0a88a796.syzygy-launchpad-db-deployer#flowable-async-job-executor-thread-1276#
[PollExecuteTaskStatusExecution] b9d5c410-b70a-4736-8fd4-85e30a4e529a [2026-06-09T17:16:06.596170] Deployment started at 2026-06-09 17:16:06 (STDOUT, APP/TASK/deploy)#
#2026 06 09 17:16:11.190#Z#DEBUG#baf41888-6426-11f1-957b-eeee0a88a796.syzygy-launchpad-db-deployer#flowable-async-job-executor-thread-1276#
[PollExecuteTaskStatusExecution] b9d5c410-b70a-4736-8fd4-85e30a4e529a [2026-06-09T17:16:06.596412] Using hdb@2.27.1 for connection (STDOUT, APP/TASK/deploy)#
#2026 06 09 17:16:11.190#Z#DEBUG#baf41888-6426-11f1-957b-eeee0a88a796.syzygy-launchpad-db-deployer#flowable-async-job-executor-thread-1276#
[PollExecuteTaskStatusExecution] b9d5c410-b70a-4736-8fd4-85e30a4e529a [2026-06-09T17:16:06.611133] No ignore file at /home/vcap/app/.hdiignore. (STDOUT, APP/TASK/deploy)#
#2026 06 09 17:16:11.190#Z#DEBUG#baf41888-6426-11f1-957b-eeee0a88a796.syzygy-launchpad-db-deployer#flowable-async-job-executor-thread-1276#
[PollExecuteTaskStatusExecution] b9d5c410-b70a-4736-8fd4-85e30a4e529a [2026-06-09T17:16:06.611375] Collecting files... (STDOUT, APP/TASK/deploy)#
#2026 06 09 17:16:11.190#Z#DEBUG#baf41888-6426-11f1-957b-eeee0a88a796.syzygy-launchpad-db-deployer#flowable-async-job-executor-thread-1276#
[PollExecuteTaskStatusExecution] b9d5c410-b70a-4736-8fd4-85e30a4e529a [2026-06-09T17:16:06.613524] Collecting files... ok (0s 2ms) (STDOUT, APP/TASK/deploy)#
#2026 06 09 17:16:11.190#Z#DEBUG#baf41888-6426-11f1-957b-eeee0a88a796.syzygy-launchpad-db-deployer#flowable-async-job-executor-thread-1276#
[PollExecuteTaskStatusExecution] b9d5c410-b70a-4736-8fd4-85e30a4e529a [2026-06-09T17:16:06.613533] 2 directories collected (STDOUT, APP/TASK/deploy)#
#2026 06 09 17:16:11.190#Z#DEBUG#baf41888-6426-11f1-957b-eeee0a88a796.syzygy-launchpad-db-deployer#flowable-async-job-executor-thread-1276#
[PollExecuteTaskStatusExecution] b9d5c410-b70a-4736-8fd4-85e30a4e529a [2026-06-09T17:16:06.613535] 8 files collected (STDOUT, APP/TASK/deploy)#
#2026 06 09 17:16:11.190#Z#DEBUG#baf41888-6426-11f1-957b-eeee0a88a796.syzygy-launchpad-db-deployer#flowable-async-job-executor-thread-1276#
[PollExecuteTaskStatusExecution] b9d5c410-b70a-4736-8fd4-85e30a4e529a [2026-06-09T17:16:06.613537] 0 reusable modules collected (STDOUT, APP/TASK/deploy)#
#2026 06 09 17:16:11.190#Z#DEBUG#baf41888-6426-11f1-957b-eeee0a88a796.syzygy-launchpad-db-deployer#flowable-async-job-executor-thread-1276#
[PollExecuteTaskStatusExecution] b9d5c410-b70a-4736-8fd4-85e30a4e529a [2026-06-09T17:16:06.613545] Target service: syzygy-launchpad-db (STDOUT, APP/TASK/deploy)#
#2026 06 09 17:16:11.190#Z#DEBUG#baf41888-6426-11f1-957b-eeee0a88a796.syzygy-launchpad-db-deployer#flowable-async-job-executor-thread-1276#
[PollExecuteTaskStatusExecution] b9d5c410-b70a-4736-8fd4-85e30a4e529a [2026-06-09T17:16:06.747716] Previous build with request ID 2253 finished at 2026-06-01T17:16:28.143 with status Rolled back and message: Starting make in the container "103B889D6D454E6CA64DF4100AF11875" with 0 files to deploy, 0 files to undeploy... ok. (STDOUT, APP/TASK/deploy)#
#2026 06 09 17:16:11.190#Z#DEBUG#baf41888-6426-11f1-957b-eeee0a88a796.syzygy-launchpad-db-deployer#flowable-async-job-executor-thread-1276#
[PollExecuteTaskStatusExecution] b9d5c410-b70a-4736-8fd4-85e30a4e529a [2026-06-09T17:16:06.747756] Processing revoke files... (STDOUT, APP/TASK/deploy)#
#2026 06 09 17:16:11.190#Z#DEBUG#baf41888-6426-11f1-957b-eeee0a88a796.syzygy-launchpad-db-deployer#flowable-async-job-executor-thread-1276#
[PollExecuteTaskStatusExecution] b9d5c410-b70a-4736-8fd4-85e30a4e529a [2026-06-09T17:16:06.747912] Processing revoke files... ok (0s 0ms) (STDOUT, APP/TASK/deploy)#
#2026 06 09 17:16:11.190#Z#DEBUG#baf41888-6426-11f1-957b-eeee0a88a796.syzygy-launchpad-db-deployer#flowable-async-job-executor-thread-1276#
[PollExecuteTaskStatusExecution] b9d5c410-b70a-4736-8fd4-85e30a4e529a [2026-06-09T17:16:06.748007] Processing grants files... (STDOUT, APP/TASK/deploy)#
#2026 06 09 17:16:11.190#Z#DEBUG#baf41888-6426-11f1-957b-eeee0a88a796.syzygy-launchpad-db-deployer#flowable-async-job-executor-thread-1276#
[PollExecuteTaskStatusExecution] b9d5c410-b70a-4736-8fd4-85e30a4e529a [2026-06-09T17:16:06.748092] Processing grants files... ok (0s 0ms) (STDOUT, APP/TASK/deploy)#
#2026 06 09 17:16:11.190#Z#DEBUG#baf41888-6426-11f1-957b-eeee0a88a796.syzygy-launchpad-db-deployer#flowable-async-job-executor-thread-1276#
[PollExecuteTaskStatusExecution] b9d5c410-b70a-4736-8fd4-85e30a4e529a [2026-06-09T17:16:06.749965] Preprocessing files... (STDOUT, APP/TASK/deploy)#
#2026 06 09 17:16:11.190#Z#DEBUG#baf41888-6426-11f1-957b-eeee0a88a796.syzygy-launchpad-db-deployer#flowable-async-job-executor-thread-1276#
[PollExecuteTaskStatusExecution] b9d5c410-b70a-4736-8fd4-85e30a4e529a [2026-06-09T17:16:06.750213] Preprocessing files... ok (0s 0ms) (STDOUT, APP/TASK/deploy)#
#2026 06 09 17:16:11.190#Z#DEBUG#baf41888-6426-11f1-957b-eeee0a88a796.syzygy-launchpad-db-deployer#flowable-async-job-executor-thread-1276#
[PollExecuteTaskStatusExecution] b9d5c410-b70a-4736-8fd4-85e30a4e529a [2026-06-09T17:16:06.750286] Connecting to the container "103B889D6D454E6CA64DF4100AF11875"... (STDOUT, APP/TASK/deploy)#
#2026 06 09 17:16:11.190#Z#DEBUG#baf41888-6426-11f1-957b-eeee0a88a796.syzygy-launchpad-db-deployer#flowable-async-job-executor-thread-1276#
[PollExecuteTaskStatusExecution] b9d5c410-b70a-4736-8fd4-85e30a4e529a [2026-06-09T17:16:06.802814] Connecting to the container "103B889D6D454E6CA64DF4100AF11875"... ok (0s 52ms) (STDOUT, APP/TASK/deploy)#
#2026 06 09 17:16:11.190#Z#DEBUG#baf41888-6426-11f1-957b-eeee0a88a796.syzygy-launchpad-db-deployer#flowable-async-job-executor-thread-1276#
[PollExecuteTaskStatusExecution] b9d5c410-b70a-4736-8fd4-85e30a4e529a [2026-06-09T17:16:06.802834] Locking the container "103B889D6D454E6CA64DF4100AF11875"... (STDOUT, APP/TASK/deploy)#
#2026 06 09 17:16:11.190#Z#DEBUG#baf41888-6426-11f1-957b-eeee0a88a796.syzygy-launchpad-db-deployer#flowable-async-job-executor-thread-1276#
[PollExecuteTaskStatusExecution] b9d5c410-b70a-4736-8fd4-85e30a4e529a [2026-06-09T17:16:06.928001] Locking the container "103B889D6D454E6CA64DF4100AF11875"... ok (0s 125ms) (STDOUT, APP/TASK/deploy)#
#2026 06 09 17:16:11.190#Z#DEBUG#baf41888-6426-11f1-957b-eeee0a88a796.syzygy-launchpad-db-deployer#flowable-async-job-executor-thread-1276#
[PollExecuteTaskStatusExecution] b9d5c410-b70a-4736-8fd4-85e30a4e529a [2026-06-09T17:16:06.928036] Synchronizing files with the container "103B889D6D454E6CA64DF4100AF11875"... (STDOUT, APP/TASK/deploy)#
#2026 06 09 17:16:11.190#Z#DEBUG#baf41888-6426-11f1-957b-eeee0a88a796.syzygy-launchpad-db-deployer#flowable-async-job-executor-thread-1276#
[PollExecuteTaskStatusExecution] b9d5c410-b70a-4736-8fd4-85e30a4e529a [2026-06-09T17:16:07.088213] Deleting files... (STDOUT, APP/TASK/deploy)#
#2026 06 09 17:16:11.190#Z#DEBUG#baf41888-6426-11f1-957b-eeee0a88a796.syzygy-launchpad-db-deployer#flowable-async-job-executor-thread-1276#
[PollExecuteTaskStatusExecution] b9d5c410-b70a-4736-8fd4-85e30a4e529a [2026-06-09T17:16:07.208090] Deleting files... ok (STDOUT, APP/TASK/deploy)#
#2026 06 09 17:16:11.190#Z#DEBUG#baf41888-6426-11f1-957b-eeee0a88a796.syzygy-launchpad-db-deployer#flowable-async-job-executor-thread-1276#
[PollExecuteTaskStatusExecution] b9d5c410-b70a-4736-8fd4-85e30a4e529a [2026-06-09T17:16:07.208124] Writing files... (STDOUT, APP/TASK/deploy)#
#2026 06 09 17:16:11.190#Z#DEBUG#baf41888-6426-11f1-957b-eeee0a88a796.syzygy-launchpad-db-deployer#flowable-async-job-executor-thread-1276#
[PollExecuteTaskStatusExecution] b9d5c410-b70a-4736-8fd4-85e30a4e529a [2026-06-09T17:16:07.208150] Writing 2 items (STDOUT, APP/TASK/deploy)#
#2026 06 09 17:16:11.190#Z#DEBUG#baf41888-6426-11f1-957b-eeee0a88a796.syzygy-launchpad-db-deployer#flowable-async-job-executor-thread-1276#
[PollExecuteTaskStatusExecution] b9d5c410-b70a-4736-8fd4-85e30a4e529a [2026-06-09T17:16:07.343250] Writing files... ok (STDOUT, APP/TASK/deploy)#
#2026 06 09 17:16:11.190#Z#DEBUG#baf41888-6426-11f1-957b-eeee0a88a796.syzygy-launchpad-db-deployer#flowable-async-job-executor-thread-1276#
[PollExecuteTaskStatusExecution] b9d5c410-b70a-4736-8fd4-85e30a4e529a [2026-06-09T17:16:07.343280] Synchronizing files with the container "103B889D6D454E6CA64DF4100AF11875"... ok (0s 415ms) (STDOUT, APP/TASK/deploy)#
#2026 06 09 17:16:11.190#Z#DEBUG#baf41888-6426-11f1-957b-eeee0a88a796.syzygy-launchpad-db-deployer#flowable-async-job-executor-thread-1276#
[PollExecuteTaskStatusExecution] b9d5c410-b70a-4736-8fd4-85e30a4e529a [2026-06-09T17:16:07.343485] added files: [] (STDOUT, APP/TASK/deploy)#
#2026 06 09 17:16:11.190#Z#DEBUG#baf41888-6426-11f1-957b-eeee0a88a796.syzygy-launchpad-db-deployer#flowable-async-job-executor-thread-1276#
[PollExecuteTaskStatusExecution] b9d5c410-b70a-4736-8fd4-85e30a4e529a [2026-06-09T17:16:07.343508] modified files: [] (STDOUT, APP/TASK/deploy)#
#2026 06 09 17:16:11.190#Z#DEBUG#baf41888-6426-11f1-957b-eeee0a88a796.syzygy-launchpad-db-deployer#flowable-async-job-executor-thread-1276#
[PollExecuteTaskStatusExecution] b9d5c410-b70a-4736-8fd4-85e30a4e529a [2026-06-09T17:16:07.343513] deleted files: [] (STDOUT, APP/TASK/deploy)#
#2026 06 09 17:16:11.190#Z#DEBUG#baf41888-6426-11f1-957b-eeee0a88a796.syzygy-launchpad-db-deployer#flowable-async-job-executor-thread-1276#
[PollExecuteTaskStatusExecution] b9d5c410-b70a-4736-8fd4-85e30a4e529a [2026-06-09T17:16:07.343538] 0 modified or added files are scheduled for deploy based on delta detection (STDOUT, APP/TASK/deploy)#
#2026 06 09 17:16:11.190#Z#DEBUG#baf41888-6426-11f1-957b-eeee0a88a796.syzygy-launchpad-db-deployer#flowable-async-job-executor-thread-1276#
[PollExecuteTaskStatusExecution] b9d5c410-b70a-4736-8fd4-85e30a4e529a [2026-06-09T17:16:07.343759] 0 deleted files are scheduled for undeploy based on delta detection (filtered by undeploy allowlist) (STDOUT, APP/TASK/deploy)#
#2026 06 09 17:16:11.190#Z#DEBUG#baf41888-6426-11f1-957b-eeee0a88a796.syzygy-launchpad-db-deployer#flowable-async-job-executor-thread-1276#
[PollExecuteTaskStatusExecution] b9d5c410-b70a-4736-8fd4-85e30a4e529a [2026-06-09T17:16:07.343794] 0 files are scheduled for deploy based on explicit specification (STDOUT, APP/TASK/deploy)#
#2026 06 09 17:16:11.190#Z#DEBUG#baf41888-6426-11f1-957b-eeee0a88a796.syzygy-launchpad-db-deployer#flowable-async-job-executor-thread-1276#
[PollExecuteTaskStatusExecution] b9d5c410-b70a-4736-8fd4-85e30a4e529a [2026-06-09T17:16:07.343798] 0 files are scheduled for undeploy based on explicit specification (STDOUT, APP/TASK/deploy)#
#2026 06 09 17:16:11.190#Z#DEBUG#baf41888-6426-11f1-957b-eeee0a88a796.syzygy-launchpad-db-deployer#flowable-async-job-executor-thread-1276#
[PollExecuteTaskStatusExecution] b9d5c410-b70a-4736-8fd4-85e30a4e529a [2026-06-09T17:16:07.343805] Deploying to the container "103B889D6D454E6CA64DF4100AF11875"... (STDOUT, APP/TASK/deploy)#
#2026 06 09 17:16:11.190#Z#DEBUG#baf41888-6426-11f1-957b-eeee0a88a796.syzygy-launchpad-db-deployer#flowable-async-job-executor-thread-1276#
[PollExecuteTaskStatusExecution] b9d5c410-b70a-4736-8fd4-85e30a4e529a [2026-06-09T17:16:07.547021] Starting make in the container "103B889D6D454E6CA64DF4100AF11875" with 0 files to deploy, 0 files to undeploy... (STDOUT, APP/TASK/deploy)#
#2026 06 09 17:16:11.190#Z#DEBUG#baf41888-6426-11f1-957b-eeee0a88a796.syzygy-launchpad-db-deployer#flowable-async-job-executor-thread-1276#
[PollExecuteTaskStatusExecution] b9d5c410-b70a-4736-8fd4-85e30a4e529a [2026-06-09T17:16:07.547046] Disabling table replication for the container schema "103B889D6D454E6CA64DF4100AF11875"... (STDOUT, APP/TASK/deploy)#
#2026 06 09 17:16:11.190#Z#DEBUG#baf41888-6426-11f1-957b-eeee0a88a796.syzygy-launchpad-db-deployer#flowable-async-job-executor-thread-1276#
[PollExecuteTaskStatusExecution] b9d5c410-b70a-4736-8fd4-85e30a4e529a [2026-06-09T17:16:07.547051] Disabling table replication for the container schema "103B889D6D454E6CA64DF4100AF11875"... ok (0s 6ms) (STDOUT, APP/TASK/deploy)#
#2026 06 09 17:16:11.190#Z#DEBUG#baf41888-6426-11f1-957b-eeee0a88a796.syzygy-launchpad-db-deployer#flowable-async-job-executor-thread-1276#
[PollExecuteTaskStatusExecution] b9d5c410-b70a-4736-8fd4-85e30a4e529a [2026-06-09T17:16:07.547054] Migrating libraries... (STDOUT, APP/TASK/deploy)#
#2026 06 09 17:16:11.190#Z#DEBUG#baf41888-6426-11f1-957b-eeee0a88a796.syzygy-launchpad-db-deployer#flowable-async-job-executor-thread-1276#
[PollExecuteTaskStatusExecution] b9d5c410-b70a-4736-8fd4-85e30a4e529a [2026-06-09T17:16:07.547057] Migrating libraries... ok (0s 16ms) (STDOUT, APP/TASK/deploy)#
#2026 06 09 17:16:11.190#Z#DEBUG#baf41888-6426-11f1-957b-eeee0a88a796.syzygy-launchpad-db-deployer#flowable-async-job-executor-thread-1276#
[PollExecuteTaskStatusExecution] b9d5c410-b70a-4736-8fd4-85e30a4e529a [2026-06-09T17:16:07.547060] Making... (STDOUT, APP/TASK/deploy)#
#2026 06 09 17:16:11.190#Z#DEBUG#baf41888-6426-11f1-957b-eeee0a88a796.syzygy-launchpad-db-deployer#flowable-async-job-executor-thread-1276#
[PollExecuteTaskStatusExecution] b9d5c410-b70a-4736-8fd4-85e30a4e529a [2026-06-09T17:16:07.547084] Preparing... (STDOUT, APP/TASK/deploy)#
#2026 06 09 17:16:11.190#Z#DEBUG#baf41888-6426-11f1-957b-eeee0a88a796.syzygy-launchpad-db-deployer#flowable-async-job-executor-thread-1276#
[PollExecuteTaskStatusExecution] b9d5c410-b70a-4736-8fd4-85e30a4e529a [2026-06-09T17:16:07.547089] Preparing... ok (0s 0ms) (STDOUT, APP/TASK/deploy)#
#2026 06 09 17:16:11.190#Z#DEBUG#baf41888-6426-11f1-957b-eeee0a88a796.syzygy-launchpad-db-deployer#flowable-async-job-executor-thread-1276#
[PollExecuteTaskStatusExecution] b9d5c410-b70a-4736-8fd4-85e30a4e529a [2026-06-09T17:16:07.547093] No make necessary (STDOUT, APP/TASK/deploy)#
#2026 06 09 17:16:11.190#Z#DEBUG#baf41888-6426-11f1-957b-eeee0a88a796.syzygy-launchpad-db-deployer#flowable-async-job-executor-thread-1276#
[PollExecuteTaskStatusExecution] b9d5c410-b70a-4736-8fd4-85e30a4e529a [2026-06-09T17:16:07.547096] Making... ok (0s 18ms) (STDOUT, APP/TASK/deploy)#
#2026 06 09 17:16:11.190#Z#DEBUG#baf41888-6426-11f1-957b-eeee0a88a796.syzygy-launchpad-db-deployer#flowable-async-job-executor-thread-1276#
[PollExecuteTaskStatusExecution] b9d5c410-b70a-4736-8fd4-85e30a4e529a [2026-06-09T17:16:07.547104] Enabling table replication for the container schema "103B889D6D454E6CA64DF4100AF11875"... (STDOUT, APP/TASK/deploy)#
#2026 06 09 17:16:11.190#Z#DEBUG#baf41888-6426-11f1-957b-eeee0a88a796.syzygy-launchpad-db-deployer#flowable-async-job-executor-thread-1276#
[PollExecuteTaskStatusExecution] b9d5c410-b70a-4736-8fd4-85e30a4e529a [2026-06-09T17:16:07.547131] Enabling table replication for the container schema "103B889D6D454E6CA64DF4100AF11875"... ok (0s 7ms) (STDOUT, APP/TASK/deploy)#
#2026 06 09 17:16:11.190#Z#DEBUG#baf41888-6426-11f1-957b-eeee0a88a796.syzygy-launchpad-db-deployer#flowable-async-job-executor-thread-1276#
[PollExecuteTaskStatusExecution] b9d5c410-b70a-4736-8fd4-85e30a4e529a [2026-06-09T17:16:07.547133] Starting make in the container "103B889D6D454E6CA64DF4100AF11875" with 0 files to deploy, 0 files to undeploy... ok (0s 51ms) (STDOUT, APP/TASK/deploy)#
#2026 06 09 17:16:11.190#Z#DEBUG#baf41888-6426-11f1-957b-eeee0a88a796.syzygy-launchpad-db-deployer#flowable-async-job-executor-thread-1276#
[PollExecuteTaskStatusExecution] b9d5c410-b70a-4736-8fd4-85e30a4e529a [2026-06-09T17:16:07.547417] Deploying to the container "103B889D6D454E6CA64DF4100AF11875"... ok (0s 204ms) (STDOUT, APP/TASK/deploy)#
#2026 06 09 17:16:11.190#Z#DEBUG#baf41888-6426-11f1-957b-eeee0a88a796.syzygy-launchpad-db-deployer#flowable-async-job-executor-thread-1276#
[PollExecuteTaskStatusExecution] b9d5c410-b70a-4736-8fd4-85e30a4e529a [2026-06-09T17:16:07.547664] No default-access-role handling needed; global role "103B889D6D454E6CA64DF4100AF11875::access_role" will not be adapted (STDOUT, APP/TASK/deploy)#
#2026 06 09 17:16:11.190#Z#DEBUG#baf41888-6426-11f1-957b-eeee0a88a796.syzygy-launchpad-db-deployer#flowable-async-job-executor-thread-1276#
[PollExecuteTaskStatusExecution] b9d5c410-b70a-4736-8fd4-85e30a4e529a [2026-06-09T17:16:07.547733] Unlocking the container "103B889D6D454E6CA64DF4100AF11875"... (STDOUT, APP/TASK/deploy)#
#2026 06 09 17:16:11.190#Z#DEBUG#baf41888-6426-11f1-957b-eeee0a88a796.syzygy-launchpad-db-deployer#flowable-async-job-executor-thread-1276#
[PollExecuteTaskStatusExecution] b9d5c410-b70a-4736-8fd4-85e30a4e529a [2026-06-09T17:16:07.548005] Unlocking the container "103B889D6D454E6CA64DF4100AF11875"... ok (0s 0ms) (STDOUT, APP/TASK/deploy)#
#2026 06 09 17:16:11.190#Z#DEBUG#baf41888-6426-11f1-957b-eeee0a88a796.syzygy-launchpad-db-deployer#flowable-async-job-executor-thread-1276#
[PollExecuteTaskStatusExecution] b9d5c410-b70a-4736-8fd4-85e30a4e529a [2026-06-09T17:16:07.548113] Deployment to container 103B889D6D454E6CA64DF4100AF11875 done [Deployment ID: none]. (STDOUT, APP/TASK/deploy)#
#2026 06 09 17:16:11.190#Z#DEBUG#baf41888-6426-11f1-957b-eeee0a88a796.syzygy-launchpad-db-deployer#flowable-async-job-executor-thread-1276#
[PollExecuteTaskStatusExecution] b9d5c410-b70a-4736-8fd4-85e30a4e529a [2026-06-09T17:16:07.548533] Deployment ended at 2026-06-09 17:16:07 (STDOUT, APP/TASK/deploy)#
#2026 06 09 17:16:11.190#Z#DEBUG#baf41888-6426-11f1-957b-eeee0a88a796.syzygy-launchpad-db-deployer#flowable-async-job-executor-thread-1276#
[PollExecuteTaskStatusExecution] b9d5c410-b70a-4736-8fd4-85e30a4e529a [2026-06-09T17:16:07.548790] (1s 317ms) (STDOUT, APP/TASK/deploy)#
#2026 06 09 17:16:11.190#Z#DEBUG#baf41888-6426-11f1-957b-eeee0a88a796.syzygy-launchpad-db-deployer#flowable-async-job-executor-thread-1276#
[PollExecuteTaskStatusExecution] b9d5c410-b70a-4736-8fd4-85e30a4e529a [2026-06-09T17:16:07.558837] npm notice (STDERR, APP/TASK/deploy)#
#2026 06 09 17:16:11.190#Z#DEBUG#baf41888-6426-11f1-957b-eeee0a88a796.syzygy-launchpad-db-deployer#flowable-async-job-executor-thread-1276#
[PollExecuteTaskStatusExecution] b9d5c410-b70a-4736-8fd4-85e30a4e529a [2026-06-09T17:16:07.558850] npm notice New minor version of npm available! 11.6.2 -> 11.16.0 (STDERR, APP/TASK/deploy)#
#2026 06 09 17:16:11.190#Z#DEBUG#baf41888-6426-11f1-957b-eeee0a88a796.syzygy-launchpad-db-deployer#flowable-async-job-executor-thread-1276#
[PollExecuteTaskStatusExecution] b9d5c410-b70a-4736-8fd4-85e30a4e529a [2026-06-09T17:16:07.558853] npm notice Changelog: https://github.com/npm/cli/releases/tag/v11.16.0 (STDERR, APP/TASK/deploy)#
#2026 06 09 17:16:11.190#Z#DEBUG#baf41888-6426-11f1-957b-eeee0a88a796.syzygy-launchpad-db-deployer#flowable-async-job-executor-thread-1276#
[PollExecuteTaskStatusExecution] b9d5c410-b70a-4736-8fd4-85e30a4e529a [2026-06-09T17:16:07.558867] npm notice To update run: npm install -g npm@11.16.0 (STDERR, APP/TASK/deploy)#
#2026 06 09 17:16:11.190#Z#DEBUG#baf41888-6426-11f1-957b-eeee0a88a796.syzygy-launchpad-db-deployer#flowable-async-job-executor-thread-1276#
[PollExecuteTaskStatusExecution] b9d5c410-b70a-4736-8fd4-85e30a4e529a [2026-06-09T17:16:07.558872] npm notice (STDERR, APP/TASK/deploy)#
#2026 06 09 17:16:11.190#Z#DEBUG#baf41888-6426-11f1-957b-eeee0a88a796.syzygy-launchpad-db-deployer#flowable-async-job-executor-thread-1276#
[PollExecuteTaskStatusExecution] b9d5c410-b70a-4736-8fd4-85e30a4e529a [2026-06-09T17:16:07.614741] Exit status 0 (STDOUT, APP/TASK/deploy)#
#2026 06 09 17:16:11.190#Z#DEBUG#baf41888-6426-11f1-957b-eeee0a88a796.syzygy-launchpad-db-deployer#flowable-async-job-executor-thread-1276#
[PollExecuteTaskStatusExecution] b9d5c410-b70a-4736-8fd4-85e30a4e529a [2026-06-09T17:16:07.850505] Cell cefdac31-e0ff-490b-a2c5-6a3cdfb54163 stopping instance 613e7dc2-5d08-4cdb-a001-a9e7a2658ccf (STDOUT, CELL)#
#2026 06 09 17:16:11.190#Z#DEBUG#baf41888-6426-11f1-957b-eeee0a88a796.syzygy-launchpad-db-deployer#flowable-async-job-executor-thread-1276#
[PollExecuteTaskStatusExecution] b9d5c410-b70a-4736-8fd4-85e30a4e529a [2026-06-09T17:16:07.850551] Cell cefdac31-e0ff-490b-a2c5-6a3cdfb54163 destroying container for instance 613e7dc2-5d08-4cdb-a001-a9e7a2658ccf (STDOUT, CELL)#
#2026 06 09 17:16:11.190#Z#DEBUG#baf41888-6426-11f1-957b-eeee0a88a796.syzygy-launchpad-db-deployer#flowable-async-job-executor-thread-1276#
[PollExecuteTaskStatusExecution] b9d5c410-b70a-4736-8fd4-85e30a4e529a [2026-06-09T17:16:10.204004] Cell cefdac31-e0ff-490b-a2c5-6a3cdfb54163 successfully destroyed container for instance 613e7dc2-5d08-4cdb-a001-a9e7a2658ccf (STDOUT, CELL)#
