#2026 06 09 17:16:01.177#Z#DEBUG#baf41888-6426-11f1-957b-eeee0a88a796.syzygy-launchpad-srv#flowable-async-job-executor-thread-1267#
[PollStageAppStatusExecution] 4a08592f-4866-4b26-b401-1e811cd03e10 [2026-06-09T17:15:11.667162] Updated app with guid 4a08592f-4866-4b26-b401-1e811cd03e10 ({"lifecycle"=>{"data"=>{"buildpacks"=>["nodejs_buildpack"]}, "type"=>"buildpack"}}) (STDOUT, API)#
#2026 06 09 17:16:01.177#Z#DEBUG#baf41888-6426-11f1-957b-eeee0a88a796.syzygy-launchpad-srv#flowable-async-job-executor-thread-1267#
[PollStageAppStatusExecution] 4a08592f-4866-4b26-b401-1e811cd03e10 [2026-06-09T17:15:11.755870] Updating process: "web" (STDOUT, API)#
#2026 06 09 17:16:01.177#Z#DEBUG#baf41888-6426-11f1-957b-eeee0a88a796.syzygy-launchpad-srv#flowable-async-job-executor-thread-1267#
[PollStageAppStatusExecution] 4a08592f-4866-4b26-b401-1e811cd03e10 [2026-06-09T17:15:41.276423] Uploading app package for app with guid 4a08592f-4866-4b26-b401-1e811cd03e10 (STDOUT, API)#
#2026 06 09 17:16:01.177#Z#DEBUG#baf41888-6426-11f1-957b-eeee0a88a796.syzygy-launchpad-srv#flowable-async-job-executor-thread-1267#
[PollStageAppStatusExecution] 4a08592f-4866-4b26-b401-1e811cd03e10 [2026-06-09T17:15:41.457799] Updated app with guid 4a08592f-4866-4b26-b401-1e811cd03e10 ({"environment_variables"=>"[PRIVATE DATA HIDDEN]"}) (STDOUT, API)#
#2026 06 09 17:16:01.177#Z#DEBUG#baf41888-6426-11f1-957b-eeee0a88a796.syzygy-launchpad-srv#flowable-async-job-executor-thread-1267#
[PollStageAppStatusExecution] 4a08592f-4866-4b26-b401-1e811cd03e10 [2026-06-09T17:15:51.509624] Stopping app with guid 4a08592f-4866-4b26-b401-1e811cd03e10 (STDOUT, API)#
#2026 06 09 17:16:01.177#Z#DEBUG#baf41888-6426-11f1-957b-eeee0a88a796.syzygy-launchpad-srv#flowable-async-job-executor-thread-1267#
[PollStageAppStatusExecution] 4a08592f-4866-4b26-b401-1e811cd03e10 [2026-06-09T17:15:51.551310] Cell 60eb65b2-f222-4d60-b433-fd7ed1e35571 stopping instance 5b7ea10c-1a20-4720-52c2-1a7d (STDOUT, CELL)#
#2026 06 09 17:16:01.177#Z#DEBUG#baf41888-6426-11f1-957b-eeee0a88a796.syzygy-launchpad-srv#flowable-async-job-executor-thread-1267#
[PollStageAppStatusExecution] 4a08592f-4866-4b26-b401-1e811cd03e10 [2026-06-09T17:15:51.724938] Creating build for app with guid 4a08592f-4866-4b26-b401-1e811cd03e10 (STDOUT, API)#
#2026 06 09 17:16:01.177#Z#DEBUG#baf41888-6426-11f1-957b-eeee0a88a796.syzygy-launchpad-srv#flowable-async-job-executor-thread-1267#
[PollStageAppStatusExecution] 4a08592f-4866-4b26-b401-1e811cd03e10 [2026-06-09T17:15:52.048953] Downloading nodejs_buildpack... (STDOUT, STG)#
#2026 06 09 17:16:01.177#Z#DEBUG#baf41888-6426-11f1-957b-eeee0a88a796.syzygy-launchpad-srv#flowable-async-job-executor-thread-1267#
[PollStageAppStatusExecution] 4a08592f-4866-4b26-b401-1e811cd03e10 [2026-06-09T17:15:52.087449] Downloaded nodejs_buildpack (STDOUT, STG)#
#2026 06 09 17:16:01.177#Z#DEBUG#baf41888-6426-11f1-957b-eeee0a88a796.syzygy-launchpad-srv#flowable-async-job-executor-thread-1267#
[PollStageAppStatusExecution] 4a08592f-4866-4b26-b401-1e811cd03e10 [2026-06-09T17:15:52.087542] Cell 8a873e0d-7aa6-4d03-8111-766d1455856a creating container for instance d4a29ad0-332a-455d-89c7-75ca23df936a (STDOUT, STG)#
#2026 06 09 17:16:01.177#Z#DEBUG#baf41888-6426-11f1-957b-eeee0a88a796.syzygy-launchpad-srv#flowable-async-job-executor-thread-1267#
[PollStageAppStatusExecution] 4a08592f-4866-4b26-b401-1e811cd03e10 [2026-06-09T17:15:52.482717] Security group rules were updated (STDOUT, STG)#
#2026 06 09 17:16:01.177#Z#DEBUG#baf41888-6426-11f1-957b-eeee0a88a796.syzygy-launchpad-srv#flowable-async-job-executor-thread-1267#
[PollStageAppStatusExecution] 4a08592f-4866-4b26-b401-1e811cd03e10 [2026-06-09T17:15:52.559040] Cell 8a873e0d-7aa6-4d03-8111-766d1455856a successfully created container for instance d4a29ad0-332a-455d-89c7-75ca23df936a (STDOUT, STG)#
#2026 06 09 17:16:01.177#Z#DEBUG#baf41888-6426-11f1-957b-eeee0a88a796.syzygy-launchpad-srv#flowable-async-job-executor-thread-1267#
[PollStageAppStatusExecution] 4a08592f-4866-4b26-b401-1e811cd03e10 [2026-06-09T17:15:53.232199] Downloading app package... (STDOUT, STG)#
#2026 06 09 17:16:01.177#Z#DEBUG#baf41888-6426-11f1-957b-eeee0a88a796.syzygy-launchpad-srv#flowable-async-job-executor-thread-1267#
[PollStageAppStatusExecution] 4a08592f-4866-4b26-b401-1e811cd03e10 [2026-06-09T17:15:53.232243] Downloading build artifacts cache... (STDOUT, STG)#
#2026 06 09 17:16:01.177#Z#DEBUG#baf41888-6426-11f1-957b-eeee0a88a796.syzygy-launchpad-srv#flowable-async-job-executor-thread-1267#
[PollStageAppStatusExecution] 4a08592f-4866-4b26-b401-1e811cd03e10 [2026-06-09T17:15:53.339173] Downloaded build artifacts cache (225B) (STDOUT, STG)#
#2026 06 09 17:16:01.177#Z#DEBUG#baf41888-6426-11f1-957b-eeee0a88a796.syzygy-launchpad-srv#flowable-async-job-executor-thread-1267#
[PollStageAppStatusExecution] 4a08592f-4866-4b26-b401-1e811cd03e10 [2026-06-09T17:15:53.671935] Downloaded app package (4.5M) (STDOUT, STG)#
#2026 06 09 17:16:01.177#Z#DEBUG#baf41888-6426-11f1-957b-eeee0a88a796.syzygy-launchpad-srv#flowable-async-job-executor-thread-1267#
[PollStageAppStatusExecution] 4a08592f-4866-4b26-b401-1e811cd03e10 [2026-06-09T17:15:53.738488] -----> Nodejs Buildpack version 1.8.44 (STDOUT, STG)#
#2026 06 09 17:16:01.177#Z#DEBUG#baf41888-6426-11f1-957b-eeee0a88a796.syzygy-launchpad-srv#flowable-async-job-executor-thread-1267#
[PollStageAppStatusExecution] 4a08592f-4866-4b26-b401-1e811cd03e10 [2026-06-09T17:15:53.909389] -----> Bootstrapping python (STDOUT, STG)#
#2026 06 09 17:16:01.177#Z#DEBUG#baf41888-6426-11f1-957b-eeee0a88a796.syzygy-launchpad-srv#flowable-async-job-executor-thread-1267#
[PollStageAppStatusExecution] 4a08592f-4866-4b26-b401-1e811cd03e10 [2026-06-09T17:15:53.909409] -----> Installing python 3.11.14 (STDOUT, STG)#
#2026 06 09 17:16:01.177#Z#DEBUG#baf41888-6426-11f1-957b-eeee0a88a796.syzygy-launchpad-srv#flowable-async-job-executor-thread-1267#
[PollStageAppStatusExecution] 4a08592f-4866-4b26-b401-1e811cd03e10 [2026-06-09T17:15:53.909445] Copy [/tmp/buildpacks/bebd3a52ea6e985b/dependencies/b5e0345ae0ae1932e7d56fffaa49a487/python_3.11.14_linux_x64_cflinuxfs4_66f53248.tgz] (STDOUT, STG)#
#2026 06 09 17:16:01.177#Z#DEBUG#baf41888-6426-11f1-957b-eeee0a88a796.syzygy-launchpad-srv#flowable-async-job-executor-thread-1267#
[PollStageAppStatusExecution] 4a08592f-4866-4b26-b401-1e811cd03e10 [2026-06-09T17:15:56.861908] -----> Installing binaries (STDOUT, STG)#
#2026 06 09 17:16:01.177#Z#DEBUG#baf41888-6426-11f1-957b-eeee0a88a796.syzygy-launchpad-srv#flowable-async-job-executor-thread-1267#
[PollStageAppStatusExecution] 4a08592f-4866-4b26-b401-1e811cd03e10 [2026-06-09T17:15:56.861974] engines.node (package.json): >=20 (STDOUT, STG)#
#2026 06 09 17:16:01.177#Z#DEBUG#baf41888-6426-11f1-957b-eeee0a88a796.syzygy-launchpad-srv#flowable-async-job-executor-thread-1267#
[PollStageAppStatusExecution] 4a08592f-4866-4b26-b401-1e811cd03e10 [2026-06-09T17:15:56.861988] engines.npm (package.json): unspecified (use default) (STDOUT, STG)#
#2026 06 09 17:16:01.177#Z#DEBUG#baf41888-6426-11f1-957b-eeee0a88a796.syzygy-launchpad-srv#flowable-async-job-executor-thread-1267#
[PollStageAppStatusExecution] 4a08592f-4866-4b26-b401-1e811cd03e10 [2026-06-09T17:15:56.861997] [31;1m**WARNING**[0m Dangerous semver range (>) in engines.node. See: http://docs.cloudfoundry.org/buildpacks/node/node-tips.html (STDOUT, STG)#
#2026 06 09 17:16:01.177#Z#DEBUG#baf41888-6426-11f1-957b-eeee0a88a796.syzygy-launchpad-srv#flowable-async-job-executor-thread-1267#
[PollStageAppStatusExecution] 4a08592f-4866-4b26-b401-1e811cd03e10 [2026-06-09T17:15:56.862079] -----> Installing node 24.13.0 (STDOUT, STG)#
#2026 06 09 17:16:01.177#Z#DEBUG#baf41888-6426-11f1-957b-eeee0a88a796.syzygy-launchpad-srv#flowable-async-job-executor-thread-1267#
[PollStageAppStatusExecution] 4a08592f-4866-4b26-b401-1e811cd03e10 [2026-06-09T17:15:56.862153] Copy [/tmp/buildpacks/bebd3a52ea6e985b/dependencies/2f5692219fecc3eee6e6d507a6bfe7b9/node_24.13.0_linux_x64_cflinuxfs4_a816dee1.tgz] (STDOUT, STG)#
#2026 06 09 17:16:01.177#Z#DEBUG#baf41888-6426-11f1-957b-eeee0a88a796.syzygy-launchpad-srv#flowable-async-job-executor-thread-1267#
[PollStageAppStatusExecution] 4a08592f-4866-4b26-b401-1e811cd03e10 [2026-06-09T17:15:58.655390] Using default npm version: 11.6.2 (STDOUT, STG)#
#2026 06 09 17:16:01.177#Z#DEBUG#baf41888-6426-11f1-957b-eeee0a88a796.syzygy-launchpad-srv#flowable-async-job-executor-thread-1267#
[PollStageAppStatusExecution] 4a08592f-4866-4b26-b401-1e811cd03e10 [2026-06-09T17:15:58.655418] -----> Installing yarn 1.22.22 (STDOUT, STG)#
#2026 06 09 17:16:01.177#Z#DEBUG#baf41888-6426-11f1-957b-eeee0a88a796.syzygy-launchpad-srv#flowable-async-job-executor-thread-1267#
[PollStageAppStatusExecution] 4a08592f-4866-4b26-b401-1e811cd03e10 [2026-06-09T17:15:58.655555] Copy [/tmp/buildpacks/bebd3a52ea6e985b/dependencies/e3a39aedd1236924d69cc2d0637a8ed2/yarn_1.22.22_linux_noarch_any-stack_4911d0a6.tgz] (STDOUT, STG)#
#2026 06 09 17:16:01.177#Z#DEBUG#baf41888-6426-11f1-957b-eeee0a88a796.syzygy-launchpad-srv#flowable-async-job-executor-thread-1267#
[PollStageAppStatusExecution] 4a08592f-4866-4b26-b401-1e811cd03e10 [2026-06-09T17:15:58.914408] Installed yarn 1.22.22 (STDOUT, STG)#
#2026 06 09 17:16:01.177#Z#DEBUG#baf41888-6426-11f1-957b-eeee0a88a796.syzygy-launchpad-srv#flowable-async-job-executor-thread-1267#
[PollStageAppStatusExecution] 4a08592f-4866-4b26-b401-1e811cd03e10 [2026-06-09T17:15:58.914442] -----> Creating runtime environment (STDOUT, STG)#
#2026 06 09 17:16:01.177#Z#DEBUG#baf41888-6426-11f1-957b-eeee0a88a796.syzygy-launchpad-srv#flowable-async-job-executor-thread-1267#
[PollStageAppStatusExecution] 4a08592f-4866-4b26-b401-1e811cd03e10 [2026-06-09T17:15:58.916367] NODE_ENV=production (STDOUT, STG)#
#2026 06 09 17:16:01.177#Z#DEBUG#baf41888-6426-11f1-957b-eeee0a88a796.syzygy-launchpad-srv#flowable-async-job-executor-thread-1267#
[PollStageAppStatusExecution] 4a08592f-4866-4b26-b401-1e811cd03e10 [2026-06-09T17:15:58.916378] NODE_HOME=/tmp/contents3060717878/deps/0/node (STDOUT, STG)#
#2026 06 09 17:16:01.177#Z#DEBUG#baf41888-6426-11f1-957b-eeee0a88a796.syzygy-launchpad-srv#flowable-async-job-executor-thread-1267#
[PollStageAppStatusExecution] 4a08592f-4866-4b26-b401-1e811cd03e10 [2026-06-09T17:15:58.916380] NODE_MODULES_CACHE=true (STDOUT, STG)#
#2026 06 09 17:16:01.177#Z#DEBUG#baf41888-6426-11f1-957b-eeee0a88a796.syzygy-launchpad-srv#flowable-async-job-executor-thread-1267#
[PollStageAppStatusExecution] 4a08592f-4866-4b26-b401-1e811cd03e10 [2026-06-09T17:15:58.916382] NODE_VERBOSE=false (STDOUT, STG)#
#2026 06 09 17:16:01.177#Z#DEBUG#baf41888-6426-11f1-957b-eeee0a88a796.syzygy-launchpad-srv#flowable-async-job-executor-thread-1267#
[PollStageAppStatusExecution] 4a08592f-4866-4b26-b401-1e811cd03e10 [2026-06-09T17:15:58.916384] NPM_CONFIG_LOGLEVEL=error (STDOUT, STG)#
#2026 06 09 17:16:01.177#Z#DEBUG#baf41888-6426-11f1-957b-eeee0a88a796.syzygy-launchpad-srv#flowable-async-job-executor-thread-1267#
[PollStageAppStatusExecution] 4a08592f-4866-4b26-b401-1e811cd03e10 [2026-06-09T17:15:58.916386] NPM_CONFIG_PRODUCTION=true (STDOUT, STG)#
#2026 06 09 17:16:01.177#Z#DEBUG#baf41888-6426-11f1-957b-eeee0a88a796.syzygy-launchpad-srv#flowable-async-job-executor-thread-1267#
[PollStageAppStatusExecution] 4a08592f-4866-4b26-b401-1e811cd03e10 [2026-06-09T17:15:58.916414] -----> Building dependencies (STDOUT, STG)#
#2026 06 09 17:16:01.177#Z#DEBUG#baf41888-6426-11f1-957b-eeee0a88a796.syzygy-launchpad-srv#flowable-async-job-executor-thread-1267#
[PollStageAppStatusExecution] 4a08592f-4866-4b26-b401-1e811cd03e10 [2026-06-09T17:15:58.916425] Prebuild detected (node_modules already exists) (STDOUT, STG)#
#2026 06 09 17:16:01.177#Z#DEBUG#baf41888-6426-11f1-957b-eeee0a88a796.syzygy-launchpad-srv#flowable-async-job-executor-thread-1267#
[PollStageAppStatusExecution] 4a08592f-4866-4b26-b401-1e811cd03e10 [2026-06-09T17:15:58.916429] Rebuilding any native modules (STDOUT, STG)#
#2026 06 09 17:16:01.177#Z#DEBUG#baf41888-6426-11f1-957b-eeee0a88a796.syzygy-launchpad-srv#flowable-async-job-executor-thread-1267#
[PollStageAppStatusExecution] 4a08592f-4866-4b26-b401-1e811cd03e10 [2026-06-09T17:15:59.425838] rebuilt dependencies successfully (STDOUT, STG)#
#2026 06 09 17:16:01.177#Z#DEBUG#baf41888-6426-11f1-957b-eeee0a88a796.syzygy-launchpad-srv#flowable-async-job-executor-thread-1267#
[PollStageAppStatusExecution] 4a08592f-4866-4b26-b401-1e811cd03e10 [2026-06-09T17:15:59.481784] Installing any new modules (package.json + package-lock.json) (STDOUT, STG)#
#2026 06 09 17:16:01.177#Z#DEBUG#baf41888-6426-11f1-957b-eeee0a88a796.syzygy-launchpad-srv#flowable-async-job-executor-thread-1267#
[PollStageAppStatusExecution] 4a08592f-4866-4b26-b401-1e811cd03e10 [2026-06-09T17:16:00.027920] up to date in 488ms (STDOUT, STG)#
#2026 06 09 17:16:01.177#Z#DEBUG#baf41888-6426-11f1-957b-eeee0a88a796.syzygy-launchpad-srv#flowable-async-job-executor-thread-1267#
[PollStageAppStatusExecution] 4a08592f-4866-4b26-b401-1e811cd03e10 [2026-06-09T17:16:00.028164] 19 packages are looking for funding (STDOUT, STG)#
#2026 06 09 17:16:01.177#Z#DEBUG#baf41888-6426-11f1-957b-eeee0a88a796.syzygy-launchpad-srv#flowable-async-job-executor-thread-1267#
[PollStageAppStatusExecution] 4a08592f-4866-4b26-b401-1e811cd03e10 [2026-06-09T17:16:00.028304] run `npm fund` for details (STDOUT, STG)#
#2026 06 09 17:16:01.177#Z#DEBUG#baf41888-6426-11f1-957b-eeee0a88a796.syzygy-launchpad-srv#flowable-async-job-executor-thread-1267#
[PollStageAppStatusExecution] 4a08592f-4866-4b26-b401-1e811cd03e10 [2026-06-09T17:16:00.597479] Contrast Security no credentials found. Will not write environment files. (STDOUT, STG)#
#2026 06 09 17:16:11.198#Z#DEBUG#baf41888-6426-11f1-957b-eeee0a88a796.syzygy-launchpad-srv#flowable-async-job-executor-thread-1275#
[PollStageAppStatusExecution] 4a08592f-4866-4b26-b401-1e811cd03e10 [2026-06-09T17:16:08.584512] Exit status 0 (STDOUT, STG)#
#2026 06 09 17:16:11.198#Z#DEBUG#baf41888-6426-11f1-957b-eeee0a88a796.syzygy-launchpad-srv#flowable-async-job-executor-thread-1275#
[PollStageAppStatusExecution] 4a08592f-4866-4b26-b401-1e811cd03e10 [2026-06-09T17:16:08.584556] Uploading droplet, build artifacts cache... (STDOUT, STG)#
#2026 06 09 17:16:11.198#Z#DEBUG#baf41888-6426-11f1-957b-eeee0a88a796.syzygy-launchpad-srv#flowable-async-job-executor-thread-1275#
[PollStageAppStatusExecution] 4a08592f-4866-4b26-b401-1e811cd03e10 [2026-06-09T17:16:08.584595] Uploading droplet... (STDOUT, STG)#
#2026 06 09 17:16:11.198#Z#DEBUG#baf41888-6426-11f1-957b-eeee0a88a796.syzygy-launchpad-srv#flowable-async-job-executor-thread-1275#
[PollStageAppStatusExecution] 4a08592f-4866-4b26-b401-1e811cd03e10 [2026-06-09T17:16:08.584603] Uploading build artifacts cache... (STDOUT, STG)#
#2026 06 09 17:16:11.198#Z#DEBUG#baf41888-6426-11f1-957b-eeee0a88a796.syzygy-launchpad-srv#flowable-async-job-executor-thread-1275#
[PollStageAppStatusExecution] 4a08592f-4866-4b26-b401-1e811cd03e10 [2026-06-09T17:16:08.600043] Uploaded build artifacts cache (227B) (STDOUT, STG)#
#2026 06 09 17:16:11.198#Z#DEBUG#baf41888-6426-11f1-957b-eeee0a88a796.syzygy-launchpad-srv#flowable-async-job-executor-thread-1275#
[PollStageAppStatusExecution] 4a08592f-4866-4b26-b401-1e811cd03e10 [2026-06-09T17:16:09.149492] Creating droplet for app with guid 4a08592f-4866-4b26-b401-1e811cd03e10 (STDOUT, API)#
#2026 06 09 17:16:21.281#Z#DEBUG#baf41888-6426-11f1-957b-eeee0a88a796.syzygy-launchpad-srv#flowable-async-job-executor-thread-1284#
[PollStageAppStatusExecution] 4a08592f-4866-4b26-b401-1e811cd03e10 [2026-06-09T17:16:13.214061] Uploaded droplet (60M) (STDOUT, STG)#
#2026 06 09 17:16:21.281#Z#DEBUG#baf41888-6426-11f1-957b-eeee0a88a796.syzygy-launchpad-srv#flowable-async-job-executor-thread-1284#
[PollStageAppStatusExecution] 4a08592f-4866-4b26-b401-1e811cd03e10 [2026-06-09T17:16:13.228709] Uploading complete (STDOUT, STG)#
#2026 06 09 17:16:21.281#Z#DEBUG#baf41888-6426-11f1-957b-eeee0a88a796.syzygy-launchpad-srv#flowable-async-job-executor-thread-1284#
[PollStageAppStatusExecution] 4a08592f-4866-4b26-b401-1e811cd03e10 [2026-06-09T17:16:13.621804] Cell 8a873e0d-7aa6-4d03-8111-766d1455856a stopping instance d4a29ad0-332a-455d-89c7-75ca23df936a (STDOUT, STG)#
#2026 06 09 17:16:21.281#Z#DEBUG#baf41888-6426-11f1-957b-eeee0a88a796.syzygy-launchpad-srv#flowable-async-job-executor-thread-1284#
[PollStageAppStatusExecution] 4a08592f-4866-4b26-b401-1e811cd03e10 [2026-06-09T17:16:13.621845] Cell 8a873e0d-7aa6-4d03-8111-766d1455856a destroying container for instance d4a29ad0-332a-455d-89c7-75ca23df936a (STDOUT, STG)#
#2026 06 09 17:16:21.281#Z#DEBUG#baf41888-6426-11f1-957b-eeee0a88a796.syzygy-launchpad-srv#flowable-async-job-executor-thread-1284#
[PollStageAppStatusExecution] 4a08592f-4866-4b26-b401-1e811cd03e10 [2026-06-09T17:16:13.668762] Staging complete for build d4a29ad0-332a-455d-89c7-75ca23df936a (STDOUT, API)#
#2026 06 09 17:16:21.281#Z#DEBUG#baf41888-6426-11f1-957b-eeee0a88a796.syzygy-launchpad-srv#flowable-async-job-executor-thread-1284#
[PollStageAppStatusExecution] 4a08592f-4866-4b26-b401-1e811cd03e10 [2026-06-09T17:16:17.105169] Cell 8a873e0d-7aa6-4d03-8111-766d1455856a successfully destroyed container for instance d4a29ad0-332a-455d-89c7-75ca23df936a (STDOUT, STG)#
#2026 06 09 17:16:31.254#Z#DEBUG#baf41888-6426-11f1-957b-eeee0a88a796.syzygy-launchpad-srv#flowable-async-job-executor-thread-1293#
[PollStartAppStatusExecution] 4a08592f-4866-4b26-b401-1e811cd03e10 [2026-06-09T17:16:21.351580] Updated app with guid 4a08592f-4866-4b26-b401-1e811cd03e10 ({:droplet_guid=>"bdd0d5ed-c32c-469e-af8a-77b2c0912e48"}) (STDOUT, API)#
#2026 06 09 17:16:31.254#Z#DEBUG#baf41888-6426-11f1-957b-eeee0a88a796.syzygy-launchpad-srv#flowable-async-job-executor-thread-1293#
[PollStartAppStatusExecution] 4a08592f-4866-4b26-b401-1e811cd03e10 [2026-06-09T17:16:21.600712] Creating revision for app with guid 4a08592f-4866-4b26-b401-1e811cd03e10 (STDOUT, API)#
#2026 06 09 17:16:31.254#Z#DEBUG#baf41888-6426-11f1-957b-eeee0a88a796.syzygy-launchpad-srv#flowable-async-job-executor-thread-1293#
[PollStartAppStatusExecution] 4a08592f-4866-4b26-b401-1e811cd03e10 [2026-06-09T17:16:21.645861] Starting app with guid 4a08592f-4866-4b26-b401-1e811cd03e10 (STDOUT, API)#
#2026 06 09 17:16:31.254#Z#DEBUG#baf41888-6426-11f1-957b-eeee0a88a796.syzygy-launchpad-srv#flowable-async-job-executor-thread-1293#
[PollStartAppStatusExecution] 4a08592f-4866-4b26-b401-1e811cd03e10 [2026-06-09T17:16:21.816043] Cell badfc5c9-25dd-4b40-ad1e-4cbbd8c61108 creating container for instance a89c2602-3d80-432e-655d-d6d9 (STDOUT, CELL)#
#2026 06 09 17:16:31.254#Z#DEBUG#baf41888-6426-11f1-957b-eeee0a88a796.syzygy-launchpad-srv#flowable-async-job-executor-thread-1293#
[PollStartAppStatusExecution] 4a08592f-4866-4b26-b401-1e811cd03e10 [2026-06-09T17:16:22.240952] Security group rules were updated (STDOUT, CELL)#
#2026 06 09 17:16:31.254#Z#DEBUG#baf41888-6426-11f1-957b-eeee0a88a796.syzygy-launchpad-srv#flowable-async-job-executor-thread-1293#
[PollStartAppStatusExecution] 4a08592f-4866-4b26-b401-1e811cd03e10 [2026-06-09T17:16:22.316848] Cell badfc5c9-25dd-4b40-ad1e-4cbbd8c61108 successfully created container for instance a89c2602-3d80-432e-655d-d6d9 (STDOUT, CELL)#
#2026 06 09 17:16:31.254#Z#DEBUG#baf41888-6426-11f1-957b-eeee0a88a796.syzygy-launchpad-srv#flowable-async-job-executor-thread-1293#
[PollStartAppStatusExecution] 4a08592f-4866-4b26-b401-1e811cd03e10 [2026-06-09T17:16:22.793545] Downloading droplet... (STDOUT, CELL)#
#2026 06 09 17:16:31.254#Z#DEBUG#baf41888-6426-11f1-957b-eeee0a88a796.syzygy-launchpad-srv#flowable-async-job-executor-thread-1293#
[PollStartAppStatusExecution] 4a08592f-4866-4b26-b401-1e811cd03e10 [2026-06-09T17:16:26.373018] Downloaded droplet (60M) (STDOUT, CELL)#
#2026 06 09 17:16:31.254#Z#DEBUG#baf41888-6426-11f1-957b-eeee0a88a796.syzygy-launchpad-srv#flowable-async-job-executor-thread-1293#
[PollStartAppStatusExecution] 4a08592f-4866-4b26-b401-1e811cd03e10 [2026-06-09T17:16:26.373184] Starting health monitoring of container (STDOUT, CELL)#
#2026 06 09 17:16:31.254#Z#DEBUG#baf41888-6426-11f1-957b-eeee0a88a796.syzygy-launchpad-srv#flowable-async-job-executor-thread-1293#
[PollStartAppStatusExecution] 4a08592f-4866-4b26-b401-1e811cd03e10 [2026-06-09T17:16:26.443544] Invoking pre-start scripts. (STDOUT, APP/PROC/WEB)#
#2026 06 09 17:16:31.254#Z#DEBUG#baf41888-6426-11f1-957b-eeee0a88a796.syzygy-launchpad-srv#flowable-async-job-executor-thread-1293#
[PollStartAppStatusExecution] 4a08592f-4866-4b26-b401-1e811cd03e10 [2026-06-09T17:16:26.599706] Invoking start command. (STDOUT, APP/PROC/WEB)#
#2026 06 09 17:16:31.254#Z#DEBUG#baf41888-6426-11f1-957b-eeee0a88a796.syzygy-launchpad-srv#flowable-async-job-executor-thread-1293#
[PollStartAppStatusExecution] 4a08592f-4866-4b26-b401-1e811cd03e10 [2026-06-09T17:16:26.910008] > syzygy-launchpad@1.0.0 start (STDOUT, APP/PROC/WEB)#
#2026 06 09 17:16:31.254#Z#DEBUG#baf41888-6426-11f1-957b-eeee0a88a796.syzygy-launchpad-srv#flowable-async-job-executor-thread-1293#
[PollStartAppStatusExecution] 4a08592f-4866-4b26-b401-1e811cd03e10 [2026-06-09T17:16:26.910031] > cds-serve (STDOUT, APP/PROC/WEB)#
#2026 06 09 17:16:31.254#Z#DEBUG#baf41888-6426-11f1-957b-eeee0a88a796.syzygy-launchpad-srv#flowable-async-job-executor-thread-1293#
[PollStartAppStatusExecution] 4a08592f-4866-4b26-b401-1e811cd03e10 [2026-06-09T17:16:27.144598] {"level":"info","logger":"cds","timestamp":"2026-06-09T17:16:27.143Z","layer":"cds","component_type":"application","container_id":"10.36.129.6","component_id":"4a08592f-4866-4b26-b401-1e811cd03e10","component_name":"syzygy-launchpad-srv","component_instance":0,"source_instance":0,"organization_name":"SyzygySPMOrg","organization_id":"263a8372-56ff-4141-bf6c-4b0816c50bb7","space_name":"SyzygyDev","space_id":"429e34b0-0709-4106-bbc6-9d8aa0b33314","msg":"loaded model from 1 file(s):\n ","type":"log"} (STDOUT, APP/PROC/WEB)#
#2026 06 09 17:16:31.254#Z#DEBUG#baf41888-6426-11f1-957b-eeee0a88a796.syzygy-launchpad-srv#flowable-async-job-executor-thread-1293#
[PollStartAppStatusExecution] 4a08592f-4866-4b26-b401-1e811cd03e10 [2026-06-09T17:16:27.144945] srv/csn.json (STDOUT, APP/PROC/WEB)#
#2026 06 09 17:16:31.254#Z#DEBUG#baf41888-6426-11f1-957b-eeee0a88a796.syzygy-launchpad-srv#flowable-async-job-executor-thread-1293#
[PollStartAppStatusExecution] 4a08592f-4866-4b26-b401-1e811cd03e10 [2026-06-09T17:16:27.309705] {"level":"info","logger":"cds","timestamp":"2026-06-09T17:16:27.308Z","layer":"cds","component_type":"application","container_id":"10.36.129.6","component_id":"4a08592f-4866-4b26-b401-1e811cd03e10","component_name":"syzygy-launchpad-srv","component_instance":0,"source_instance":0,"organization_name":"SyzygySPMOrg","organization_id":"263a8372-56ff-4141-bf6c-4b0816c50bb7","space_name":"SyzygyDev","space_id":"429e34b0-0709-4106-bbc6-9d8aa0b33314","msg":"connect to db > hana {\n  database_id: '2fc3b547-b2fa-41d7-9e5c-3b1d954ab9f2',\n  host: '2fc3b547-b2fa-41d7-9e5c-3b1d954ab9f2.hana.aws.hc-us11.hanacloud.ondemand.com',\n  port: '443',\n  driver: 'com.sap.db.jdbc.Driver',\n  url: 'jdbc:sap://2fc3b547-b2fa-41d7-9e5c-3b1d954ab9f2.hana.aws.hc-us11.hanacloud.ondemand.com:443?encrypt=true&validateCertificate=true&currentschema=103B889D6D454E6CA64DF4100AF11875',\n  schema: '103B889D6D454E6CA64DF4100AF11875',\n  certificate: '...',\n  hdi_user: '103B889D6D454E6CA64DF4100AF11875_E7VZ4196FZDUHRQN6OXOD3QD7_DT',\n  hdi_password: '...',\n  user: '103B889D6D454E6CA64DF4100AF11875_E7VZ4196FZDUHRQN6OXOD3QD7_RT',\n  password: '...'\n}","type":"log"} (STDOUT, APP/PROC/WEB)#
#2026 06 09 17:16:31.254#Z#DEBUG#baf41888-6426-11f1-957b-eeee0a88a796.syzygy-launchpad-srv#flowable-async-job-executor-thread-1293#
[PollStartAppStatusExecution] 4a08592f-4866-4b26-b401-1e811cd03e10 [2026-06-09T17:16:27.334625] {"level":"info","logger":"cds","timestamp":"2026-06-09T17:16:27.334Z","layer":"cds","component_type":"application","container_id":"10.36.129.6","component_id":"4a08592f-4866-4b26-b401-1e811cd03e10","component_name":"syzygy-launchpad-srv","component_instance":0,"source_instance":0,"organization_name":"SyzygySPMOrg","organization_id":"263a8372-56ff-4141-bf6c-4b0816c50bb7","space_name":"SyzygyDev","space_id":"429e34b0-0709-4106-bbc6-9d8aa0b33314","msg":"using auth strategy { kind: 'xsuaa' }","type":"log"} (STDOUT, APP/PROC/WEB)#
#2026 06 09 17:16:31.254#Z#DEBUG#baf41888-6426-11f1-957b-eeee0a88a796.syzygy-launchpad-srv#flowable-async-job-executor-thread-1293#
[PollStartAppStatusExecution] 4a08592f-4866-4b26-b401-1e811cd03e10 [2026-06-09T17:16:27.376385] {"level":"info","logger":"cds","timestamp":"2026-06-09T17:16:27.376Z","layer":"cds","component_type":"application","container_id":"10.36.129.6","component_id":"4a08592f-4866-4b26-b401-1e811cd03e10","component_name":"syzygy-launchpad-srv","component_instance":0,"source_instance":0,"organization_name":"SyzygySPMOrg","organization_id":"263a8372-56ff-4141-bf6c-4b0816c50bb7","space_name":"SyzygyDev","space_id":"429e34b0-0709-4106-bbc6-9d8aa0b33314","msg":"serving AdminService {\n  at: [ '/odata/v4/admin' ],\n  decl: 'srv/csn.json:239',\n  impl: 'srv/admin-service.js'\n}","type":"log"} (STDOUT, APP/PROC/WEB)#
#2026 06 09 17:16:31.254#Z#DEBUG#baf41888-6426-11f1-957b-eeee0a88a796.syzygy-launchpad-srv#flowable-async-job-executor-thread-1293#
[PollStartAppStatusExecution] 4a08592f-4866-4b26-b401-1e811cd03e10 [2026-06-09T17:16:27.376764] {"level":"info","logger":"cds","timestamp":"2026-06-09T17:16:27.376Z","layer":"cds","component_type":"application","container_id":"10.36.129.6","component_id":"4a08592f-4866-4b26-b401-1e811cd03e10","component_name":"syzygy-launchpad-srv","component_instance":0,"source_instance":0,"organization_name":"SyzygySPMOrg","organization_id":"263a8372-56ff-4141-bf6c-4b0816c50bb7","space_name":"SyzygyDev","space_id":"429e34b0-0709-4106-bbc6-9d8aa0b33314","msg":"serving LaunchpadService {\n  at: [ '/odata/v4/launchpad' ],\n  decl: 'srv/csn.json:727',\n  impl: 'srv/launchpad-service.js'\n}","type":"log"} (STDOUT, APP/PROC/WEB)#
#2026 06 09 17:16:31.254#Z#DEBUG#baf41888-6426-11f1-957b-eeee0a88a796.syzygy-launchpad-srv#flowable-async-job-executor-thread-1293#
[PollStartAppStatusExecution] 4a08592f-4866-4b26-b401-1e811cd03e10 [2026-06-09T17:16:27.477404] [launchpad] DB pool warmed up (STDOUT, APP/PROC/WEB)#
#2026 06 09 17:16:31.254#Z#DEBUG#baf41888-6426-11f1-957b-eeee0a88a796.syzygy-launchpad-srv#flowable-async-job-executor-thread-1293#
[PollStartAppStatusExecution] 4a08592f-4866-4b26-b401-1e811cd03e10 [2026-06-09T17:16:27.498345] {"level":"info","logger":"cds","timestamp":"2026-06-09T17:16:27.497Z","layer":"cds","component_type":"application","container_id":"10.36.129.6","component_id":"4a08592f-4866-4b26-b401-1e811cd03e10","component_name":"syzygy-launchpad-srv","component_instance":0,"source_instance":0,"organization_name":"SyzygySPMOrg","organization_id":"263a8372-56ff-4141-bf6c-4b0816c50bb7","space_name":"SyzygyDev","space_id":"429e34b0-0709-4106-bbc6-9d8aa0b33314","msg":"server listening on { url: 'http://localhost:8080' }","type":"log"} (STDOUT, APP/PROC/WEB)#
#2026 06 09 17:16:31.254#Z#DEBUG#baf41888-6426-11f1-957b-eeee0a88a796.syzygy-launchpad-srv#flowable-async-job-executor-thread-1293#
[PollStartAppStatusExecution] 4a08592f-4866-4b26-b401-1e811cd03e10 [2026-06-09T17:16:27.499198] {"level":"info","logger":"cds","timestamp":"2026-06-09T17:16:27.499Z","layer":"cds","component_type":"application","container_id":"10.36.129.6","component_id":"4a08592f-4866-4b26-b401-1e811cd03e10","component_name":"syzygy-launchpad-srv","component_instance":0,"source_instance":0,"organization_name":"SyzygySPMOrg","organization_id":"263a8372-56ff-4141-bf6c-4b0816c50bb7","space_name":"SyzygyDev","space_id":"429e34b0-0709-4106-bbc6-9d8aa0b33314","msg":"server v9.9.0 launched in 580 ms","type":"log"} (STDOUT, APP/PROC/WEB)#
#2026 06 09 17:16:31.254#Z#DEBUG#baf41888-6426-11f1-957b-eeee0a88a796.syzygy-launchpad-srv#flowable-async-job-executor-thread-1293#
[PollStartAppStatusExecution] 4a08592f-4866-4b26-b401-1e811cd03e10 [2026-06-09T17:16:29.606147] Container became healthy (STDOUT, CELL)#
#2026 06 09 17:16:31.254#Z#DEBUG#baf41888-6426-11f1-957b-eeee0a88a796.syzygy-launchpad-srv#flowable-async-job-executor-thread-1293#
[PollStartAppStatusExecution] 4a08592f-4866-4b26-b401-1e811cd03e10 [2026-06-09T17:16:29.627534] Process became ready with guid 4a08592f-4866-4b26-b401-1e811cd03e10 payload: {"instance"=>"a89c2602-3d80-432e-655d-d6d9", "index"=>0, "cell_id"=>"badfc5c9-25dd-4b40-ad1e-4cbbd8c61108", "ready"=>true, "version"=>"351f5dac-85ca-426c-90c1-ed2057d72f93"} (STDOUT, API)#
